Archive member included to satisfy reference by file (symbol)

D:/stm32/config/arm-gnu-toolchain-14.3/bin/../lib/gcc/arm-none-eabi/14.3.1/../../../../arm-none-eabi/lib/thumb/v6-m/nofp\libm.a(libm_a-s_cos.o)
                              CMakeFiles/Butterfly_v3.dir/application/butterfly.c.obj (cos)
D:/stm32/config/arm-gnu-toolchain-14.3/bin/../lib/gcc/arm-none-eabi/14.3.1/../../../../arm-none-eabi/lib/thumb/v6-m/nofp\libm.a(libm_a-s_sin.o)
                              CMakeFiles/Butterfly_v3.dir/application/butterfly.c.obj (sin)
D:/stm32/config/arm-gnu-toolchain-14.3/bin/../lib/gcc/arm-none-eabi/14.3.1/../../../../arm-none-eabi/lib/thumb/v6-m/nofp\libm.a(libm_a-k_cos.o)
                              D:/stm32/config/arm-gnu-toolchain-14.3/bin/../lib/gcc/arm-none-eabi/14.3.1/../../../../arm-none-eabi/lib/thumb/v6-m/nofp\libm.a(libm_a-s_cos.o) (__kernel_cos)
D:/stm32/config/arm-gnu-toolchain-14.3/bin/../lib/gcc/arm-none-eabi/14.3.1/../../../../arm-none-eabi/lib/thumb/v6-m/nofp\libm.a(libm_a-k_sin.o)
                              D:/stm32/config/arm-gnu-toolchain-14.3/bin/../lib/gcc/arm-none-eabi/14.3.1/../../../../arm-none-eabi/lib/thumb/v6-m/nofp\libm.a(libm_a-s_cos.o) (__kernel_sin)
D:/stm32/config/arm-gnu-toolchain-14.3/bin/../lib/gcc/arm-none-eabi/14.3.1/../../../../arm-none-eabi/lib/thumb/v6-m/nofp\libm.a(libm_a-e_rem_pio2.o)
                              D:/stm32/config/arm-gnu-toolchain-14.3/bin/../lib/gcc/arm-none-eabi/14.3.1/../../../../arm-none-eabi/lib/thumb/v6-m/nofp\libm.a(libm_a-s_cos.o) (__ieee754_rem_pio2)
D:/stm32/config/arm-gnu-toolchain-14.3/bin/../lib/gcc/arm-none-eabi/14.3.1/../../../../arm-none-eabi/lib/thumb/v6-m/nofp\libm.a(libm_a-s_fabs.o)
                              D:/stm32/config/arm-gnu-toolchain-14.3/bin/../lib/gcc/arm-none-eabi/14.3.1/../../../../arm-none-eabi/lib/thumb/v6-m/nofp\libm.a(libm_a-e_rem_pio2.o) (fabs)
D:/stm32/config/arm-gnu-toolchain-14.3/bin/../lib/gcc/arm-none-eabi/14.3.1/../../../../arm-none-eabi/lib/thumb/v6-m/nofp\libm.a(libm_a-k_rem_pio2.o)
                              D:/stm32/config/arm-gnu-toolchain-14.3/bin/../lib/gcc/arm-none-eabi/14.3.1/../../../../arm-none-eabi/lib/thumb/v6-m/nofp\libm.a(libm_a-e_rem_pio2.o) (__kernel_rem_pio2)
D:/stm32/config/arm-gnu-toolchain-14.3/bin/../lib/gcc/arm-none-eabi/14.3.1/../../../../arm-none-eabi/lib/thumb/v6-m/nofp\libm.a(libm_a-s_scalbn.o)
                              D:/stm32/config/arm-gnu-toolchain-14.3/bin/../lib/gcc/arm-none-eabi/14.3.1/../../../../arm-none-eabi/lib/thumb/v6-m/nofp\libm.a(libm_a-k_rem_pio2.o) (scalbn)
D:/stm32/config/arm-gnu-toolchain-14.3/bin/../lib/gcc/arm-none-eabi/14.3.1/../../../../arm-none-eabi/lib/thumb/v6-m/nofp\libm.a(libm_a-s_floor.o)
                              D:/stm32/config/arm-gnu-toolchain-14.3/bin/../lib/gcc/arm-none-eabi/14.3.1/../../../../arm-none-eabi/lib/thumb/v6-m/nofp\libm.a(libm_a-k_rem_pio2.o) (floor)
D:/stm32/config/arm-gnu-toolchain-14.3/bin/../lib/gcc/arm-none-eabi/14.3.1/thumb/v6-m/nofp\libgcc.a(_udivsi3.o)
                              cmake/stm32cubemx/CMakeFiles/STM32_Drivers.dir/__/__/Core/Src/system_stm32g0xx.c.obj (__aeabi_uidiv)
D:/stm32/config/arm-gnu-toolchain-14.3/bin/../lib/gcc/arm-none-eabi/14.3.1/thumb/v6-m/nofp\libgcc.a(_divsi3.o)
                              cmake/stm32cubemx/CMakeFiles/STM32_Drivers.dir/__/__/Drivers/STM32G0xx_HAL_Driver/Src/stm32g0xx_hal_uart_ex.c.obj (__aeabi_idiv)
D:/stm32/config/arm-gnu-toolchain-14.3/bin/../lib/gcc/arm-none-eabi/14.3.1/thumb/v6-m/nofp\libgcc.a(_dvmd_tls.o)
                              D:/stm32/config/arm-gnu-toolchain-14.3/bin/../lib/gcc/arm-none-eabi/14.3.1/thumb/v6-m/nofp\libgcc.a(_udivsi3.o) (__aeabi_idiv0)
D:/stm32/config/arm-gnu-toolchain-14.3/bin/../lib/gcc/arm-none-eabi/14.3.1/thumb/v6-m/nofp\libgcc.a(_arm_cmpdf2.o)
                              D:/stm32/config/arm-gnu-toolchain-14.3/bin/../lib/gcc/arm-none-eabi/14.3.1/../../../../arm-none-eabi/lib/thumb/v6-m/nofp\libm.a(libm_a-e_rem_pio2.o) (__aeabi_dcmpeq)
D:/stm32/config/arm-gnu-toolchain-14.3/bin/../lib/gcc/arm-none-eabi/14.3.1/thumb/v6-m/nofp\libgcc.a(_arm_cmpsf2.o)
                              CMakeFiles/Butterfly_v3.dir/moudules/motor.c.obj (__aeabi_fcmpeq)
D:/stm32/config/arm-gnu-toolchain-14.3/bin/../lib/gcc/arm-none-eabi/14.3.1/thumb/v6-m/nofp\libgcc.a(_aeabi_uldivmod.o)
                              cmake/stm32cubemx/CMakeFiles/STM32_Drivers.dir/__/__/Drivers/STM32G0xx_HAL_Driver/Src/stm32g0xx_hal_uart.c.obj (__aeabi_uldivmod)
D:/stm32/config/arm-gnu-toolchain-14.3/bin/../lib/gcc/arm-none-eabi/14.3.1/thumb/v6-m/nofp\libgcc.a(_muldi3.o)
                              CMakeFiles/Butterfly_v3.dir/bsp/bsp_timer.c.obj (__aeabi_lmul)
D:/stm32/config/arm-gnu-toolchain-14.3/bin/../lib/gcc/arm-none-eabi/14.3.1/thumb/v6-m/nofp\libgcc.a(_floatundidf.o)
                              CMakeFiles/Butterfly_v3.dir/bsp/bsp_timer.c.obj (__aeabi_ul2d)
[...]
Memory Configuration

Name             Origin             Length             Attributes
RAM              0x20000000         0x00002000         xrw
FLASH            0x08000000         0x00010000         xr
*default*        0x00000000         0xffffffff

Linker script and memory map

LOAD D:/stm32/config/arm-gnu-toolchain-14.3/bin/../lib/gcc/arm-none-eabi/14.3.1/thumb/v6-m/nofp/crti.o
LOAD D:/stm32/config/arm-gnu-toolchain-14.3/bin/../lib/gcc/arm-none-eabi/14.3.1/thumb/v6-m/nofp/crtbegin.o
LOAD D:/stm32/config/arm-gnu-toolchain-14.3/bin/../lib/gcc/arm-none-eabi/14.3.1/../../../../arm-none-eabi/lib/thumb/v6-m/nofp/crt0.o
LOAD cmake/stm32cubemx/CMakeFiles/STM32_Drivers.dir/__/__/Core/Src/system_stm32g0xx.c.obj
LOAD cmake/stm32cubemx/CMakeFiles/STM32_Drivers.dir/__/__/Drivers/STM32G0xx_HAL_Driver/Src/stm32g0xx_hal_tim.c.obj
LOAD cmake/stm32cubemx/CMakeFiles/STM32_Drivers.dir/__/__/Drivers/STM32G0xx_HAL_Driver/Src/stm32g0xx_hal_tim_ex.c.obj
LOAD cmake/stm32cubemx/CMakeFiles/STM32_Drivers.dir/__/__/Drivers/STM32G0xx_HAL_Driver/Src/stm32g0xx_hal_adc.c.obj
LOAD cmake/stm32cubemx/CMakeFiles/STM32_Drivers.dir/__/__/Drivers/STM32G0xx_HAL_Driver/Src/stm32g0xx_hal_adc_ex.c.obj
LOAD cmake/stm32cubemx/CMakeFiles/STM32_Drivers.dir/__/__/Drivers/STM32G0xx_HAL_Driver/Src/stm32g0xx_ll_adc.c.obj
LOAD cmake/stm32cubemx/CMakeFiles/STM32_Drivers.dir/__/__/Drivers/STM32G0xx_HAL_Driver/Src/stm32g0xx_hal_rcc.c.obj
LOAD cmake/stm32cubemx/CMakeFiles/STM32_Drivers.dir/__/__/Drivers/STM32G0xx_HAL_Driver/Src/stm32g0xx_hal_rcc_ex.c.obj
LOAD cmake/stm32cubemx/CMakeFiles/STM32_Drivers.dir/__/__/Drivers/STM32G0xx_HAL_Driver/Src/stm32g0xx_ll_rcc.c.obj
LOAD cmake/stm32cubemx/CMakeFiles/STM32_Drivers.dir/__/__/Drivers/STM32G0xx_HAL_Driver/Src/stm32g0xx_hal_flash.c.obj
LOAD cmake/stm32cubemx/CMakeFiles/STM32_Drivers.dir/__/__/Drivers/STM32G0xx_HAL_Driver/Src/stm32g0xx_hal_flash_ex.c.obj
LOAD cmake/stm32cubemx/CMakeFiles/STM32_Drivers.dir/__/__/Drivers/STM32G0xx_HAL_Driver/Src/stm32g0xx_hal_gpio.c.obj
LOAD cmake/stm32cubemx/CMakeFiles/STM32_Drivers.dir/__/__/Drivers/STM32G0xx_HAL_Driver/Src/stm32g0xx_hal_dma.c.obj
LOAD cmake/stm32cubemx/CMakeFiles/STM32_Drivers.dir/__/__/Drivers/STM32G0xx_HAL_Driver/Src/stm32g0xx_hal_dma_ex.c.obj
LOAD cmake/stm32cubemx/CMakeFiles/STM32_Drivers.dir/__/__/Drivers/STM32G0xx_HAL_Driver/Src/stm32g0xx_hal_pwr.c.obj
LOAD cmake/stm32cubemx/CMakeFiles/STM32_Drivers.dir/__/__/Drivers/STM32G0xx_HAL_Driver/Src/stm32g0xx_hal_pwr_ex.c.obj
LOAD cmake/stm32cubemx/CMakeFiles/STM32_Drivers.dir/__/__/Drivers/STM32G0xx_HAL_Driver/Src/stm32g0xx_hal_cortex.c.obj
LOAD cmake/stm32cubemx/CMakeFiles/STM32_Drivers.dir/__/__/Drivers/STM32G0xx_HAL_Driver/Src/stm32g0xx_hal.c.obj
LOAD cmake/stm32cubemx/CMakeFiles/STM32_Drivers.dir/__/__/Drivers/STM32G0xx_HAL_Driver/Src/stm32g0xx_hal_exti.c.obj
LOAD cmake/stm32cubemx/CMakeFiles/STM32_Drivers.dir/__/__/Drivers/STM32G0xx_HAL_Driver/Src/stm32g0xx_hal_uart.c.obj
LOAD cmake/stm32cubemx/CMakeFiles/STM32_Drivers.dir/__/__/Drivers/STM32G0xx_HAL_Driver/Src/stm32g0xx_hal_uart_ex.c.obj
LOAD CMakeFiles/Butterfly_v3.dir/Core/Src/main.c.obj
LOAD CMakeFiles/Butterfly_v3.dir/Core/Src/gpio.c.obj
LOAD CMakeFiles/Butterfly_v3.dir/Core/Src/adc.c.obj
LOAD CMakeFiles/Butterfly_v3.dir/Core/Src/dma.c.obj
LOAD CMakeFiles/Butterfly_v3.dir/Core/Src/tim.c.obj
LOAD CMakeFiles/Butterfly_v3.dir/Core/Src/usart.c.obj
LOAD CMakeFiles/Butterfly_v3.dir/Core/Src/stm32g0xx_it.c.obj
LOAD CMakeFiles/Butterfly_v3.dir/Core/Src/stm32g0xx_hal_msp.c.obj
LOAD CMakeFiles/Butterfly_v3.dir/Core/Src/stm32g0xx_hal_timebase_tim.c.obj
LOAD CMakeFiles/Butterfly_v3.dir/Core/Src/sysmem.c.obj
LOAD CMakeFiles/Butterfly_v3.dir/Core/Src/syscalls.c.obj
LOAD CMakeFiles/Butterfly_v3.dir/startup_stm32g031xx.s.obj
LOAD CMakeFiles/Butterfly_v3.dir/application/butterfly.c.obj
LOAD CMakeFiles/Butterfly_v3.dir/moudules/motor.c.obj
LOAD CMakeFiles/Butterfly_v3.dir/moudules/pid.c.obj
LOAD CMakeFiles/Butterfly_v3.dir/moudules/remote_fs.c.obj
LOAD CMakeFiles/Butterfly_v3.dir/moudules/daemon.c.obj
LOAD CMakeFiles/Butterfly_v3.dir/bsp/bsp_uart.c.obj
LOAD CMakeFiles/Butterfly_v3.dir/bsp/bsp_adc.c.obj
LOAD CMakeFiles/Butterfly_v3.dir/bsp/bsp_timer.c.obj
LOAD D:/stm32/config/arm-gnu-toolchain-14.3/bin/../lib/gcc/arm-none-eabi/14.3.1/../../../../arm-none-eabi/lib/thumb/v6-m/nofp\libm.a
START GROUP
LOAD D:/stm32/config/arm-gnu-toolchain-14.3/bin/../lib/gcc/arm-none-eabi/14.3.1/thumb/v6-m/nofp\libgcc.a
LOAD D:/stm32/config/arm-gnu-toolchain-14.3/bin/../lib/gcc/arm-none-eabi/14.3.1/../../../../arm-none-eabi/lib/thumb/v6-m/nofp\libg_nano.a
LOAD D:/stm32/config/arm-gnu-toolchain-14.3/bin/../lib/gcc/arm-none-eabi/14.3.1/../../../../arm-none-eabi/lib/thumb/v6-m/nofp\libc_nano.a
END GROUP
START GROUP
LOAD D:/stm32/config/arm-gnu-toolchain-14.3/bin/../lib/gcc/arm-none-eabi/14.3.1/thumb/v6-m/nofp\libgcc.a
LOAD D:/stm32/config/arm-gnu-toolchain-14.3/bin/../lib/gcc/arm-none-eabi/14.3.1/../../../../arm-none-eabi/lib/thumb/v6-m/nofp\libc_nano.a
END GROUP
LOAD D:/stm32/config/arm-gnu-toolchain-14.3/bin/../lib/gcc/arm-none-eabi/14.3.1/thumb/v6-m/nofp/crtend.o
LOAD D:/stm32/config/arm-gnu-toolchain-14.3/bin/../lib/gcc/arm-none-eabi/14.3.1/thumb/v6-m/nofp/crtn.o
                0x20002000                        _estack = (ORIGIN (RAM) + LENGTH (RAM))
                0x00000200                        _Min_Heap_Size = 0x200
                0x00000400                        _Min_Stack_Size = 0x400

.isr_vector     0x08000000       0xbc
                0x08000000                        . = ALIGN (0x4)
 *(.isr_vector)
 .isr_vector    0x08000000       0xbc CMakeFiles/Butterfly_v3.dir/startup_stm32g031xx.s.obj
                0x08000000                g_pfnVectors
                0x080000bc                        . = ALIGN (0x4)

.text           0x080000bc     0xb0c8
                0x080000bc                        . = ALIGN (0x4)
 *(.text)
 .text          0x080000bc      0x114 D:/stm32/config/arm-gnu-toolchain-14.3/bin/../lib/gcc/arm-none-eabi/14.3.1/thumb/v6-m/nofp\libgcc.a(_udivsi3.o)
                0x080000bc                __aeabi_uidiv
                0x080000bc                __udivsi3
                0x080001c8                __aeabi_uidivmod
 .text          0x080001d0      0x1d4 D:/stm32/config/arm-gnu-toolchain-14.3/bin/../lib/gcc/arm-none-eabi/14.3.1/thumb/v6-m/nofp\libgcc.a(_divsi3.o)
                0x080001d0                __divsi3
                0x080001d0                __aeabi_idiv
                0x0800039c                __aeabi_idivmod
 .text          0x080003a4        0x4 D:/stm32/config/arm-gnu-toolchain-14.3/bin/../lib/gcc/arm-none-eabi/14.3.1/thumb/v6-m/nofp\libgcc.a(_dvmd_tls.o)
                0x080003a4                __aeabi_idiv0
                0x080003a4                __aeabi_ldiv0
 .text          0x080003a8       0x7c D:/stm32/config/arm-gnu-toolchain-14.3/bin/../lib/gcc/arm-none-eabi/14.3.1/thumb/v6-m/nofp\libgcc.a(_arm_cmpdf2.o)
                0x080003a8                __aeabi_cdrcmple
                0x080003b8                __aeabi_cdcmple
                0x080003b8                __aeabi_cdcmpeq
                0x080003c8                __aeabi_dcmpeq
                0x080003d4                __aeabi_dcmplt
                0x080003e8                __aeabi_dcmple
                0x080003fc                __aeabi_dcmpgt
                0x08000410                __aeabi_dcmpge
 .text          0x08000424       0x74 D:/stm32/config/arm-gnu-toolchain-14.3/bin/../lib/gcc/arm-none-eabi/14.3.1/thumb/v6-m/nofp\libgcc.a(_arm_cmpsf2.o)
                0x08000424                __aeabi_cfrcmple
                0x0800042c                __aeabi_cfcmpeq
                0x0800042c                __aeabi_cfcmple
                0x0800043c                __aeabi_fcmpeq
                0x08000448                __aeabi_fcmplt
                0x0800045c                __aeabi_fcmple
                0x08000470                __aeabi_fcmpgt
                0x08000484                __aeabi_fcmpge
 .text          0x08000498       0x40 D:/stm32/config/arm-gnu-toolchain-14.3/bin/../lib/gcc/arm-none-eabi/14.3.1/thumb/v6-m/nofp\libgcc.a(_aeabi_uldivmod.o)
                0x08000498                __aeabi_uldivmod
 .text          0x080004d8       0x3c D:/stm32/config/arm-gnu-toolchain-14.3/bin/../lib/gcc/arm-none-eabi/14.3.1/thumb/v6-m/nofp\libgcc.a(_clzsi2.o)
                0x080004d8                __clzsi2
 .text          0x08000514       0x18 D:/stm32/config/arm-gnu-toolchain-14.3/bin/../lib/gcc/arm-none-eabi/14.3.1/thumb/v6-m/nofp\libgcc.a(_clzdi2.o)
                0x08000514                __clzdi2
 *(.text*)
 .text.deregister_tm_clones
                0x0800052c       0x20 D:/stm32/config/arm-gnu-toolchain-14.3/bin/../lib/gcc/arm-none-eabi/14.3.1/thumb/v6-m/nofp/crtbegin.o
 .text.register_tm_clones
                0x0800054c       0x28 D:/stm32/config/arm-gnu-toolchain-14.3/bin/../lib/gcc/arm-none-eabi/14.3.1/thumb/v6-m/nofp/crtbegin.o
 .text.__do_global_dtors_aux
                0x08000574       0x2c D:/stm32/config/arm-gnu-toolchain-14.3/bin/../lib/gcc/arm-none-eabi/14.3.1/thumb/v6-m/nofp/crtbegin.o
 .text.frame_dummy
                0x080005a0       0x24 D:/stm32/config/arm-gnu-toolchain-14.3/bin/../lib/gcc/arm-none-eabi/14.3.1/thumb/v6-m/nofp/crtbegin.o
 .text.SystemInit
                0x080005c4        0xa cmake/stm32cubemx/CMakeFiles/STM32_Drivers.dir/__/__/Core/Src/system_stm32g0xx.c.obj
                0x080005c4                SystemInit
 .text.HAL_TIM_Base_Init
                0x080005ce       0xb0 cmake/stm32cubemx/CMakeFiles/STM32_Drivers.dir/__/__/Drivers/STM32G0xx_HAL_Driver/Src/stm32g0xx_hal_tim.c.obj
                0x080005ce                HAL_TIM_Base_Init
 *fill*         0x0800067e        0x2 
 .text.HAL_TIM_Base_Start_IT
                0x08000680       0xa8 cmake/stm32cubemx/CMakeFiles/STM32_Drivers.dir/__/__/Drivers/STM32G0xx_HAL_Driver/Src/stm32g0xx_hal_tim.c.obj
                0x08000680                HAL_TIM_Base_Start_IT
 .text.HAL_TIM_OC_Init
                0x08000728       0xb0 cmake/stm32cubemx/CMakeFiles/STM32_Drivers.dir/__/__/Drivers/STM32G0xx_HAL_Driver/Src/stm32g0xx_hal_tim.c.obj
                0x08000728                HAL_TIM_OC_Init
 .text.HAL_TIM_OC_MspInit
                0x080007d8       0x10 cmake/stm32cubemx/CMakeFiles/STM32_Drivers.dir/__/__/Drivers/STM32G0xx_HAL_Driver/Src/stm32g0xx_hal_tim.c.obj
                0x080007d8                HAL_TIM_OC_MspInit
 .text.HAL_TIM_PWM_Init
                0x080007e8       0xb0 cmake/stm32cubemx/CMakeFiles/STM32_Drivers.dir/__/__/Drivers/STM32G0xx_HAL_Driver/Src/stm32g0xx_hal_tim.c.obj
                0x080007e8                HAL_TIM_PWM_Init
 .text.HAL_TIM_PWM_Start
                0x08000898      0x1bc cmake/stm32cubemx/CMakeFiles/STM32_Drivers.dir/__/__/Drivers/STM32G0xx_HAL_Driver/Src/stm32g0xx_hal_tim.c.obj
                0x08000898                HAL_TIM_PWM_Start
 .text.HAL_TIM_IRQHandler
                0x08000a54      0x210 cmake/stm32cubemx/CMakeFiles/STM32_Drivers.dir/__/__/Drivers/STM32G0xx_HAL_Driver/Src/stm32g0xx_hal_tim.c.obj
                0x08000a54                HAL_TIM_IRQHandler
 .text.HAL_TIM_OC_ConfigChannel
                0x08000c64       0xc0 cmake/stm32cubemx/CMakeFiles/STM32_Drivers.dir/__/__/Drivers/STM32G0xx_HAL_Driver/Src/stm32g0xx_hal_tim.c.obj
                0x08000c64                HAL_TIM_OC_ConfigChannel
 .text.HAL_TIM_PWM_ConfigChannel
                0x08000d24      0x200 cmake/stm32cubemx/CMakeFiles/STM32_Drivers.dir/__/__/Drivers/STM32G0xx_HAL_Driver/Src/stm32g0xx_hal_tim.c.obj
                0x08000d24                HAL_TIM_PWM_ConfigChannel
 .text.HAL_TIM_OC_DelayElapsedCallback
                0x08000f24       0x10 cmake/stm32cubemx/CMakeFiles/STM32_Drivers.dir/__/__/Drivers/STM32G0xx_HAL_Driver/Src/stm32g0xx_hal_tim.c.obj
                0x08000f24                HAL_TIM_OC_DelayElapsedCallback
 .text.HAL_TIM_IC_CaptureCallback
                0x08000f34       0x10 cmake/stm32cubemx/CMakeFiles/STM32_Drivers.dir/__/__/Drivers/STM32G0xx_HAL_Driver/Src/stm32g0xx_hal_tim.c.obj
                0x08000f34                HAL_TIM_IC_CaptureCallback
 .text.HAL_TIM_PWM_PulseFinishedCallback
                0x08000f44       0x10 cmake/stm32cubemx/CMakeFiles/STM32_Drivers.dir/__/__/Drivers/STM32G0xx_HAL_Driver/Src/stm32g0xx_hal_tim.c.obj
                0x08000f44                HAL_TIM_PWM_PulseFinishedCallback
 .text.HAL_TIM_TriggerCallback
                0x08000f54       0x10 cmake/stm32cubemx/CMakeFiles/STM32_Drivers.dir/__/__/Drivers/STM32G0xx_HAL_Driver/Src/stm32g0xx_hal_tim.c.obj
                0x08000f54                HAL_TIM_TriggerCallback
 .text.TIM_Base_SetConfig
                0x08000f64      0x108 cmake/stm32cubemx/CMakeFiles/STM32_Drivers.dir/__/__/Drivers/STM32G0xx_HAL_Driver/Src/stm32g0xx_hal_tim.c.obj
                0x08000f64                TIM_Base_SetConfig
 .text.TIM_OC1_SetConfig
                0x0800106c      0x100 cmake/stm32cubemx/CMakeFiles/STM32_Drivers.dir/__/__/Drivers/STM32G0xx_HAL_Driver/Src/stm32g0xx_hal_tim.c.obj
 .text.TIM_OC2_SetConfig
                0x0800116c       0xfc cmake/stm32cubemx/CMakeFiles/STM32_Drivers.dir/__/__/Drivers/STM32G0xx_HAL_Driver/Src/stm32g0xx_hal_tim.c.obj
                0x0800116c                TIM_OC2_SetConfig
 .text.TIM_OC3_SetConfig
                0x08001268      0x104 cmake/stm32cubemx/CMakeFiles/STM32_Drivers.dir/__/__/Drivers/STM32G0xx_HAL_Driver/Src/stm32g0xx_hal_tim.c.obj
 .text.TIM_OC4_SetConfig
                0x0800136c       0xc8 cmake/stm32cubemx/CMakeFiles/STM32_Drivers.dir/__/__/Drivers/STM32G0xx_HAL_Driver/Src/stm32g0xx_hal_tim.c.obj
 .text.TIM_OC5_SetConfig
                0x08001434       0xb4 cmake/stm32cubemx/CMakeFiles/STM32_Drivers.dir/__/__/Drivers/STM32G0xx_HAL_Driver/Src/stm32g0xx_hal_tim.c.obj
 .text.TIM_OC6_SetConfig
                0x080014e8       0xbc cmake/stm32cubemx/CMakeFiles/STM32_Drivers.dir/__/__/Drivers/STM32G0xx_HAL_Driver/Src/stm32g0xx_hal_tim.c.obj
 .text.TIM_CCxChannelCmd
                0x080015a4       0x46 cmake/stm32cubemx/CMakeFiles/STM32_Drivers.dir/__/__/Drivers/STM32G0xx_HAL_Driver/Src/stm32g0xx_hal_tim.c.obj
                0x080015a4                TIM_CCxChannelCmd
 *fill*         0x080015ea        0x2 
 .text.HAL_TIMEx_MasterConfigSynchronization
                0x080015ec       0xd0 cmake/stm32cubemx/CMakeFiles/STM32_Drivers.dir/__/__/Drivers/STM32G0xx_HAL_Driver/Src/stm32g0xx_hal_tim_ex.c.obj
                0x080015ec                HAL_TIMEx_MasterConfigSynchronization
 .text.HAL_TIMEx_CommutCallback
                0x080016bc       0x10 cmake/stm32cubemx/CMakeFiles/STM32_Drivers.dir/__/__/Drivers/STM32G0xx_HAL_Driver/Src/stm32g0xx_hal_tim_ex.c.obj
                0x080016bc                HAL_TIMEx_CommutCallback
 .text.HAL_TIMEx_BreakCallback
                0x080016cc       0x10 cmake/stm32cubemx/CMakeFiles/STM32_Drivers.dir/__/__/Drivers/STM32G0xx_HAL_Driver/Src/stm32g0xx_hal_tim_ex.c.obj
                0x080016cc                HAL_TIMEx_BreakCallback
 .text.HAL_TIMEx_Break2Callback
                0x080016dc       0x10 cmake/stm32cubemx/CMakeFiles/STM32_Drivers.dir/__/__/Drivers/STM32G0xx_HAL_Driver/Src/stm32g0xx_hal_tim_ex.c.obj
                0x080016dc                HAL_TIMEx_Break2Callback
 .text.LL_ADC_SetCommonPathInternalCh
                0x080016ec       0x28 cmake/stm32cubemx/CMakeFiles/STM32_Drivers.dir/__/__/Drivers/STM32G0xx_HAL_Driver/Src/stm32g0xx_hal_adc.c.obj
 .text.LL_ADC_GetCommonPathInternalCh
                0x08001714       0x1a cmake/stm32cubemx/CMakeFiles/STM32_Drivers.dir/__/__/Drivers/STM32G0xx_HAL_Driver/Src/stm32g0xx_hal_adc.c.obj
 .text.LL_ADC_SetSamplingTimeCommonChannels
                0x0800172e       0x3a cmake/stm32cubemx/CMakeFiles/STM32_Drivers.dir/__/__/Drivers/STM32G0xx_HAL_Driver/Src/stm32g0xx_hal_adc.c.obj
 .text.LL_ADC_GetSamplingTimeCommonChannels
                0x08001768       0x2e cmake/stm32cubemx/CMakeFiles/STM32_Drivers.dir/__/__/Drivers/STM32G0xx_HAL_Driver/Src/stm32g0xx_hal_adc.c.obj
 .text.LL_ADC_REG_SetSequencerRanks
                0x08001796       0x40 cmake/stm32cubemx/CMakeFiles/STM32_Drivers.dir/__/__/Drivers/STM32G0xx_HAL_Driver/Src/stm32g0xx_hal_adc.c.obj
 .text.LL_ADC_REG_SetSequencerChAdd
                0x080017d6       0x22 cmake/stm32cubemx/CMakeFiles/STM32_Drivers.dir/__/__/Drivers/STM32G0xx_HAL_Driver/Src/stm32g0xx_hal_adc.c.obj
 .text.LL_ADC_REG_SetSequencerChRem
                0x080017f8       0x24 cmake/stm32cubemx/CMakeFiles/STM32_Drivers.dir/__/__/Drivers/STM32G0xx_HAL_Driver/Src/stm32g0xx_hal_adc.c.obj
 .text.LL_ADC_SetChannelSamplingTime
                0x0800181c       0x38 cmake/stm32cubemx/CMakeFiles/STM32_Drivers.dir/__/__/Drivers/STM32G0xx_HAL_Driver/Src/stm32g0xx_hal_adc.c.obj
 .text.LL_ADC_EnableInternalRegulator
                0x08001854       0x28 cmake/stm32cubemx/CMakeFiles/STM32_Drivers.dir/__/__/Drivers/STM32G0xx_HAL_Driver/Src/stm32g0xx_hal_adc.c.obj
 .text.LL_ADC_IsInternalRegulatorEnabled
                0x0800187c       0x28 cmake/stm32cubemx/CMakeFiles/STM32_Drivers.dir/__/__/Drivers/STM32G0xx_HAL_Driver/Src/stm32g0xx_hal_adc.c.obj
 .text.LL_ADC_IsEnabled
                0x080018a4       0x22 cmake/stm32cubemx/CMakeFiles/STM32_Drivers.dir/__/__/Drivers/STM32G0xx_HAL_Driver/Src/stm32g0xx_hal_adc.c.obj
 .text.LL_ADC_REG_IsConversionOngoing
                0x080018c6       0x22 cmake/stm32cubemx/CMakeFiles/STM32_Drivers.dir/__/__/Drivers/STM32G0xx_HAL_Driver/Src/stm32g0xx_hal_adc.c.obj
 .text.HAL_ADC_Init
                0x080018e8      0x350 cmake/stm32cubemx/CMakeFiles/STM32_Drivers.dir/__/__/Drivers/STM32G0xx_HAL_Driver/Src/stm32g0xx_hal_adc.c.obj
                0x080018e8                HAL_ADC_Init
 .text.HAL_ADC_ConfigChannel
                0x08001c38      0x3b0 cmake/stm32cubemx/CMakeFiles/STM32_Drivers.dir/__/__/Drivers/STM32G0xx_HAL_Driver/Src/stm32g0xx_hal_adc.c.obj
                0x08001c38                HAL_ADC_ConfigChannel
 .text.LL_RCC_GetAPB1Prescaler
                0x08001fe8       0x18 cmake/stm32cubemx/CMakeFiles/STM32_Drivers.dir/__/__/Drivers/STM32G0xx_HAL_Driver/Src/stm32g0xx_hal_rcc.c.obj
 .text.HAL_RCC_OscConfig
                0x08002000      0x634 cmake/stm32cubemx/CMakeFiles/STM32_Drivers.dir/__/__/Drivers/STM32G0xx_HAL_Driver/Src/stm32g0xx_hal_rcc.c.obj
                0x08002000                HAL_RCC_OscConfig
 .text.HAL_RCC_ClockConfig
                0x08002634      0x210 cmake/stm32cubemx/CMakeFiles/STM32_Drivers.dir/__/__/Drivers/STM32G0xx_HAL_Driver/Src/stm32g0xx_hal_rcc.c.obj
                0x08002634                HAL_RCC_ClockConfig
 .text.HAL_RCC_GetSysClockFreq
                0x08002844      0x104 cmake/stm32cubemx/CMakeFiles/STM32_Drivers.dir/__/__/Drivers/STM32G0xx_HAL_Driver/Src/stm32g0xx_hal_rcc.c.obj
                0x08002844                HAL_RCC_GetSysClockFreq
 .text.HAL_RCC_GetHCLKFreq
                0x08002948       0x14 cmake/stm32cubemx/CMakeFiles/STM32_Drivers.dir/__/__/Drivers/STM32G0xx_HAL_Driver/Src/stm32g0xx_hal_rcc.c.obj
                0x08002948                HAL_RCC_GetHCLKFreq
 .text.HAL_RCC_GetPCLK1Freq
                0x0800295c       0x2c cmake/stm32cubemx/CMakeFiles/STM32_Drivers.dir/__/__/Drivers/STM32G0xx_HAL_Driver/Src/stm32g0xx_hal_rcc.c.obj
                0x0800295c                HAL_RCC_GetPCLK1Freq
 .text.HAL_RCC_GetClockConfig
                0x08002988       0x54 cmake/stm32cubemx/CMakeFiles/STM32_Drivers.dir/__/__/Drivers/STM32G0xx_HAL_Driver/Src/stm32g0xx_hal_rcc.c.obj
                0x08002988                HAL_RCC_GetClockConfig
 .text.HAL_RCCEx_PeriphCLKConfig
                0x080029dc      0x2f4 cmake/stm32cubemx/CMakeFiles/STM32_Drivers.dir/__/__/Drivers/STM32G0xx_HAL_Driver/Src/stm32g0xx_hal_rcc_ex.c.obj
                0x080029dc                HAL_RCCEx_PeriphCLKConfig
 .text.HAL_GPIO_Init
                0x08002cd0      0x2c8 cmake/stm32cubemx/CMakeFiles/STM32_Drivers.dir/__/__/Drivers/STM32G0xx_HAL_Driver/Src/stm32g0xx_hal_gpio.c.obj
                0x08002cd0                HAL_GPIO_Init
 .text.HAL_DMA_Init
                0x08002f98      0x114 cmake/stm32cubemx/CMakeFiles/STM32_Drivers.dir/__/__/Drivers/STM32G0xx_HAL_Driver/Src/stm32g0xx_hal_dma.c.obj
                0x08002f98                HAL_DMA_Init
 .text.HAL_DMA_Start_IT
                0x080030ac      0x10c cmake/stm32cubemx/CMakeFiles/STM32_Drivers.dir/__/__/Drivers/STM32G0xx_HAL_Driver/Src/stm32g0xx_hal_dma.c.obj
                0x080030ac                HAL_DMA_Start_IT
 .text.HAL_DMA_IRQHandler
                0x080031b8      0x164 cmake/stm32cubemx/CMakeFiles/STM32_Drivers.dir/__/__/Drivers/STM32G0xx_HAL_Driver/Src/stm32g0xx_hal_dma.c.obj
                0x080031b8                HAL_DMA_IRQHandler
 .text.DMA_SetConfig
                0x0800331c       0x80 cmake/stm32cubemx/CMakeFiles/STM32_Drivers.dir/__/__/Drivers/STM32G0xx_HAL_Driver/Src/stm32g0xx_hal_dma.c.obj
 .text.DMA_CalcDMAMUXChannelBaseAndMask
                0x0800339c       0x58 cmake/stm32cubemx/CMakeFiles/STM32_Drivers.dir/__/__/Drivers/STM32G0xx_HAL_Driver/Src/stm32g0xx_hal_dma.c.obj
 .text.DMA_CalcDMAMUXRequestGenBaseAndMask
                0x080033f4       0x48 cmake/stm32cubemx/CMakeFiles/STM32_Drivers.dir/__/__/Drivers/STM32G0xx_HAL_Driver/Src/stm32g0xx_hal_dma.c.obj
 .text.HAL_PWREx_ControlVoltageScaling
                0x0800343c       0x80 cmake/stm32cubemx/CMakeFiles/STM32_Drivers.dir/__/__/Drivers/STM32G0xx_HAL_Driver/Src/stm32g0xx_hal_pwr_ex.c.obj
                0x0800343c                HAL_PWREx_ControlVoltageScaling
 .text.__NVIC_EnableIRQ
                0x080034bc       0x34 cmake/stm32cubemx/CMakeFiles/STM32_Drivers.dir/__/__/Drivers/STM32G0xx_HAL_Driver/Src/stm32g0xx_hal_cortex.c.obj
 .text.__NVIC_SetPriority
                0x080034f0       0xdc cmake/stm32cubemx/CMakeFiles/STM32_Drivers.dir/__/__/Drivers/STM32G0xx_HAL_Driver/Src/stm32g0xx_hal_cortex.c.obj
 .text.HAL_NVIC_SetPriority
                0x080035cc       0x2a cmake/stm32cubemx/CMakeFiles/STM32_Drivers.dir/__/__/Drivers/STM32G0xx_HAL_Driver/Src/stm32g0xx_hal_cortex.c.obj
                0x080035cc                HAL_NVIC_SetPriority
 .text.HAL_NVIC_EnableIRQ
                0x080035f6       0x20 cmake/stm32cubemx/CMakeFiles/STM32_Drivers.dir/__/__/Drivers/STM32G0xx_HAL_Driver/Src/stm32g0xx_hal_cortex.c.obj
                0x080035f6                HAL_NVIC_EnableIRQ
 *fill*         0x08003616        0x2 
 .text.HAL_Init
                0x08003618       0x40 cmake/stm32cubemx/CMakeFiles/STM32_Drivers.dir/__/__/Drivers/STM32G0xx_HAL_Driver/Src/stm32g0xx_hal.c.obj
                0x08003618                HAL_Init
 .text.HAL_IncTick
                0x08003658       0x24 cmake/stm32cubemx/CMakeFiles/STM32_Drivers.dir/__/__/Drivers/STM32G0xx_HAL_Driver/Src/stm32g0xx_hal.c.obj
                0x08003658                HAL_IncTick
 .text.HAL_GetTick
                0x0800367c       0x14 cmake/stm32cubemx/CMakeFiles/STM32_Drivers.dir/__/__/Drivers/STM32G0xx_HAL_Driver/Src/stm32g0xx_hal.c.obj
                0x0800367c                HAL_GetTick
 .text.HAL_UART_Init
                0x08003690       0xac cmake/stm32cubemx/CMakeFiles/STM32_Drivers.dir/__/__/Drivers/STM32G0xx_HAL_Driver/Src/stm32g0xx_hal_uart.c.obj
                0x08003690                HAL_UART_Init
 .text.HAL_UART_RxCpltCallback
                0x0800373c       0x10 cmake/stm32cubemx/CMakeFiles/STM32_Drivers.dir/__/__/Drivers/STM32G0xx_HAL_Driver/Src/stm32g0xx_hal_uart.c.obj
                0x0800373c                HAL_UART_RxCpltCallback
 .text.HAL_UART_RxHalfCpltCallback
                0x0800374c       0x10 cmake/stm32cubemx/CMakeFiles/STM32_Drivers.dir/__/__/Drivers/STM32G0xx_HAL_Driver/Src/stm32g0xx_hal_uart.c.obj
                0x0800374c                HAL_UART_RxHalfCpltCallback
 .text.HAL_UART_ErrorCallback
                0x0800375c       0x10 cmake/stm32cubemx/CMakeFiles/STM32_Drivers.dir/__/__/Drivers/STM32G0xx_HAL_Driver/Src/stm32g0xx_hal_uart.c.obj
                0x0800375c                HAL_UART_ErrorCallback
 .text.UART_SetConfig
                0x0800376c      0x4f0 cmake/stm32cubemx/CMakeFiles/STM32_Drivers.dir/__/__/Drivers/STM32G0xx_HAL_Driver/Src/stm32g0xx_hal_uart.c.obj
                0x0800376c                UART_SetConfig
 .text.UART_AdvFeatureConfig
                0x08003c5c      0x168 cmake/stm32cubemx/CMakeFiles/STM32_Drivers.dir/__/__/Drivers/STM32G0xx_HAL_Driver/Src/stm32g0xx_hal_uart.c.obj
                0x08003c5c                UART_AdvFeatureConfig
 .text.UART_CheckIdleState
                0x08003dc4      0x154 cmake/stm32cubemx/CMakeFiles/STM32_Drivers.dir/__/__/Drivers/STM32G0xx_HAL_Driver/Src/stm32g0xx_hal_uart.c.obj
                0x08003dc4                UART_CheckIdleState
 .text.UART_WaitOnFlagUntilTimeout
                0x08003f18       0xde cmake/stm32cubemx/CMakeFiles/STM32_Drivers.dir/__/__/Drivers/STM32G0xx_HAL_Driver/Src/stm32g0xx_hal_uart.c.obj
                0x08003f18                UART_WaitOnFlagUntilTimeout
 *fill*         0x08003ff6        0x2 
 .text.UART_Start_Receive_DMA
                0x08003ff8      0x14c cmake/stm32cubemx/CMakeFiles/STM32_Drivers.dir/__/__/Drivers/STM32G0xx_HAL_Driver/Src/stm32g0xx_hal_uart.c.obj
                0x08003ff8                UART_Start_Receive_DMA
 .text.UART_EndTxTransfer
                0x08004144       0x80 cmake/stm32cubemx/CMakeFiles/STM32_Drivers.dir/__/__/Drivers/STM32G0xx_HAL_Driver/Src/stm32g0xx_hal_uart.c.obj
 .text.UART_EndRxTransfer
                0x080041c4       0xcc cmake/stm32cubemx/CMakeFiles/STM32_Drivers.dir/__/__/Drivers/STM32G0xx_HAL_Driver/Src/stm32g0xx_hal_uart.c.obj
 .text.UART_DMAReceiveCplt
                0x08004290      0x130 cmake/stm32cubemx/CMakeFiles/STM32_Drivers.dir/__/__/Drivers/STM32G0xx_HAL_Driver/Src/stm32g0xx_hal_uart.c.obj
 .text.UART_DMARxHalfCplt
                0x080043c0       0x42 cmake/stm32cubemx/CMakeFiles/STM32_Drivers.dir/__/__/Drivers/STM32G0xx_HAL_Driver/Src/stm32g0xx_hal_uart.c.obj
 .text.UART_DMAError
                0x08004402       0x86 cmake/stm32cubemx/CMakeFiles/STM32_Drivers.dir/__/__/Drivers/STM32G0xx_HAL_Driver/Src/stm32g0xx_hal_uart.c.obj
 .text.HAL_UARTEx_DisableFifoMode
                0x08004488       0x74 cmake/stm32cubemx/CMakeFiles/STM32_Drivers.dir/__/__/Drivers/STM32G0xx_HAL_Driver/Src/stm32g0xx_hal_uart_ex.c.obj
                0x08004488                HAL_UARTEx_DisableFifoMode
 .text.HAL_UARTEx_SetTxFifoThreshold
                0x080044fc       0x7e cmake/stm32cubemx/CMakeFiles/STM32_Drivers.dir/__/__/Drivers/STM32G0xx_HAL_Driver/Src/stm32g0xx_hal_uart_ex.c.obj
                0x080044fc                HAL_UARTEx_SetTxFifoThreshold
 *fill*         0x0800457a        0x2 
 .text.HAL_UARTEx_SetRxFifoThreshold
                0x0800457c       0x84 cmake/stm32cubemx/CMakeFiles/STM32_Drivers.dir/__/__/Drivers/STM32G0xx_HAL_Driver/Src/stm32g0xx_hal_uart_ex.c.obj
                0x0800457c                HAL_UARTEx_SetRxFifoThreshold
 .text.HAL_UARTEx_ReceiveToIdle_DMA
                0x08004600       0xd0 cmake/stm32cubemx/CMakeFiles/STM32_Drivers.dir/__/__/Drivers/STM32G0xx_HAL_Driver/Src/stm32g0xx_hal_uart_ex.c.obj
                0x08004600                HAL_UARTEx_ReceiveToIdle_DMA
 .text.UARTEx_SetNbDataToProcess
                0x080046d0       0xbc cmake/stm32cubemx/CMakeFiles/STM32_Drivers.dir/__/__/Drivers/STM32G0xx_HAL_Driver/Src/stm32g0xx_hal_uart_ex.c.obj
 .text.main     0x0800478c       0x32 CMakeFiles/Butterfly_v3.dir/Core/Src/main.c.obj
                0x0800478c                main
 .text.SystemClock_Config
                0x080047be       0xbc CMakeFiles/Butterfly_v3.dir/Core/Src/main.c.obj
                0x080047be                SystemClock_Config
 *fill*         0x0800487a        0x2 
 .text.HAL_TIM_PeriodElapsedCallback
                0x0800487c       0x24 CMakeFiles/Butterfly_v3.dir/Core/Src/main.c.obj
                0x0800487c                HAL_TIM_PeriodElapsedCallback
 .text.Error_Handler
                0x080048a0        0xc CMakeFiles/Butterfly_v3.dir/Core/Src/main.c.obj
                0x080048a0                Error_Handler
 .text.MX_GPIO_Init
                0x080048ac       0x5c CMakeFiles/Butterfly_v3.dir/Core/Src/gpio.c.obj
                0x080048ac                MX_GPIO_Init
 .text.MX_ADC1_Init
                0x08004908      0x184 CMakeFiles/Butterfly_v3.dir/Core/Src/adc.c.obj
                0x08004908                MX_ADC1_Init
 .text.HAL_ADC_MspInit
                0x08004a8c       0xe4 CMakeFiles/Butterfly_v3.dir/Core/Src/adc.c.obj
                0x08004a8c                HAL_ADC_MspInit
 .text.MX_DMA_Init
                0x08004b70       0x4c CMakeFiles/Butterfly_v3.dir/Core/Src/dma.c.obj
                0x08004b70                MX_DMA_Init
 .text.MX_TIM2_Init
                0x08004bbc      0x114 CMakeFiles/Butterfly_v3.dir/Core/Src/tim.c.obj
                0x08004bbc                MX_TIM2_Init
 .text.MX_TIM3_Init
                0x08004cd0      0x100 CMakeFiles/Butterfly_v3.dir/Core/Src/tim.c.obj
                0x08004cd0                MX_TIM3_Init
 .text.MX_TIM16_Init
                0x08004dd0       0x50 CMakeFiles/Butterfly_v3.dir/Core/Src/tim.c.obj
                0x08004dd0                MX_TIM16_Init
 .text.HAL_TIM_PWM_MspInit
                0x08004e20       0x60 CMakeFiles/Butterfly_v3.dir/Core/Src/tim.c.obj
                0x08004e20                HAL_TIM_PWM_MspInit
 .text.HAL_TIM_Base_MspInit
                0x08004e80       0x50 CMakeFiles/Butterfly_v3.dir/Core/Src/tim.c.obj
                0x08004e80                HAL_TIM_Base_MspInit
 .text.HAL_TIM_MspPostInit
                0x08004ed0      0x19c CMakeFiles/Butterfly_v3.dir/Core/Src/tim.c.obj
                0x08004ed0                HAL_TIM_MspPostInit
 .text.MX_USART1_UART_Init
                0x0800506c       0xa0 CMakeFiles/Butterfly_v3.dir/Core/Src/usart.c.obj
                0x0800506c                MX_USART1_UART_Init
 .text.HAL_UART_MspInit
                0x0800510c      0x120 CMakeFiles/Butterfly_v3.dir/Core/Src/usart.c.obj
                0x0800510c                HAL_UART_MspInit
 .text.NMI_Handler
                0x0800522c        0x8 CMakeFiles/Butterfly_v3.dir/Core/Src/stm32g0xx_it.c.obj
                0x0800522c                NMI_Handler
 .text.HardFault_Handler
                0x08005234        0x8 CMakeFiles/Butterfly_v3.dir/Core/Src/stm32g0xx_it.c.obj
                0x08005234                HardFault_Handler
 .text.SVC_Handler
                0x0800523c        0xa CMakeFiles/Butterfly_v3.dir/Core/Src/stm32g0xx_it.c.obj
                0x0800523c                SVC_Handler
 .text.PendSV_Handler
                0x08005246        0xa CMakeFiles/Butterfly_v3.dir/Core/Src/stm32g0xx_it.c.obj
                0x08005246                PendSV_Handler
 .text.SysTick_Handler
                0x08005250        0xa CMakeFiles/Butterfly_v3.dir/Core/Src/stm32g0xx_it.c.obj
                0x08005250                SysTick_Handler
 *fill*         0x0800525a        0x2 
 .text.DMA1_Channel1_IRQHandler
                0x0800525c       0x18 CMakeFiles/Butterfly_v3.dir/Core/Src/stm32g0xx_it.c.obj
                0x0800525c                DMA1_Channel1_IRQHandler
 .text.DMA1_Channel2_3_IRQHandler
                0x08005274       0x18 CMakeFiles/Butterfly_v3.dir/Core/Src/stm32g0xx_it.c.obj
                0x08005274                DMA1_Channel2_3_IRQHandler
 .text.TIM16_IRQHandler
                0x0800528c       0x18 CMakeFiles/Butterfly_v3.dir/Core/Src/stm32g0xx_it.c.obj
                0x0800528c                TIM16_IRQHandler
 .text.TIM17_IRQHandler
                0x080052a4       0x18 CMakeFiles/Butterfly_v3.dir/Core/Src/stm32g0xx_it.c.obj
                0x080052a4                TIM17_IRQHandler
 .text.HAL_MspInit
                0x080052bc       0x48 CMakeFiles/Butterfly_v3.dir/Core/Src/stm32g0xx_hal_msp.c.obj
                0x080052bc                HAL_MspInit
 .text.HAL_InitTick
                0x08005304      0x10c CMakeFiles/Butterfly_v3.dir/Core/Src/stm32g0xx_hal_timebase_tim.c.obj
                0x08005304                HAL_InitTick
 .text._sbrk    0x08005410       0x6c CMakeFiles/Butterfly_v3.dir/Core/Src/sysmem.c.obj
                0x08005410                _sbrk
 .text.Reset_Handler
                0x0800547c       0x50 CMakeFiles/Butterfly_v3.dir/startup_stm32g031xx.s.obj
                0x0800547c                Reset_Handler
 .text.Default_Handler
                0x080054cc        0x2 CMakeFiles/Butterfly_v3.dir/startup_stm32g031xx.s.obj
                0x080054cc                TIM1_CC_IRQHandler
                0x080054cc                PVD_IRQHandler
                0x080054cc                I2C1_IRQHandler
                0x080054cc                LPTIM2_IRQHandler
                0x080054cc                RTC_TAMP_IRQHandler
                0x080054cc                SPI1_IRQHandler
                0x080054cc                DMA1_Ch4_5_DMAMUX1_OVR_IRQHandler
                0x080054cc                EXTI2_3_IRQHandler
                0x080054cc                ADC1_IRQHandler
                0x080054cc                I2C2_IRQHandler
                0x080054cc                TIM3_IRQHandler
                0x080054cc                EXTI4_15_IRQHandler
                0x080054cc                RCC_IRQHandler
                0x080054cc                Default_Handler
                0x080054cc                TIM14_IRQHandler
                0x080054cc                EXTI0_1_IRQHandler
                0x080054cc                SPI2_IRQHandler
                0x080054cc                WWDG_IRQHandler
                0x080054cc                LPUART1_IRQHandler
                0x080054cc                TIM2_IRQHandler
                0x080054cc                USART2_IRQHandler
                0x080054cc                FLASH_IRQHandler
                0x080054cc                USART1_IRQHandler
                0x080054cc                TIM1_BRK_UP_TRG_COM_IRQHandler
                0x080054cc                LPTIM1_IRQHandler
 *fill*         0x080054ce        0x2 
 .text.Butterfly_Init
                0x080054d0      0x1fc CMakeFiles/Butterfly_v3.dir/application/butterfly.c.obj
                0x080054d0                Butterfly_Init
 .text.RemoteControl
                0x080056cc      0x154 CMakeFiles/Butterfly_v3.dir/application/butterfly.c.obj
 .text.MotorControl
                0x08005820      0x304 CMakeFiles/Butterfly_v3.dir/application/butterfly.c.obj
 .text.Butterfly_Task
                0x08005b24       0x1a CMakeFiles/Butterfly_v3.dir/application/butterfly.c.obj
                0x08005b24                Butterfly_Task
 *fill*         0x08005b3e        0x2 
 .text.Motor_Init
                0x08005b40       0xa4 CMakeFiles/Butterfly_v3.dir/moudules/motor.c.obj
                0x08005b40                Motor_Init
 .text.MotorDrive
                0x08005be4      0x248 CMakeFiles/Butterfly_v3.dir/moudules/motor.c.obj
                0x08005be4                MotorDrive
 .text.Deal_Angle
                0x08005e2c       0x5c CMakeFiles/Butterfly_v3.dir/moudules/motor.c.obj
                0x08005e2c                Deal_Angle
 .text.MotorTask
                0x08005e88      0x134 CMakeFiles/Butterfly_v3.dir/moudules/motor.c.obj
                0x08005e88                MotorTask
 .text.MotorSetRef
                0x08005fbc       0x18 CMakeFiles/Butterfly_v3.dir/moudules/motor.c.obj
                0x08005fbc                MotorSetRef
 .text.MotorEnable
                0x08005fd4       0x16 CMakeFiles/Butterfly_v3.dir/moudules/motor.c.obj
                0x08005fd4                MotorEnable
 .text.MotorStop
                0x08005fea       0x16 CMakeFiles/Butterfly_v3.dir/moudules/motor.c.obj
                0x08005fea                MotorStop
 .text.MotorSetFeedforward
                0x08006000       0x1c CMakeFiles/Butterfly_v3.dir/moudules/motor.c.obj
                0x08006000                MotorSetFeedforward
 .text.MotorGetAngle
                0x0800601c       0x14 CMakeFiles/Butterfly_v3.dir/moudules/motor.c.obj
                0x0800601c                MotorGetAngle
 .text.MotorChangeLoop
                0x08006030       0x20 CMakeFiles/Butterfly_v3.dir/moudules/motor.c.obj
                0x08006030                MotorChangeLoop
 .text.Pid_T_Intergral
                0x08006050       0x52 CMakeFiles/Butterfly_v3.dir/moudules/pid.c.obj
 .text.Pid_Change_I
                0x080060a2       0x94 CMakeFiles/Butterfly_v3.dir/moudules/pid.c.obj
 *fill*         0x08006136        0x2 
 .text.Pid_IntegralLimit
                0x08006138       0xe8 CMakeFiles/Butterfly_v3.dir/moudules/pid.c.obj
 .text.Pid_Derivative_On_Measurement
                0x08006220       0x46 CMakeFiles/Butterfly_v3.dir/moudules/pid.c.obj
 .text.Pid_Derivative_Filter
                0x08006266       0x82 CMakeFiles/Butterfly_v3.dir/moudules/pid.c.obj
 .text.Pid_Output_Filter
                0x080062e8       0x82 CMakeFiles/Butterfly_v3.dir/moudules/pid.c.obj
 .text.OutputLimit
                0x0800636a       0x56 CMakeFiles/Butterfly_v3.dir/moudules/pid.c.obj
 .text.PIDCalculate
                0x080063c0      0x1b8 CMakeFiles/Butterfly_v3.dir/moudules/pid.c.obj
                0x080063c0                PIDCalculate
 .text.Remote_fs_RxCallback
                0x08006578       0x40 CMakeFiles/Butterfly_v3.dir/moudules/remote_fs.c.obj
 .text.Ch_to_Ctrl_Fs
                0x080065b8      0x14c CMakeFiles/Butterfly_v3.dir/moudules/remote_fs.c.obj
 .text.Decode_Sbus
                0x08006704      0x3a8 CMakeFiles/Butterfly_v3.dir/moudules/remote_fs.c.obj
 .text.RCLostCallback
                0x08006aac       0x1c CMakeFiles/Butterfly_v3.dir/moudules/remote_fs.c.obj
 .text.IBUS_Checksum
                0x08006ac8       0x48 CMakeFiles/Butterfly_v3.dir/moudules/remote_fs.c.obj
 .text.Decode_Ibus
                0x08006b10       0xb8 CMakeFiles/Butterfly_v3.dir/moudules/remote_fs.c.obj
 .text.RC_Fs_Init_Ibus
                0x08006bc8       0x68 CMakeFiles/Butterfly_v3.dir/moudules/remote_fs.c.obj
                0x08006bc8                RC_Fs_Init_Ibus
 .text.DaemonInit
                0x08006c30       0x58 CMakeFiles/Butterfly_v3.dir/moudules/daemon.c.obj
                0x08006c30                DaemonInit
 .text.DaemonTask
                0x08006c88       0x6c CMakeFiles/Butterfly_v3.dir/moudules/daemon.c.obj
                0x08006c88                DaemonTask
 .text.DaemonReload
                0x08006cf4       0x18 CMakeFiles/Butterfly_v3.dir/moudules/daemon.c.obj
                0x08006cf4                DaemonReload
 .text.UART_Init
                0x08006d0c       0x90 CMakeFiles/Butterfly_v3.dir/bsp/bsp_uart.c.obj
                0x08006d0c                UART_Init
 .text.HAL_UARTEx_RxEventCallback
                0x08006d9c       0xf0 CMakeFiles/Butterfly_v3.dir/bsp/bsp_uart.c.obj
                0x08006d9c                HAL_UARTEx_RxEventCallback
 .text.Overflow_Update
                0x08006e8c       0x58 CMakeFiles/Butterfly_v3.dir/bsp/bsp_timer.c.obj
 .text.Timer_Init
                0x08006ee4       0x74 CMakeFiles/Butterfly_v3.dir/bsp/bsp_timer.c.obj
                0x08006ee4                Timer_Init
 .text.cos      0x08006f58       0x88 D:/stm32/config/arm-gnu-toolchain-14.3/bin/../lib/gcc/arm-none-eabi/14.3.1/../../../../arm-none-eabi/lib/thumb/v6-m/nofp\libm.a(libm_a-s_cos.o)
                0x08006f58                cos
 .text.sin      0x08006fe0       0x8c D:/stm32/config/arm-gnu-toolchain-14.3/bin/../lib/gcc/arm-none-eabi/14.3.1/../../../../arm-none-eabi/lib/thumb/v6-m/nofp\libm.a(libm_a-s_sin.o)
                0x08006fe0                sin
 .text.__kernel_cos
                0x0800706c      0x228 D:/stm32/config/arm-gnu-toolchain-14.3/bin/../lib/gcc/arm-none-eabi/14.3.1/../../../../arm-none-eabi/lib/thumb/v6-m/nofp\libm.a(libm_a-k_cos.o)
                0x0800706c                __kernel_cos
 .text.__kernel_sin
                0x08007294      0x154 D:/stm32/config/arm-gnu-toolchain-14.3/bin/../lib/gcc/arm-none-eabi/14.3.1/../../../../arm-none-eabi/lib/thumb/v6-m/nofp\libm.a(libm_a-k_sin.o)
                0x08007294                __kernel_sin
 .text.__ieee754_rem_pio2
                0x080073e8      0x434 D:/stm32/config/arm-gnu-toolchain-14.3/bin/../lib/gcc/arm-none-eabi/14.3.1/../../../../arm-none-eabi/lib/thumb/v6-m/nofp\libm.a(libm_a-e_rem_pio2.o)
                0x080073e8                __ieee754_rem_pio2
 .text.fabs     0x0800781c        0x8 D:/stm32/config/arm-gnu-toolchain-14.3/bin/../lib/gcc/arm-none-eabi/14.3.1/../../../../arm-none-eabi/lib/thumb/v6-m/nofp\libm.a(libm_a-s_fabs.o)
                0x0800781c                fabs
 .text.__kernel_rem_pio2
                0x08007824      0x8d4 D:/stm32/config/arm-gnu-toolchain-14.3/bin/../lib/gcc/arm-none-eabi/14.3.1/../../../../arm-none-eabi/lib/thumb/v6-m/nofp\libm.a(libm_a-k_rem_pio2.o)
                0x08007824                __kernel_rem_pio2
 .text.scalbn   0x080080f8       0xf8 D:/stm32/config/arm-gnu-toolchain-14.3/bin/../lib/gcc/arm-none-eabi/14.3.1/../../../../arm-none-eabi/lib/thumb/v6-m/nofp\libm.a(libm_a-s_scalbn.o)
                0x080080f8                scalbn
 .text.floor    0x080081f0      0x11c D:/stm32/config/arm-gnu-toolchain-14.3/bin/../lib/gcc/arm-none-eabi/14.3.1/../../../../arm-none-eabi/lib/thumb/v6-m/nofp\libm.a(libm_a-s_floor.o)
                0x080081f0                floor
 .text.__udivmoddi4
                0x0800830c      0x198 D:/stm32/config/arm-gnu-toolchain-14.3/bin/../lib/gcc/arm-none-eabi/14.3.1/thumb/v6-m/nofp\libgcc.a(_udivmoddi4.o)
                0x0800830c                __udivmoddi4
 .text.__aeabi_fadd
                0x080084a4      0x41c D:/stm32/config/arm-gnu-toolchain-14.3/bin/../lib/gcc/arm-none-eabi/14.3.1/thumb/v6-m/nofp\libgcc.a(addsf3.o)
                0x080084a4                __aeabi_fadd
 .text.__aeabi_fdiv
                0x080088c0      0x22c D:/stm32/config/arm-gnu-toolchain-14.3/bin/../lib/gcc/arm-none-eabi/14.3.1/thumb/v6-m/nofp\libgcc.a(divsf3.o)
                0x080088c0                __aeabi_fdiv
 .text.__eqsf2  0x08008aec       0x50 D:/stm32/config/arm-gnu-toolchain-14.3/bin/../lib/gcc/arm-none-eabi/14.3.1/thumb/v6-m/nofp\libgcc.a(eqsf2.o)
                0x08008aec                __eqsf2
                0x08008aec                __nesf2
 .text.__gesf2  0x08008b3c       0x90 D:/stm32/config/arm-gnu-toolchain-14.3/bin/../lib/gcc/arm-none-eabi/14.3.1/thumb/v6-m/nofp\libgcc.a(gesf2.o)
                0x08008b3c                __gesf2
                0x08008b3c                __gtsf2
 .text.__lesf2  0x08008bcc       0x90 D:/stm32/config/arm-gnu-toolchain-14.3/bin/../lib/gcc/arm-none-eabi/14.3.1/thumb/v6-m/nofp\libgcc.a(lesf2.o)
                0x08008bcc                __ltsf2
                0x08008bcc                __lesf2
 .text.__aeabi_fmul
                0x08008c5c      0x2a4 D:/stm32/config/arm-gnu-toolchain-14.3/bin/../lib/gcc/arm-none-eabi/14.3.1/thumb/v6-m/nofp\libgcc.a(mulsf3.o)
                0x08008c5c                __aeabi_fmul
 .text.__aeabi_fsub
                0x08008f00      0x484 D:/stm32/config/arm-gnu-toolchain-14.3/bin/../lib/gcc/arm-none-eabi/14.3.1/thumb/v6-m/nofp\libgcc.a(subsf3.o)
                0x08008f00                __aeabi_fsub
 .text.__aeabi_f2iz
                0x08009384       0x40 D:/stm32/config/arm-gnu-toolchain-14.3/bin/../lib/gcc/arm-none-eabi/14.3.1/thumb/v6-m/nofp\libgcc.a(fixsfsi.o)
                0x08009384                __aeabi_f2iz
 .text.__aeabi_i2f
                0x080093c4       0xa0 D:/stm32/config/arm-gnu-toolchain-14.3/bin/../lib/gcc/arm-none-eabi/14.3.1/thumb/v6-m/nofp\libgcc.a(floatsisf.o)
                0x080093c4                __aeabi_i2f
 .text.__aeabi_dadd
                0x08009464      0x834 D:/stm32/config/arm-gnu-toolchain-14.3/bin/../lib/gcc/arm-none-eabi/14.3.1/thumb/v6-m/nofp\libgcc.a(adddf3.o)
                0x08009464                __aeabi_dadd
 .text.__eqdf2  0x08009c98       0x8c D:/stm32/config/arm-gnu-toolchain-14.3/bin/../lib/gcc/arm-none-eabi/14.3.1/thumb/v6-m/nofp\libgcc.a(eqdf2.o)
                0x08009c98                __nedf2
                0x08009c98                __eqdf2
 .text.__gedf2  0x08009d24       0xe0 D:/stm32/config/arm-gnu-toolchain-14.3/bin/../lib/gcc/arm-none-eabi/14.3.1/thumb/v6-m/nofp\libgcc.a(gedf2.o)
                0x08009d24                __gedf2
                0x08009d24                __gtdf2
 .text.__ledf2  0x08009e04       0xdc D:/stm32/config/arm-gnu-toolchain-14.3/bin/../lib/gcc/arm-none-eabi/14.3.1/thumb/v6-m/nofp\libgcc.a(ledf2.o)
                0x08009e04                __ledf2
                0x08009e04                __ltdf2
 .text.__aeabi_dmul
                0x08009ee0      0x590 D:/stm32/config/arm-gnu-toolchain-14.3/bin/../lib/gcc/arm-none-eabi/14.3.1/thumb/v6-m/nofp\libgcc.a(muldf3.o)
                0x08009ee0                __aeabi_dmul
 .text.__aeabi_dsub
                0x0800a470      0x870 D:/stm32/config/arm-gnu-toolchain-14.3/bin/../lib/gcc/arm-none-eabi/14.3.1/thumb/v6-m/nofp\libgcc.a(subdf3.o)
                0x0800a470                __aeabi_dsub
 .text.__aeabi_d2iz
                0x0800ace0       0x78 D:/stm32/config/arm-gnu-toolchain-14.3/bin/../lib/gcc/arm-none-eabi/14.3.1/thumb/v6-m/nofp\libgcc.a(fixdfsi.o)
                0x0800ace0                __aeabi_d2iz
 .text.__aeabi_i2d
                0x0800ad58       0x5c D:/stm32/config/arm-gnu-toolchain-14.3/bin/../lib/gcc/arm-none-eabi/14.3.1/thumb/v6-m/nofp\libgcc.a(floatsidf.o)
                0x0800ad58                __aeabi_i2d
 .text.__aeabi_f2d
                0x0800adb4       0x90 D:/stm32/config/arm-gnu-toolchain-14.3/bin/../lib/gcc/arm-none-eabi/14.3.1/thumb/v6-m/nofp\libgcc.a(extendsfdf2.o)
                0x0800adb4                __aeabi_f2d
 .text.__aeabi_d2f
                0x0800ae44      0x110 D:/stm32/config/arm-gnu-toolchain-14.3/bin/../lib/gcc/arm-none-eabi/14.3.1/thumb/v6-m/nofp\libgcc.a(truncdfsf2.o)
                0x0800ae44                __aeabi_d2f
 .text.malloc   0x0800af54       0x14 D:/stm32/config/arm-gnu-toolchain-14.3/bin/../lib/gcc/arm-none-eabi/14.3.1/../../../../arm-none-eabi/lib/thumb/v6-m/nofp\libg_nano.a(libc_a-malloc.o)
                0x0800af54                malloc
 .text.sbrk_aligned
                0x0800af68       0x44 D:/stm32/config/arm-gnu-toolchain-14.3/bin/../lib/gcc/arm-none-eabi/14.3.1/../../../../arm-none-eabi/lib/thumb/v6-m/nofp\libg_nano.a(libc_a-mallocr.o)
 .text._malloc_r
                0x0800afac      0x100 D:/stm32/config/arm-gnu-toolchain-14.3/bin/../lib/gcc/arm-none-eabi/14.3.1/../../../../arm-none-eabi/lib/thumb/v6-m/nofp\libg_nano.a(libc_a-mallocr.o)
                0x0800afac                _malloc_r
 .text.__malloc_lock
                0x0800b0ac       0x10 D:/stm32/config/arm-gnu-toolchain-14.3/bin/../lib/gcc/arm-none-eabi/14.3.1/../../../../arm-none-eabi/lib/thumb/v6-m/nofp\libg_nano.a(libc_a-mlock.o)
                0x0800b0ac                __malloc_lock
 .text.__malloc_unlock
                0x0800b0bc       0x10 D:/stm32/config/arm-gnu-toolchain-14.3/bin/../lib/gcc/arm-none-eabi/14.3.1/../../../../arm-none-eabi/lib/thumb/v6-m/nofp\libg_nano.a(libc_a-mlock.o)
                0x0800b0bc                __malloc_unlock
 .text.memset   0x0800b0cc       0x10 D:/stm32/config/arm-gnu-toolchain-14.3/bin/../lib/gcc/arm-none-eabi/14.3.1/../../../../arm-none-eabi/lib/thumb/v6-m/nofp\libg_nano.a(libc_a-memset.o)
                0x0800b0cc                memset
 .text._sbrk_r  0x0800b0dc       0x24 D:/stm32/config/arm-gnu-toolchain-14.3/bin/../lib/gcc/arm-none-eabi/14.3.1/../../../../arm-none-eabi/lib/thumb/v6-m/nofp\libg_nano.a(libc_a-sbrkr.o)
                0x0800b0dc                _sbrk_r
 .text.__errno  0x0800b100        0xc D:/stm32/config/arm-gnu-toolchain-14.3/bin/../lib/gcc/arm-none-eabi/14.3.1/../../../../arm-none-eabi/lib/thumb/v6-m/nofp\libg_nano.a(libc_a-errno.o)
                0x0800b100                __errno
 .text.__libc_init_array
                0x0800b10c       0x48 D:/stm32/config/arm-gnu-toolchain-14.3/bin/../lib/gcc/arm-none-eabi/14.3.1/../../../../arm-none-eabi/lib/thumb/v6-m/nofp\libg_nano.a(libc_a-init.o)
                0x0800b10c                __libc_init_array
 .text.__retarget_lock_acquire_recursive
                0x0800b154        0x2 D:/stm32/config/arm-gnu-toolchain-14.3/bin/../lib/gcc/arm-none-eabi/14.3.1/../../../../arm-none-eabi/lib/thumb/v6-m/nofp\libg_nano.a(libc_a-lock.o)
                0x0800b154                __retarget_lock_acquire_recursive
 .text.__retarget_lock_release_recursive
                0x0800b156        0x2 D:/stm32/config/arm-gnu-toolchain-14.3/bin/../lib/gcc/arm-none-eabi/14.3.1/../../../../arm-none-eabi/lib/thumb/v6-m/nofp\libg_nano.a(libc_a-lock.o)
                0x0800b156                __retarget_lock_release_recursive
 .text.memcpy   0x0800b158       0x12 D:/stm32/config/arm-gnu-toolchain-14.3/bin/../lib/gcc/arm-none-eabi/14.3.1/../../../../arm-none-eabi/lib/thumb/v6-m/nofp\libg_nano.a(libc_a-memcpy-stub.o)
                0x0800b158                memcpy
 *(.glue_7)
 .glue_7        0x0800b16a        0x0 linker stubs
 *(.glue_7t)
 .glue_7t       0x0800b16a        0x0 linker stubs
 *(.eh_frame)
 *fill*         0x0800b16a        0x2 
 .eh_frame      0x0800b16c        0x0 D:/stm32/config/arm-gnu-toolchain-14.3/bin/../lib/gcc/arm-none-eabi/14.3.1/thumb/v6-m/nofp/crtbegin.o
 *(.init)
 .init          0x0800b16c        0x4 D:/stm32/config/arm-gnu-toolchain-14.3/bin/../lib/gcc/arm-none-eabi/14.3.1/thumb/v6-m/nofp/crti.o
                0x0800b16c                _init
 .init          0x0800b170        0x8 D:/stm32/config/arm-gnu-toolchain-14.3/bin/../lib/gcc/arm-none-eabi/14.3.1/thumb/v6-m/nofp/crtn.o
 *(.fini)
 .fini          0x0800b178        0x4 D:/stm32/config/arm-gnu-toolchain-14.3/bin/../lib/gcc/arm-none-eabi/14.3.1/thumb/v6-m/nofp/crti.o
                0x0800b178                _fini
 .fini          0x0800b17c        0x8 D:/stm32/config/arm-gnu-toolchain-14.3/bin/../lib/gcc/arm-none-eabi/14.3.1/thumb/v6-m/nofp/crtn.o
                0x0800b184                        . = ALIGN (0x4)
                0x0800b184                        _etext = .

.vfp11_veneer   0x0800b184        0x0
 .vfp11_veneer  0x0800b184        0x0 linker stubs

.v4_bx          0x0800b184        0x0
 .v4_bx         0x0800b184        0x0 linker stubs

.iplt           0x0800b184        0x0
 .iplt          0x0800b184        0x0 D:/stm32/config/arm-gnu-toolchain-14.3/bin/../lib/gcc/arm-none-eabi/14.3.1/thumb/v6-m/nofp/crtbegin.o

.rodata         0x0800b188      0x394
                0x0800b188                        . = ALIGN (0x4)
 *(.rodata)
 .rodata        0x0800b188        0xc CMakeFiles/Butterfly_v3.dir/moudules/remote_fs.c.obj
 *(.rodata*)
 .rodata.AHBPrescTable
                0x0800b194       0x40 cmake/stm32cubemx/CMakeFiles/STM32_Drivers.dir/__/__/Core/Src/system_stm32g0xx.c.obj
                0x0800b194                AHBPrescTable
 .rodata.APBPrescTable
                0x0800b1d4       0x20 cmake/stm32cubemx/CMakeFiles/STM32_Drivers.dir/__/__/Core/Src/system_stm32g0xx.c.obj
                0x0800b1d4                APBPrescTable
 .rodata.HAL_TIM_OC_ConfigChannel
                0x0800b1f4       0x54 cmake/stm32cubemx/CMakeFiles/STM32_Drivers.dir/__/__/Drivers/STM32G0xx_HAL_Driver/Src/stm32g0xx_hal_tim.c.obj
 .rodata.HAL_TIM_PWM_ConfigChannel
                0x0800b248       0x54 cmake/stm32cubemx/CMakeFiles/STM32_Drivers.dir/__/__/Drivers/STM32G0xx_HAL_Driver/Src/stm32g0xx_hal_tim.c.obj
 .rodata.UARTPrescTable
                0x0800b29c       0x18 cmake/stm32cubemx/CMakeFiles/STM32_Drivers.dir/__/__/Drivers/STM32G0xx_HAL_Driver/Src/stm32g0xx_hal_uart.c.obj
                0x0800b29c                UARTPrescTable
 .rodata.numerator.1
                0x0800b2b4        0x8 cmake/stm32cubemx/CMakeFiles/STM32_Drivers.dir/__/__/Drivers/STM32G0xx_HAL_Driver/Src/stm32g0xx_hal_uart_ex.c.obj
 .rodata.denominator.0
                0x0800b2bc        0x8 cmake/stm32cubemx/CMakeFiles/STM32_Drivers.dir/__/__/Drivers/STM32G0xx_HAL_Driver/Src/stm32g0xx_hal_uart_ex.c.obj
 .rodata.npio2_hw
                0x0800b2c4       0x80 D:/stm32/config/arm-gnu-toolchain-14.3/bin/../lib/gcc/arm-none-eabi/14.3.1/../../../../arm-none-eabi/lib/thumb/v6-m/nofp\libm.a(libm_a-e_rem_pio2.o)
 .rodata.two_over_pi
                0x0800b344      0x108 D:/stm32/config/arm-gnu-toolchain-14.3/bin/../lib/gcc/arm-none-eabi/14.3.1/../../../../arm-none-eabi/lib/thumb/v6-m/nofp\libm.a(libm_a-e_rem_pio2.o)
 *fill*         0x0800b44c        0x4 
 .rodata.PIo2   0x0800b450       0x40 D:/stm32/config/arm-gnu-toolchain-14.3/bin/../lib/gcc/arm-none-eabi/14.3.1/../../../../arm-none-eabi/lib/thumb/v6-m/nofp\libm.a(libm_a-k_rem_pio2.o)
 .rodata.init_jk
                0x0800b490       0x10 D:/stm32/config/arm-gnu-toolchain-14.3/bin/../lib/gcc/arm-none-eabi/14.3.1/../../../../arm-none-eabi/lib/thumb/v6-m/nofp\libm.a(libm_a-k_rem_pio2.o)
 .rodata.__aeabi_fdiv
                0x0800b4a0       0x7c D:/stm32/config/arm-gnu-toolchain-14.3/bin/../lib/gcc/arm-none-eabi/14.3.1/thumb/v6-m/nofp\libgcc.a(divsf3.o)
                0x0800b51c                        . = ALIGN (0x4)

.ARM.extab      0x0800b51c        0x0
                0x0800b51c                        . = ALIGN (0x4)
 *(.ARM.extab* .gnu.linkonce.armextab.*)
                0x0800b51c                        . = ALIGN (0x4)

.ARM            0x0800b51c        0x8
                0x0800b51c                        . = ALIGN (0x4)
                0x0800b51c                        __exidx_start = .
 *(.ARM.exidx*)
 .ARM.exidx.text.__udivmoddi4
                0x0800b51c        0x8 D:/stm32/config/arm-gnu-toolchain-14.3/bin/../lib/gcc/arm-none-eabi/14.3.1/thumb/v6-m/nofp\libgcc.a(_udivmoddi4.o)
                0x0800b524                        __exidx_end = .
                0x0800b524                        . = ALIGN (0x4)

.preinit_array  0x0800b524        0x0
                0x0800b524                        . = ALIGN (0x4)
                0x0800b524                        PROVIDE (__preinit_array_start = .)
 *(.preinit_array*)
                0x0800b524                        PROVIDE (__preinit_array_end = .)
                0x0800b524                        . = ALIGN (0x4)

.init_array     0x0800b524        0x4
                0x0800b524                        . = ALIGN (0x4)
                0x0800b524                        PROVIDE (__init_array_start = .)
 *(SORT_BY_NAME(.init_array.*))
 *(.init_array*)
 .init_array    0x0800b524        0x4 D:/stm32/config/arm-gnu-toolchain-14.3/bin/../lib/gcc/arm-none-eabi/14.3.1/thumb/v6-m/nofp/crtbegin.o
                0x0800b528                        PROVIDE (__init_array_end = .)
                0x0800b528                        . = ALIGN (0x4)

.fini_array     0x0800b528        0x4
                0x0800b528                        . = ALIGN (0x4)
                [!provide]                        PROVIDE (__fini_array_start = .)
 *(SORT_BY_NAME(.fini_array.*))
 *(.fini_array*)
 .fini_array    0x0800b528        0x4 D:/stm32/config/arm-gnu-toolchain-14.3/bin/../lib/gcc/arm-none-eabi/14.3.1/thumb/v6-m/nofp/crtbegin.o
                [!provide]                        PROVIDE (__fini_array_end = .)
                0x0800b52c                        . = ALIGN (0x4)
                0x0800b52c                        _sidata = LOADADDR (.data)

.rel.dyn        0x0800b52c        0x0
 .rel.iplt      0x0800b52c        0x0 D:/stm32/config/arm-gnu-toolchain-14.3/bin/../lib/gcc/arm-none-eabi/14.3.1/thumb/v6-m/nofp/crtbegin.o

.data           0x20000000       0x74 load address 0x0800b52c
                0x20000000                        . = ALIGN (0x4)
                0x20000000                        _sdata = .
 *(.data)
 *(.data*)
 .data.SystemCoreClock
                0x20000000        0x4 cmake/stm32cubemx/CMakeFiles/STM32_Drivers.dir/__/__/Core/Src/system_stm32g0xx.c.obj
                0x20000000                SystemCoreClock
 .data.uwTickPrio
                0x20000004        0x4 cmake/stm32cubemx/CMakeFiles/STM32_Drivers.dir/__/__/Drivers/STM32G0xx_HAL_Driver/Src/stm32g0xx_hal.c.obj
                0x20000004                uwTickPrio
 .data.uwTickFreq
                0x20000008        0x1 cmake/stm32cubemx/CMakeFiles/STM32_Drivers.dir/__/__/Drivers/STM32G0xx_HAL_Driver/Src/stm32g0xx_hal.c.obj
                0x20000008                uwTickFreq
 *fill*         0x20000009        0x3 
 .data.w        0x2000000c        0x4 CMakeFiles/Butterfly_v3.dir/application/butterfly.c.obj
 .data.Al       0x20000010        0x4 CMakeFiles/Butterfly_v3.dir/application/butterfly.c.obj
 .data.bl       0x20000014        0x4 CMakeFiles/Butterfly_v3.dir/application/butterfly.c.obj
 .data.Ar       0x20000018        0x4 CMakeFiles/Butterfly_v3.dir/application/butterfly.c.obj
 .data.br       0x2000001c        0x4 CMakeFiles/Butterfly_v3.dir/application/butterfly.c.obj
 .data.TIM      0x20000020        0x4 CMakeFiles/Butterfly_v3.dir/bsp/bsp_timer.c.obj
 .data._impure_ptr
                0x20000024        0x4 D:/stm32/config/arm-gnu-toolchain-14.3/bin/../lib/gcc/arm-none-eabi/14.3.1/../../../../arm-none-eabi/lib/thumb/v6-m/nofp\libg_nano.a(libc_a-impure.o)
                0x20000024                _impure_ptr
 .data._impure_data
                0x20000028       0x4c D:/stm32/config/arm-gnu-toolchain-14.3/bin/../lib/gcc/arm-none-eabi/14.3.1/../../../../arm-none-eabi/lib/thumb/v6-m/nofp\libg_nano.a(libc_a-impure.o)
                0x20000028                _impure_data
 *(.RamFunc)
 *(.RamFunc*)
                0x20000074                        . = ALIGN (0x4)

.tm_clone_table
                0x20000074        0x0 load address 0x0800b5a0
 .tm_clone_table
                0x20000074        0x0 D:/stm32/config/arm-gnu-toolchain-14.3/bin/../lib/gcc/arm-none-eabi/14.3.1/thumb/v6-m/nofp/crtbegin.o
 .tm_clone_table
                0x20000074        0x0 D:/stm32/config/arm-gnu-toolchain-14.3/bin/../lib/gcc/arm-none-eabi/14.3.1/thumb/v6-m/nofp/crtend.o

.igot.plt       0x20000074        0x0 load address 0x0800b5a0
 .igot.plt      0x20000074        0x0 D:/stm32/config/arm-gnu-toolchain-14.3/bin/../lib/gcc/arm-none-eabi/14.3.1/thumb/v6-m/nofp/crtbegin.o

.tdata          0x20000074        0x0 load address 0x0800b5a0
 *(.tdata .tdata.* .gnu.linkonce.td.*)
                0x20000074                        . = ALIGN (0x4)
                0x20000074                        _edata = .
                [!provide]                        PROVIDE (__data_end = .)
                [!provide]                        PROVIDE (__tdata_end = .)
                [!provide]                        PROVIDE (__tdata_start = ADDR (.tdata))
                [!provide]                        PROVIDE (__tdata_size = (__tdata_end - __tdata_start))
                [!provide]                        PROVIDE (__data_start = ADDR (.data))
                [!provide]                        PROVIDE (__data_size = (__data_end - __data_start))
                [!provide]                        PROVIDE (__tdata_source = LOADADDR (.tdata))
                [!provide]                        PROVIDE (__tdata_source_end = (LOADADDR (.tdata) + SIZEOF (.tdata)))
                [!provide]                        PROVIDE (__tdata_source_size = (__tdata_source_end - __tdata_source))
                [!provide]                        PROVIDE (__data_source = LOADADDR (.data))
                [!provide]                        PROVIDE (__data_source_end = __tdata_source_end)
                [!provide]                        PROVIDE (__data_source_size = (__data_source_end - __data_source))

.tbss           0x20000074        0x0 load address 0x0800b5a0
                0x20000074                        _sbss = .
                0x20000074                        __bss_start__ = _sbss
 *(.tbss .tbss.*)
                0x20000074                        . = ALIGN (0x4)
                [!provide]                        PROVIDE (__tbss_end = .)
                [!provide]                        PROVIDE (__tbss_start = ADDR (.tbss))
                [!provide]                        PROVIDE (__tbss_size = (__tbss_end - __tbss_start))
                [!provide]                        PROVIDE (__tbss_offset = (ADDR (.tbss) - ADDR (.tdata)))
                [!provide]                        PROVIDE (__tls_base = __tdata_start)
                [!provide]                        PROVIDE (__tls_end = __tbss_end)
                [!provide]                        PROVIDE (__tls_size = (__tls_end - __tls_base))
                [!provide]                        PROVIDE (__tls_align = MAX (ALIGNOF (.tdata), ALIGNOF (.tbss)))
                [!provide]                        PROVIDE (__tls_size_align = (((__tls_size + __tls_align) - 0x1) & ~ ((__tls_align - 0x1))))
                [!provide]                        PROVIDE (__arm32_tls_tcb_offset = MAX (0x8, __tls_align))
                [!provide]                        PROVIDE (__arm64_tls_tcb_offset = MAX (0x10, __tls_align))

.bss            0x20000074      0x52c load address 0x0800b5a0
 *(.bss)
 *(.bss*)
 .bss.completed.1
                0x20000074        0x1 D:/stm32/config/arm-gnu-toolchain-14.3/bin/../lib/gcc/arm-none-eabi/14.3.1/thumb/v6-m/nofp/crtbegin.o
 *fill*         0x20000075        0x3 
 .bss.object.0  0x20000078       0x18 D:/stm32/config/arm-gnu-toolchain-14.3/bin/../lib/gcc/arm-none-eabi/14.3.1/thumb/v6-m/nofp/crtbegin.o
 .bss.uwTick    0x20000090        0x4 cmake/stm32cubemx/CMakeFiles/STM32_Drivers.dir/__/__/Drivers/STM32G0xx_HAL_Driver/Src/stm32g0xx_hal.c.obj
                0x20000090                uwTick
 .bss.hadc1     0x20000094       0x64 CMakeFiles/Butterfly_v3.dir/Core/Src/adc.c.obj
                0x20000094                hadc1
 .bss.hdma_adc1
                0x200000f8       0x5c CMakeFiles/Butterfly_v3.dir/Core/Src/adc.c.obj
                0x200000f8                hdma_adc1
 .bss.htim2     0x20000154       0x4c CMakeFiles/Butterfly_v3.dir/Core/Src/tim.c.obj
                0x20000154                htim2
 .bss.htim3     0x200001a0       0x4c CMakeFiles/Butterfly_v3.dir/Core/Src/tim.c.obj
                0x200001a0                htim3
 .bss.htim16    0x200001ec       0x4c CMakeFiles/Butterfly_v3.dir/Core/Src/tim.c.obj
                0x200001ec                htim16
 .bss.huart1    0x20000238       0x94 CMakeFiles/Butterfly_v3.dir/Core/Src/usart.c.obj
                0x20000238                huart1
 .bss.hdma_usart1_rx
                0x200002cc       0x5c CMakeFiles/Butterfly_v3.dir/Core/Src/usart.c.obj
                0x200002cc                hdma_usart1_rx
 .bss.htim17    0x20000328       0x4c CMakeFiles/Butterfly_v3.dir/Core/Src/stm32g0xx_hal_timebase_tim.c.obj
                0x20000328                htim17
 .bss.__sbrk_heap_end
                0x20000374        0x4 CMakeFiles/Butterfly_v3.dir/Core/Src/sysmem.c.obj
 .bss.butterfly_mode
                0x20000378        0x1 CMakeFiles/Butterfly_v3.dir/application/butterfly.c.obj
 *fill*         0x20000379        0x3 
 .bss.motor_l   0x2000037c        0x4 CMakeFiles/Butterfly_v3.dir/application/butterfly.c.obj
 .bss.motor_r   0x20000380        0x4 CMakeFiles/Butterfly_v3.dir/application/butterfly.c.obj
 .bss.feedforward_l
                0x20000384        0x4 CMakeFiles/Butterfly_v3.dir/application/butterfly.c.obj
                0x20000384                feedforward_l
 .bss.feedforward_r
                0x20000388        0x4 CMakeFiles/Butterfly_v3.dir/application/butterfly.c.obj
                0x20000388                feedforward_r
 .bss.rc_fs     0x2000038c        0x4 CMakeFiles/Butterfly_v3.dir/application/butterfly.c.obj
 .bss.angle_l   0x20000390        0x4 CMakeFiles/Butterfly_v3.dir/application/butterfly.c.obj
 .bss.angle_r   0x20000394        0x4 CMakeFiles/Butterfly_v3.dir/application/butterfly.c.obj
 .bss.time      0x20000398        0x4 CMakeFiles/Butterfly_v3.dir/application/butterfly.c.obj
 .bss.idx       0x2000039c        0x1 CMakeFiles/Butterfly_v3.dir/moudules/motor.c.obj
 *fill*         0x2000039d        0x3 
 .bss.motor_instance
                0x200003a0       0x10 CMakeFiles/Butterfly_v3.dir/moudules/motor.c.obj
 .bss.temp_iout.1
                0x200003b0        0x4 CMakeFiles/Butterfly_v3.dir/moudules/pid.c.obj
 .bss.temp_output.0
                0x200003b4        0x4 CMakeFiles/Butterfly_v3.dir/moudules/pid.c.obj
 .bss.rc_data   0x200003b8       0x32 CMakeFiles/Butterfly_v3.dir/moudules/remote_fs.c.obj
 *fill*         0x200003ea        0x2 
 .bss.rc_uart_instance
                0x200003ec        0x4 CMakeFiles/Butterfly_v3.dir/moudules/remote_fs.c.obj
 .bss.rc_daemon_instance
                0x200003f0        0x4 CMakeFiles/Butterfly_v3.dir/moudules/remote_fs.c.obj
 .bss.daemon_instances
                0x200003f4       0x3c CMakeFiles/Butterfly_v3.dir/moudules/daemon.c.obj
 .bss.idx       0x20000430        0x1 CMakeFiles/Butterfly_v3.dir/moudules/daemon.c.obj
 *fill*         0x20000431        0x3 
 .bss.uart_instance
                0x20000434        0x8 CMakeFiles/Butterfly_v3.dir/bsp/bsp_uart.c.obj
 .bss.idx       0x2000043c        0x1 CMakeFiles/Butterfly_v3.dir/bsp/bsp_uart.c.obj
 *fill*         0x2000043d        0x3 
 .bss.CPU_Freq_Hz
                0x20000440        0x4 CMakeFiles/Butterfly_v3.dir/bsp/bsp_timer.c.obj
 .bss.CPU_Freq_us
                0x20000444        0x4 CMakeFiles/Butterfly_v3.dir/bsp/bsp_timer.c.obj
 .bss.CPU_Freq_ms
                0x20000448        0x4 CMakeFiles/Butterfly_v3.dir/bsp/bsp_timer.c.obj
 .bss.CNT_TIM_Last
                0x2000044c        0x4 CMakeFiles/Butterfly_v3.dir/bsp/bsp_timer.c.obj
 .bss.CNT_Overflow
                0x20000450        0x4 CMakeFiles/Butterfly_v3.dir/bsp/bsp_timer.c.obj
 .bss.locker.0  0x20000454        0x1 CMakeFiles/Butterfly_v3.dir/bsp/bsp_timer.c.obj
 *fill*         0x20000455        0x3 
 .bss.__malloc_sbrk_start
                0x20000458        0x4 D:/stm32/config/arm-gnu-toolchain-14.3/bin/../lib/gcc/arm-none-eabi/14.3.1/../../../../arm-none-eabi/lib/thumb/v6-m/nofp\libg_nano.a(libc_a-mallocr.o)
                0x20000458                __malloc_sbrk_start
 .bss.__malloc_free_list
                0x2000045c        0x4 D:/stm32/config/arm-gnu-toolchain-14.3/bin/../lib/gcc/arm-none-eabi/14.3.1/../../../../arm-none-eabi/lib/thumb/v6-m/nofp\libg_nano.a(libc_a-mallocr.o)
                0x2000045c                __malloc_free_list
 .bss.__sf      0x20000460      0x138 D:/stm32/config/arm-gnu-toolchain-14.3/bin/../lib/gcc/arm-none-eabi/14.3.1/../../../../arm-none-eabi/lib/thumb/v6-m/nofp\libg_nano.a(libc_a-findfp.o)
                0x20000460                __sf
 .bss.errno     0x20000598        0x4 D:/stm32/config/arm-gnu-toolchain-14.3/bin/../lib/gcc/arm-none-eabi/14.3.1/../../../../arm-none-eabi/lib/thumb/v6-m/nofp\libg_nano.a(libc_a-reent.o)
                0x20000598                errno
 .bss.__lock___malloc_recursive_mutex
                0x2000059c        0x1 D:/stm32/config/arm-gnu-toolchain-14.3/bin/../lib/gcc/arm-none-eabi/14.3.1/../../../../arm-none-eabi/lib/thumb/v6-m/nofp\libg_nano.a(libc_a-lock.o)
                0x2000059c                __lock___malloc_recursive_mutex
 *(COMMON)
                0x200005a0                        . = ALIGN (0x4)
 *fill*         0x2000059d        0x3 
                0x200005a0                        _ebss = .
                0x200005a0                        __bss_end__ = _ebss
                [!provide]                        PROVIDE (__bss_end = .)
                [!provide]                        PROVIDE (__non_tls_bss_start = ADDR (.bss))
                [!provide]                        PROVIDE (__bss_start = __tbss_start)
                [!provide]                        PROVIDE (__bss_size = (__bss_end - __bss_start))

._user_heap_stack
                0x200005a0      0x600 load address 0x0800b5a0
                0x200005a0                        . = ALIGN (0x8)
                [!provide]                        PROVIDE (end = .)
                0x200005a0                        PROVIDE (_end = .)
                0x200007a0                        . = (. + _Min_Heap_Size)
 *fill*         0x200005a0      0x200 
                0x20000ba0                        . = (. + _Min_Stack_Size)
 *fill*         0x200007a0      0x400 
                0x20000ba0                        . = ALIGN (0x8)

/DISCARD/
 libc.a:*(*)
 libm.a:*(*)
 libgcc.a:*(*)
OUTPUT(Butterfly_v3.elf elf32-littlearm)
LOAD linker stubs

.ARM.attributes
                0x00000000       0x28
 .ARM.attributes
                0x00000000       0x1e D:/stm32/config/arm-gnu-toolchain-14.3/bin/../lib/gcc/arm-none-eabi/14.3.1/thumb/v6-m/nofp/crti.o
 .ARM.attributes
                0x0000001e       0x2c D:/stm32/config/arm-gnu-toolchain-14.3/bin/../lib/gcc/arm-none-eabi/14.3.1/thumb/v6-m/nofp/crtbegin.o
 .ARM.attributes
                0x0000004a       0x2c cmake/stm32cubemx/CMakeFiles/STM32_Drivers.dir/__/__/Core/Src/system_stm32g0xx.c.obj
 .ARM.attributes
                0x00000076       0x2c cmake/stm32cubemx/CMakeFiles/STM32_Drivers.dir/__/__/Drivers/STM32G0xx_HAL_Driver/Src/stm32g0xx_hal_tim.c.obj
 .ARM.attributes
                0x000000a2       0x2c cmake/stm32cubemx/CMakeFiles/STM32_Drivers.dir/__/__/Drivers/STM32G0xx_HAL_Driver/Src/stm32g0xx_hal_tim_ex.c.obj
 .ARM.attributes
                0x000000ce       0x2c cmake/stm32cubemx/CMakeFiles/STM32_Drivers.dir/__/__/Drivers/STM32G0xx_HAL_Driver/Src/stm32g0xx_hal_adc.c.obj
 .ARM.attributes
                0x000000fa       0x2c cmake/stm32cubemx/CMakeFiles/STM32_Drivers.dir/__/__/Drivers/STM32G0xx_HAL_Driver/Src/stm32g0xx_hal_rcc.c.obj
 .ARM.attributes
                0x00000126       0x2c cmake/stm32cubemx/CMakeFiles/STM32_Drivers.dir/__/__/Drivers/STM32G0xx_HAL_Driver/Src/stm32g0xx_hal_rcc_ex.c.obj
 .ARM.attributes
                0x00000152       0x2c cmake/stm32cubemx/CMakeFiles/STM32_Drivers.dir/__/__/Drivers/STM32G0xx_HAL_Driver/Src/stm32g0xx_hal_gpio.c.obj
 .ARM.attributes
                0x0000017e       0x2c cmake/stm32cubemx/CMakeFiles/STM32_Drivers.dir/__/__/Drivers/STM32G0xx_HAL_Driver/Src/stm32g0xx_hal_dma.c.obj
 .ARM.attributes
                0x000001aa       0x2c cmake/stm32cubemx/CMakeFiles/STM32_Drivers.dir/__/__/Drivers/STM32G0xx_HAL_Driver/Src/stm32g0xx_hal_pwr_ex.c.obj
 .ARM.attributes
                0x000001d6       0x2c cmake/stm32cubemx/CMakeFiles/STM32_Drivers.dir/__/__/Drivers/STM32G0xx_HAL_Driver/Src/stm32g0xx_hal_cortex.c.obj
 .ARM.attributes
                0x00000202       0x2c cmake/stm32cubemx/CMakeFiles/STM32_Drivers.dir/__/__/Drivers/STM32G0xx_HAL_Driver/Src/stm32g0xx_hal.c.obj
 .ARM.attributes
                0x0000022e       0x2c cmake/stm32cubemx/CMakeFiles/STM32_Drivers.dir/__/__/Drivers/STM32G0xx_HAL_Driver/Src/stm32g0xx_hal_uart.c.obj
 .ARM.attributes
                0x0000025a       0x2c cmake/stm32cubemx/CMakeFiles/STM32_Drivers.dir/__/__/Drivers/STM32G0xx_HAL_Driver/Src/stm32g0xx_hal_uart_ex.c.obj
 .ARM.attributes
                0x00000286       0x2c CMakeFiles/Butterfly_v3.dir/Core/Src/main.c.obj
 .ARM.attributes
                0x000002b2       0x2c CMakeFiles/Butterfly_v3.dir/Core/Src/gpio.c.obj
 .ARM.attributes
                0x000002de       0x2c CMakeFiles/Butterfly_v3.dir/Core/Src/adc.c.obj
 .ARM.attributes
                0x0000030a       0x2c CMakeFiles/Butterfly_v3.dir/Core/Src/dma.c.obj
 .ARM.attributes
                0x00000336       0x2c CMakeFiles/Butterfly_v3.dir/Core/Src/tim.c.obj
 .ARM.attributes
                0x00000362       0x2c CMakeFiles/Butterfly_v3.dir/Core/Src/usart.c.obj
 .ARM.attributes
                0x0000038e       0x2c CMakeFiles/Butterfly_v3.dir/Core/Src/stm32g0xx_it.c.obj
 .ARM.attributes
                0x000003ba       0x2c CMakeFiles/Butterfly_v3.dir/Core/Src/stm32g0xx_hal_msp.c.obj
 .ARM.attributes
                0x000003e6       0x2c CMakeFiles/Butterfly_v3.dir/Core/Src/stm32g0xx_hal_timebase_tim.c.obj
 .ARM.attributes
                0x00000412       0x2c CMakeFiles/Butterfly_v3.dir/Core/Src/sysmem.c.obj
 .ARM.attributes
                0x0000043e       0x22 CMakeFiles/Butterfly_v3.dir/startup_stm32g031xx.s.obj
 .ARM.attributes
                0x00000460       0x2c CMakeFiles/Butterfly_v3.dir/application/butterfly.c.obj
 .ARM.attributes
                0x0000048c       0x2c CMakeFiles/Butterfly_v3.dir/moudules/motor.c.obj
 .ARM.attributes
                0x000004b8       0x2c CMakeFiles/Butterfly_v3.dir/moudules/pid.c.obj
 .ARM.attributes
                0x000004e4       0x2c CMakeFiles/Butterfly_v3.dir/moudules/remote_fs.c.obj
 .ARM.attributes
                0x00000510       0x2c CMakeFiles/Butterfly_v3.dir/moudules/daemon.c.obj
 .ARM.attributes
                0x0000053c       0x2c CMakeFiles/Butterfly_v3.dir/bsp/bsp_uart.c.obj
 .ARM.attributes
                0x00000568       0x2c CMakeFiles/Butterfly_v3.dir/bsp/bsp_timer.c.obj
 .ARM.attributes
                0x00000594       0x2c D:/stm32/config/arm-gnu-toolchain-14.3/bin/../lib/gcc/arm-none-eabi/14.3.1/../../../../arm-none-eabi/lib/thumb/v6-m/nofp\libm.a(libm_a-s_cos.o)
 .ARM.attributes
                0x000005c0       0x2c D:/stm32/config/arm-gnu-toolchain-14.3/bin/../lib/gcc/arm-none-eabi/14.3.1/../../../../arm-none-eabi/lib/thumb/v6-m/nofp\libm.a(libm_a-s_sin.o)
 .ARM.attributes
                0x000005ec       0x2c D:/stm32/config/arm-gnu-toolchain-14.3/bin/../lib/gcc/arm-none-eabi/14.3.1/../../../../arm-none-eabi/lib/thumb/v6-m/nofp\libm.a(libm_a-k_cos.o)
 .ARM.attributes
                0x00000618       0x2c D:/stm32/config/arm-gnu-toolchain-14.3/bin/../lib/gcc/arm-none-eabi/14.3.1/../../../../arm-none-eabi/lib/thumb/v6-m/nofp\libm.a(libm_a-k_sin.o)
 .ARM.attributes
                0x00000644       0x2c D:/stm32/config/arm-gnu-toolchain-14.3/bin/../lib/gcc/arm-none-eabi/14.3.1/../../../../arm-none-eabi/lib/thumb/v6-m/nofp\libm.a(libm_a-e_rem_pio2.o)
 .ARM.attributes
                0x00000670       0x2c D:/stm32/config/arm-gnu-toolchain-14.3/bin/../lib/gcc/arm-none-eabi/14.3.1/../../../../arm-none-eabi/lib/thumb/v6-m/nofp\libm.a(libm_a-s_fabs.o)
 .ARM.attributes
                0x0000069c       0x2c D:/stm32/config/arm-gnu-toolchain-14.3/bin/../lib/gcc/arm-none-eabi/14.3.1/../../../../arm-none-eabi/lib/thumb/v6-m/nofp\libm.a(libm_a-k_rem_pio2.o)
 .ARM.attributes
                0x000006c8       0x2c D:/stm32/config/arm-gnu-toolchain-14.3/bin/../lib/gcc/arm-none-eabi/14.3.1/../../../../arm-none-eabi/lib/thumb/v6-m/nofp\libm.a(libm_a-s_scalbn.o)
 .ARM.attributes
                0x000006f4       0x2c D:/stm32/config/arm-gnu-toolchain-14.3/bin/../lib/gcc/arm-none-eabi/14.3.1/../../../../arm-none-eabi/lib/thumb/v6-m/nofp\libm.a(libm_a-s_floor.o)
 .ARM.attributes
                0x00000720       0x1e D:/stm32/config/arm-gnu-toolchain-14.3/bin/../lib/gcc/arm-none-eabi/14.3.1/thumb/v6-m/nofp\libgcc.a(_udivsi3.o)
 .ARM.attributes
                0x0000073e       0x1e D:/stm32/config/arm-gnu-toolchain-14.3/bin/../lib/gcc/arm-none-eabi/14.3.1/thumb/v6-m/nofp\libgcc.a(_divsi3.o)
 .ARM.attributes
                0x0000075c       0x1e D:/stm32/config/arm-gnu-toolchain-14.3/bin/../lib/gcc/arm-none-eabi/14.3.1/thumb/v6-m/nofp\libgcc.a(_dvmd_tls.o)
 .ARM.attributes
                0x0000077a       0x1e D:/stm32/config/arm-gnu-toolchain-14.3/bin/../lib/gcc/arm-none-eabi/14.3.1/thumb/v6-m/nofp\libgcc.a(_arm_cmpdf2.o)
 .ARM.attributes
                0x00000798       0x1e D:/stm32/config/arm-gnu-toolchain-14.3/bin/../lib/gcc/arm-none-eabi/14.3.1/thumb/v6-m/nofp\libgcc.a(_arm_cmpsf2.o)
 .ARM.attributes
                0x000007b6       0x1e D:/stm32/config/arm-gnu-toolchain-14.3/bin/../lib/gcc/arm-none-eabi/14.3.1/thumb/v6-m/nofp\libgcc.a(_aeabi_uldivmod.o)
 .ARM.attributes
                0x000007d4       0x2c D:/stm32/config/arm-gnu-toolchain-14.3/bin/../lib/gcc/arm-none-eabi/14.3.1/thumb/v6-m/nofp\libgcc.a(_udivmoddi4.o)
 .ARM.attributes
                0x00000800       0x2c D:/stm32/config/arm-gnu-toolchain-14.3/bin/../lib/gcc/arm-none-eabi/14.3.1/thumb/v6-m/nofp\libgcc.a(addsf3.o)
 .ARM.attributes
                0x0000082c       0x2c D:/stm32/config/arm-gnu-toolchain-14.3/bin/../lib/gcc/arm-none-eabi/14.3.1/thumb/v6-m/nofp\libgcc.a(divsf3.o)
 .ARM.attributes
                0x00000858       0x2c D:/stm32/config/arm-gnu-toolchain-14.3/bin/../lib/gcc/arm-none-eabi/14.3.1/thumb/v6-m/nofp\libgcc.a(eqsf2.o)
 .ARM.attributes
                0x00000884       0x2c D:/stm32/config/arm-gnu-toolchain-14.3/bin/../lib/gcc/arm-none-eabi/14.3.1/thumb/v6-m/nofp\libgcc.a(gesf2.o)
 .ARM.attributes
                0x000008b0       0x2c D:/stm32/config/arm-gnu-toolchain-14.3/bin/../lib/gcc/arm-none-eabi/14.3.1/thumb/v6-m/nofp\libgcc.a(lesf2.o)
 .ARM.attributes
                0x000008dc       0x2c D:/stm32/config/arm-gnu-toolchain-14.3/bin/../lib/gcc/arm-none-eabi/14.3.1/thumb/v6-m/nofp\libgcc.a(mulsf3.o)
 .ARM.attributes
                0x00000908       0x2c D:/stm32/config/arm-gnu-toolchain-14.3/bin/../lib/gcc/arm-none-eabi/14.3.1/thumb/v6-m/nofp\libgcc.a(subsf3.o)
 .ARM.attributes
                0x00000934       0x2c D:/stm32/config/arm-gnu-toolchain-14.3/bin/../lib/gcc/arm-none-eabi/14.3.1/thumb/v6-m/nofp\libgcc.a(fixsfsi.o)
 .ARM.attributes
                0x00000960       0x2c D:/stm32/config/arm-gnu-toolchain-14.3/bin/../lib/gcc/arm-none-eabi/14.3.1/thumb/v6-m/nofp\libgcc.a(floatsisf.o)
 .ARM.attributes
                0x0000098c       0x2c D:/stm32/config/arm-gnu-toolchain-14.3/bin/../lib/gcc/arm-none-eabi/14.3.1/thumb/v6-m/nofp\libgcc.a(adddf3.o)
 .ARM.attributes
                0x000009b8       0x2c D:/stm32/config/arm-gnu-toolchain-14.3/bin/../lib/gcc/arm-none-eabi/14.3.1/thumb/v6-m/nofp\libgcc.a(eqdf2.o)
 .ARM.attributes
                0x000009e4       0x2c D:/stm32/config/arm-gnu-toolchain-14.3/bin/../lib/gcc/arm-none-eabi/14.3.1/thumb/v6-m/nofp\libgcc.a(gedf2.o)
 .ARM.attributes
                0x00000a10       0x2c D:/stm32/config/arm-gnu-toolchain-14.3/bin/../lib/gcc/arm-none-eabi/14.3.1/thumb/v6-m/nofp\libgcc.a(ledf2.o)
 .ARM.attributes
                0x00000a3c       0x2c D:/stm32/config/arm-gnu-toolchain-14.3/bin/../lib/gcc/arm-none-eabi/14.3.1/thumb/v6-m/nofp\libgcc.a(muldf3.o)
 .ARM.attributes
                0x00000a68       0x2c D:/stm32/config/arm-gnu-toolchain-14.3/bin/../lib/gcc/arm-none-eabi/14.3.1/thumb/v6-m/nofp\libgcc.a(subdf3.o)
 .ARM.attributes
                0x00000a94       0x2c D:/stm32/config/arm-gnu-toolchain-14.3/bin/../lib/gcc/arm-none-eabi/14.3.1/thumb/v6-m/nofp\libgcc.a(fixdfsi.o)
 .ARM.attributes
                0x00000ac0       0x2c D:/stm32/config/arm-gnu-toolchain-14.3/bin/../lib/gcc/arm-none-eabi/14.3.1/thumb/v6-m/nofp\libgcc.a(floatsidf.o)
 .ARM.attributes
                0x00000aec       0x2c D:/stm32/config/arm-gnu-toolchain-14.3/bin/../lib/gcc/arm-none-eabi/14.3.1/thumb/v6-m/nofp\libgcc.a(extendsfdf2.o)
 .ARM.attributes
                0x00000b18       0x2c D:/stm32/config/arm-gnu-toolchain-14.3/bin/../lib/gcc/arm-none-eabi/14.3.1/thumb/v6-m/nofp\libgcc.a(truncdfsf2.o)
 .ARM.attributes
                0x00000b44       0x1e D:/stm32/config/arm-gnu-toolchain-14.3/bin/../lib/gcc/arm-none-eabi/14.3.1/thumb/v6-m/nofp\libgcc.a(_clzsi2.o)
 .ARM.attributes
                0x00000b62       0x1e D:/stm32/config/arm-gnu-toolchain-14.3/bin/../lib/gcc/arm-none-eabi/14.3.1/thumb/v6-m/nofp\libgcc.a(_clzdi2.o)
 .ARM.attributes
                0x00000b80       0x2c D:/stm32/config/arm-gnu-toolchain-14.3/bin/../lib/gcc/arm-none-eabi/14.3.1/../../../../arm-none-eabi/lib/thumb/v6-m/nofp\libg_nano.a(libc_a-malloc.o)
 .ARM.attributes
                0x00000bac       0x2c D:/stm32/config/arm-gnu-toolchain-14.3/bin/../lib/gcc/arm-none-eabi/14.3.1/../../../../arm-none-eabi/lib/thumb/v6-m/nofp\libg_nano.a(libc_a-mallocr.o)
 .ARM.attributes
                0x00000bd8       0x2c D:/stm32/config/arm-gnu-toolchain-14.3/bin/../lib/gcc/arm-none-eabi/14.3.1/../../../../arm-none-eabi/lib/thumb/v6-m/nofp\libg_nano.a(libc_a-mlock.o)
 .ARM.attributes
                0x00000c04       0x2c D:/stm32/config/arm-gnu-toolchain-14.3/bin/../lib/gcc/arm-none-eabi/14.3.1/../../../../arm-none-eabi/lib/thumb/v6-m/nofp\libg_nano.a(libc_a-findfp.o)
 .ARM.attributes
                0x00000c30       0x2c D:/stm32/config/arm-gnu-toolchain-14.3/bin/../lib/gcc/arm-none-eabi/14.3.1/../../../../arm-none-eabi/lib/thumb/v6-m/nofp\libg_nano.a(libc_a-memset.o)
 .ARM.attributes
                0x00000c5c       0x2c D:/stm32/config/arm-gnu-toolchain-14.3/bin/../lib/gcc/arm-none-eabi/14.3.1/../../../../arm-none-eabi/lib/thumb/v6-m/nofp\libg_nano.a(libc_a-reent.o)
 .ARM.attributes
                0x00000c88       0x2c D:/stm32/config/arm-gnu-toolchain-14.3/bin/../lib/gcc/arm-none-eabi/14.3.1/../../../../arm-none-eabi/lib/thumb/v6-m/nofp\libg_nano.a(libc_a-impure.o)
 .ARM.attributes
                0x00000cb4       0x2c D:/stm32/config/arm-gnu-toolchain-14.3/bin/../lib/gcc/arm-none-eabi/14.3.1/../../../../arm-none-eabi/lib/thumb/v6-m/nofp\libg_nano.a(libc_a-sbrkr.o)
 .ARM.attributes
                0x00000ce0       0x2c D:/stm32/config/arm-gnu-toolchain-14.3/bin/../lib/gcc/arm-none-eabi/14.3.1/../../../../arm-none-eabi/lib/thumb/v6-m/nofp\libg_nano.a(libc_a-errno.o)
 .ARM.attributes
                0x00000d0c       0x2c D:/stm32/config/arm-gnu-toolchain-14.3/bin/../lib/gcc/arm-none-eabi/14.3.1/../../../../arm-none-eabi/lib/thumb/v6-m/nofp\libg_nano.a(libc_a-init.o)
 .ARM.attributes
                0x00000d38       0x2c D:/stm32/config/arm-gnu-toolchain-14.3/bin/../lib/gcc/arm-none-eabi/14.3.1/../../../../arm-none-eabi/lib/thumb/v6-m/nofp\libg_nano.a(libc_a-lock.o)
 .ARM.attributes
                0x00000d64       0x2c D:/stm32/config/arm-gnu-toolchain-14.3/bin/../lib/gcc/arm-none-eabi/14.3.1/../../../../arm-none-eabi/lib/thumb/v6-m/nofp\libg_nano.a(libc_a-memcpy-stub.o)
 .ARM.attributes
                0x00000d90       0x2c D:/stm32/config/arm-gnu-toolchain-14.3/bin/../lib/gcc/arm-none-eabi/14.3.1/thumb/v6-m/nofp/crtend.o
 .ARM.attributes
                0x00000dbc       0x1e D:/stm32/config/arm-gnu-toolchain-14.3/bin/../lib/gcc/arm-none-eabi/14.3.1/thumb/v6-m/nofp/crtn.o

.comment        0x00000000       0x46
 .comment       0x00000000       0x46 cmake/stm32cubemx/CMakeFiles/STM32_Drivers.dir/__/__/Core/Src/system_stm32g0xx.c.obj
                                 0x47 (size before relaxing)
 .comment       0x00000046       0x47 cmake/stm32cubemx/CMakeFiles/STM32_Drivers.dir/__/__/Drivers/STM32G0xx_HAL_Driver/Src/stm32g0xx_hal_tim.c.obj
 .comment       0x00000046       0x47 cmake/stm32cubemx/CMakeFiles/STM32_Drivers.dir/__/__/Drivers/STM32G0xx_HAL_Driver/Src/stm32g0xx_hal_tim_ex.c.obj
 .comment       0x00000046       0x47 cmake/stm32cubemx/CMakeFiles/STM32_Drivers.dir/__/__/Drivers/STM32G0xx_HAL_Driver/Src/stm32g0xx_hal_adc.c.obj
 .comment       0x00000046       0x47 cmake/stm32cubemx/CMakeFiles/STM32_Drivers.dir/__/__/Drivers/STM32G0xx_HAL_Driver/Src/stm32g0xx_hal_rcc.c.obj
 .comment       0x00000046       0x47 cmake/stm32cubemx/CMakeFiles/STM32_Drivers.dir/__/__/Drivers/STM32G0xx_HAL_Driver/Src/stm32g0xx_hal_rcc_ex.c.obj
 .comment       0x00000046       0x47 cmake/stm32cubemx/CMakeFiles/STM32_Drivers.dir/__/__/Drivers/STM32G0xx_HAL_Driver/Src/stm32g0xx_hal_gpio.c.obj
 .comment       0x00000046       0x47 cmake/stm32cubemx/CMakeFiles/STM32_Drivers.dir/__/__/Drivers/STM32G0xx_HAL_Driver/Src/stm32g0xx_hal_dma.c.obj
 .comment       0x00000046       0x47 cmake/stm32cubemx/CMakeFiles/STM32_Drivers.dir/__/__/Drivers/STM32G0xx_HAL_Driver/Src/stm32g0xx_hal_pwr_ex.c.obj
 .comment       0x00000046       0x47 cmake/stm32cubemx/CMakeFiles/STM32_Drivers.dir/__/__/Drivers/STM32G0xx_HAL_Driver/Src/stm32g0xx_hal_cortex.c.obj
 .comment       0x00000046       0x47 cmake/stm32cubemx/CMakeFiles/STM32_Drivers.dir/__/__/Drivers/STM32G0xx_HAL_Driver/Src/stm32g0xx_hal.c.obj
 .comment       0x00000046       0x47 cmake/stm32cubemx/CMakeFiles/STM32_Drivers.dir/__/__/Drivers/STM32G0xx_HAL_Driver/Src/stm32g0xx_hal_uart.c.obj
 .comment       0x00000046       0x47 cmake/stm32cubemx/CMakeFiles/STM32_Drivers.dir/__/__/Drivers/STM32G0xx_HAL_Driver/Src/stm32g0xx_hal_uart_ex.c.obj
 .comment       0x00000046       0x47 CMakeFiles/Butterfly_v3.dir/Core/Src/main.c.obj
 .comment       0x00000046       0x47 CMakeFiles/Butterfly_v3.dir/Core/Src/gpio.c.obj
 .comment       0x00000046       0x47 CMakeFiles/Butterfly_v3.dir/Core/Src/adc.c.obj
 .comment       0x00000046       0x47 CMakeFiles/Butterfly_v3.dir/Core/Src/dma.c.obj
 .comment       0x00000046       0x47 CMakeFiles/Butterfly_v3.dir/Core/Src/tim.c.obj
 .comment       0x00000046       0x47 CMakeFiles/Butterfly_v3.dir/Core/Src/usart.c.obj
 .comment       0x00000046       0x47 CMakeFiles/Butterfly_v3.dir/Core/Src/stm32g0xx_it.c.obj
 .comment       0x00000046       0x47 CMakeFiles/Butterfly_v3.dir/Core/Src/stm32g0xx_hal_msp.c.obj
 .comment       0x00000046       0x47 CMakeFiles/Butterfly_v3.dir/Core/Src/stm32g0xx_hal_timebase_tim.c.obj
 .comment       0x00000046       0x47 CMakeFiles/Butterfly_v3.dir/Core/Src/sysmem.c.obj
 .comment       0x00000046       0x47 CMakeFiles/Butterfly_v3.dir/application/butterfly.c.obj
 .comment       0x00000046       0x47 CMakeFiles/Butterfly_v3.dir/moudules/motor.c.obj
 .comment       0x00000046       0x47 CMakeFiles/Butterfly_v3.dir/moudules/pid.c.obj
 .comment       0x00000046       0x47 CMakeFiles/Butterfly_v3.dir/moudules/remote_fs.c.obj
 .comment       0x00000046       0x47 CMakeFiles/Butterfly_v3.dir/moudules/daemon.c.obj
 .comment       0x00000046       0x47 CMakeFiles/Butterfly_v3.dir/bsp/bsp_uart.c.obj
 .comment       0x00000046       0x47 CMakeFiles/Butterfly_v3.dir/bsp/bsp_timer.c.obj

.debug_info     0x00000000    0x1851e
 .debug_info    0x00000000      0x316 cmake/stm32cubemx/CMakeFiles/STM32_Drivers.dir/__/__/Core/Src/system_stm32g0xx.c.obj
 .debug_info    0x00000316     0x2ba7 cmake/stm32cubemx/CMakeFiles/STM32_Drivers.dir/__/__/Drivers/STM32G0xx_HAL_Driver/Src/stm32g0xx_hal_tim.c.obj
 .debug_info    0x00002ebd     0x18b8 cmake/stm32cubemx/CMakeFiles/STM32_Drivers.dir/__/__/Drivers/STM32G0xx_HAL_Driver/Src/stm32g0xx_hal_tim_ex.c.obj
 .debug_info    0x00004775     0x155e cmake/stm32cubemx/CMakeFiles/STM32_Drivers.dir/__/__/Drivers/STM32G0xx_HAL_Driver/Src/stm32g0xx_hal_adc.c.obj
 .debug_info    0x00005cd3      0xb1b cmake/stm32cubemx/CMakeFiles/STM32_Drivers.dir/__/__/Drivers/STM32G0xx_HAL_Driver/Src/stm32g0xx_hal_rcc.c.obj
 .debug_info    0x000067ee      0x75b cmake/stm32cubemx/CMakeFiles/STM32_Drivers.dir/__/__/Drivers/STM32G0xx_HAL_Driver/Src/stm32g0xx_hal_rcc_ex.c.obj
 .debug_info    0x00006f49      0x59d cmake/stm32cubemx/CMakeFiles/STM32_Drivers.dir/__/__/Drivers/STM32G0xx_HAL_Driver/Src/stm32g0xx_hal_gpio.c.obj
 .debug_info    0x000074e6      0x86b cmake/stm32cubemx/CMakeFiles/STM32_Drivers.dir/__/__/Drivers/STM32G0xx_HAL_Driver/Src/stm32g0xx_hal_dma.c.obj
 .debug_info    0x00007d51      0x77d cmake/stm32cubemx/CMakeFiles/STM32_Drivers.dir/__/__/Drivers/STM32G0xx_HAL_Driver/Src/stm32g0xx_hal_pwr_ex.c.obj
 .debug_info    0x000084ce      0x8c7 cmake/stm32cubemx/CMakeFiles/STM32_Drivers.dir/__/__/Drivers/STM32G0xx_HAL_Driver/Src/stm32g0xx_hal_cortex.c.obj
 .debug_info    0x00008d95      0xa2f cmake/stm32cubemx/CMakeFiles/STM32_Drivers.dir/__/__/Drivers/STM32G0xx_HAL_Driver/Src/stm32g0xx_hal.c.obj
 .debug_info    0x000097c4     0x4840 cmake/stm32cubemx/CMakeFiles/STM32_Drivers.dir/__/__/Drivers/STM32G0xx_HAL_Driver/Src/stm32g0xx_hal_uart.c.obj
 .debug_info    0x0000e004      0xf95 cmake/stm32cubemx/CMakeFiles/STM32_Drivers.dir/__/__/Drivers/STM32G0xx_HAL_Driver/Src/stm32g0xx_hal_uart_ex.c.obj
 .debug_info    0x0000ef99      0xa2f CMakeFiles/Butterfly_v3.dir/Core/Src/main.c.obj
 .debug_info    0x0000f9c8      0x282 CMakeFiles/Butterfly_v3.dir/Core/Src/gpio.c.obj
 .debug_info    0x0000fc4a      0xb6f CMakeFiles/Butterfly_v3.dir/Core/Src/adc.c.obj
 .debug_info    0x000107b9      0x353 CMakeFiles/Butterfly_v3.dir/Core/Src/dma.c.obj
 .debug_info    0x00010b0c      0xf0c CMakeFiles/Butterfly_v3.dir/Core/Src/tim.c.obj
 .debug_info    0x00011a18      0xc49 CMakeFiles/Butterfly_v3.dir/Core/Src/usart.c.obj
 .debug_info    0x00012661      0x82b CMakeFiles/Butterfly_v3.dir/Core/Src/stm32g0xx_it.c.obj
 .debug_info    0x00012e8c      0x265 CMakeFiles/Butterfly_v3.dir/Core/Src/stm32g0xx_hal_msp.c.obj
 .debug_info    0x000130f1      0xb79 CMakeFiles/Butterfly_v3.dir/Core/Src/stm32g0xx_hal_timebase_tim.c.obj
 .debug_info    0x00013c6a      0x168 CMakeFiles/Butterfly_v3.dir/Core/Src/sysmem.c.obj
 .debug_info    0x00013dd2       0x30 CMakeFiles/Butterfly_v3.dir/startup_stm32g031xx.s.obj
 .debug_info    0x00013e02     0x12dc CMakeFiles/Butterfly_v3.dir/application/butterfly.c.obj
 .debug_info    0x000150de      0xee2 CMakeFiles/Butterfly_v3.dir/moudules/motor.c.obj
 .debug_info    0x00015fc0      0x3e5 CMakeFiles/Butterfly_v3.dir/moudules/pid.c.obj
 .debug_info    0x000163a5      0xc2d CMakeFiles/Butterfly_v3.dir/moudules/remote_fs.c.obj
 .debug_info    0x00016fd2      0x24c CMakeFiles/Butterfly_v3.dir/moudules/daemon.c.obj
 .debug_info    0x0001721e      0x949 CMakeFiles/Butterfly_v3.dir/bsp/bsp_uart.c.obj
 .debug_info    0x00017b67      0x9b7 CMakeFiles/Butterfly_v3.dir/bsp/bsp_timer.c.obj

.debug_abbrev   0x00000000     0x3c34
 .debug_abbrev  0x00000000      0x119 cmake/stm32cubemx/CMakeFiles/STM32_Drivers.dir/__/__/Core/Src/system_stm32g0xx.c.obj
 .debug_abbrev  0x00000119      0x29b cmake/stm32cubemx/CMakeFiles/STM32_Drivers.dir/__/__/Drivers/STM32G0xx_HAL_Driver/Src/stm32g0xx_hal_tim.c.obj
 .debug_abbrev  0x000003b4      0x2ab cmake/stm32cubemx/CMakeFiles/STM32_Drivers.dir/__/__/Drivers/STM32G0xx_HAL_Driver/Src/stm32g0xx_hal_tim_ex.c.obj
 .debug_abbrev  0x0000065f      0x267 cmake/stm32cubemx/CMakeFiles/STM32_Drivers.dir/__/__/Drivers/STM32G0xx_HAL_Driver/Src/stm32g0xx_hal_adc.c.obj
 .debug_abbrev  0x000008c6      0x2a9 cmake/stm32cubemx/CMakeFiles/STM32_Drivers.dir/__/__/Drivers/STM32G0xx_HAL_Driver/Src/stm32g0xx_hal_rcc.c.obj
 .debug_abbrev  0x00000b6f      0x229 cmake/stm32cubemx/CMakeFiles/STM32_Drivers.dir/__/__/Drivers/STM32G0xx_HAL_Driver/Src/stm32g0xx_hal_rcc_ex.c.obj
 .debug_abbrev  0x00000d98      0x1c3 cmake/stm32cubemx/CMakeFiles/STM32_Drivers.dir/__/__/Drivers/STM32G0xx_HAL_Driver/Src/stm32g0xx_hal_gpio.c.obj
 .debug_abbrev  0x00000f5b      0x1e1 cmake/stm32cubemx/CMakeFiles/STM32_Drivers.dir/__/__/Drivers/STM32G0xx_HAL_Driver/Src/stm32g0xx_hal_dma.c.obj
 .debug_abbrev  0x0000113c      0x237 cmake/stm32cubemx/CMakeFiles/STM32_Drivers.dir/__/__/Drivers/STM32G0xx_HAL_Driver/Src/stm32g0xx_hal_pwr_ex.c.obj
 .debug_abbrev  0x00001373      0x2ab cmake/stm32cubemx/CMakeFiles/STM32_Drivers.dir/__/__/Drivers/STM32G0xx_HAL_Driver/Src/stm32g0xx_hal_cortex.c.obj
 .debug_abbrev  0x0000161e      0x2b6 cmake/stm32cubemx/CMakeFiles/STM32_Drivers.dir/__/__/Drivers/STM32G0xx_HAL_Driver/Src/stm32g0xx_hal.c.obj
 .debug_abbrev  0x000018d4      0x325 cmake/stm32cubemx/CMakeFiles/STM32_Drivers.dir/__/__/Drivers/STM32G0xx_HAL_Driver/Src/stm32g0xx_hal_uart.c.obj
 .debug_abbrev  0x00001bf9      0x2e5 cmake/stm32cubemx/CMakeFiles/STM32_Drivers.dir/__/__/Drivers/STM32G0xx_HAL_Driver/Src/stm32g0xx_hal_uart_ex.c.obj
 .debug_abbrev  0x00001ede      0x23e CMakeFiles/Butterfly_v3.dir/Core/Src/main.c.obj
 .debug_abbrev  0x0000211c       0xdd CMakeFiles/Butterfly_v3.dir/Core/Src/gpio.c.obj
 .debug_abbrev  0x000021f9      0x205 CMakeFiles/Butterfly_v3.dir/Core/Src/adc.c.obj
 .debug_abbrev  0x000023fe      0x115 CMakeFiles/Butterfly_v3.dir/Core/Src/dma.c.obj
 .debug_abbrev  0x00002513      0x2ba CMakeFiles/Butterfly_v3.dir/Core/Src/tim.c.obj
 .debug_abbrev  0x000027cd      0x221 CMakeFiles/Butterfly_v3.dir/Core/Src/usart.c.obj
 .debug_abbrev  0x000029ee      0x1ac CMakeFiles/Butterfly_v3.dir/Core/Src/stm32g0xx_it.c.obj
 .debug_abbrev  0x00002b9a       0xdd CMakeFiles/Butterfly_v3.dir/Core/Src/stm32g0xx_hal_msp.c.obj
 .debug_abbrev  0x00002c77      0x223 CMakeFiles/Butterfly_v3.dir/Core/Src/stm32g0xx_hal_timebase_tim.c.obj
 .debug_abbrev  0x00002e9a       0xbc CMakeFiles/Butterfly_v3.dir/Core/Src/sysmem.c.obj
 .debug_abbrev  0x00002f56       0x24 CMakeFiles/Butterfly_v3.dir/startup_stm32g031xx.s.obj
 .debug_abbrev  0x00002f7a      0x24c CMakeFiles/Butterfly_v3.dir/application/butterfly.c.obj
 .debug_abbrev  0x000031c6      0x235 CMakeFiles/Butterfly_v3.dir/moudules/motor.c.obj
 .debug_abbrev  0x000033fb      0x131 CMakeFiles/Butterfly_v3.dir/moudules/pid.c.obj
 .debug_abbrev  0x0000352c      0x22b CMakeFiles/Butterfly_v3.dir/moudules/remote_fs.c.obj
 .debug_abbrev  0x00003757      0x12b CMakeFiles/Butterfly_v3.dir/moudules/daemon.c.obj
 .debug_abbrev  0x00003882      0x1bc CMakeFiles/Butterfly_v3.dir/bsp/bsp_uart.c.obj
 .debug_abbrev  0x00003a3e      0x1f6 CMakeFiles/Butterfly_v3.dir/bsp/bsp_timer.c.obj

.debug_aranges  0x00000000     0x1378
 .debug_aranges
                0x00000000       0x28 cmake/stm32cubemx/CMakeFiles/STM32_Drivers.dir/__/__/Core/Src/system_stm32g0xx.c.obj
 .debug_aranges
                0x00000028      0x3e0 cmake/stm32cubemx/CMakeFiles/STM32_Drivers.dir/__/__/Drivers/STM32G0xx_HAL_Driver/Src/stm32g0xx_hal_tim.c.obj
 .debug_aranges
                0x00000408      0x198 cmake/stm32cubemx/CMakeFiles/STM32_Drivers.dir/__/__/Drivers/STM32G0xx_HAL_Driver/Src/stm32g0xx_hal_tim_ex.c.obj
 .debug_aranges
                0x000005a0      0x1f0 cmake/stm32cubemx/CMakeFiles/STM32_Drivers.dir/__/__/Drivers/STM32G0xx_HAL_Driver/Src/stm32g0xx_hal_adc.c.obj
 .debug_aranges
                0x00000790       0xa0 cmake/stm32cubemx/CMakeFiles/STM32_Drivers.dir/__/__/Drivers/STM32G0xx_HAL_Driver/Src/stm32g0xx_hal_rcc.c.obj
 .debug_aranges
                0x00000830       0x40 cmake/stm32cubemx/CMakeFiles/STM32_Drivers.dir/__/__/Drivers/STM32G0xx_HAL_Driver/Src/stm32g0xx_hal_rcc_ex.c.obj
 .debug_aranges
                0x00000870       0x60 cmake/stm32cubemx/CMakeFiles/STM32_Drivers.dir/__/__/Drivers/STM32G0xx_HAL_Driver/Src/stm32g0xx_hal_gpio.c.obj
 .debug_aranges
                0x000008d0       0x90 cmake/stm32cubemx/CMakeFiles/STM32_Drivers.dir/__/__/Drivers/STM32G0xx_HAL_Driver/Src/stm32g0xx_hal_dma.c.obj
 .debug_aranges
                0x00000960       0xf0 cmake/stm32cubemx/CMakeFiles/STM32_Drivers.dir/__/__/Drivers/STM32G0xx_HAL_Driver/Src/stm32g0xx_hal_pwr_ex.c.obj
 .debug_aranges
                0x00000a50       0xe8 cmake/stm32cubemx/CMakeFiles/STM32_Drivers.dir/__/__/Drivers/STM32G0xx_HAL_Driver/Src/stm32g0xx_hal_cortex.c.obj
 .debug_aranges
                0x00000b38      0x128 cmake/stm32cubemx/CMakeFiles/STM32_Drivers.dir/__/__/Drivers/STM32G0xx_HAL_Driver/Src/stm32g0xx_hal.c.obj
 .debug_aranges
                0x00000c60      0x248 cmake/stm32cubemx/CMakeFiles/STM32_Drivers.dir/__/__/Drivers/STM32G0xx_HAL_Driver/Src/stm32g0xx_hal_uart.c.obj
 .debug_aranges
                0x00000ea8       0xa8 cmake/stm32cubemx/CMakeFiles/STM32_Drivers.dir/__/__/Drivers/STM32G0xx_HAL_Driver/Src/stm32g0xx_hal_uart_ex.c.obj