Archive member included to satisfy reference by file (symbol)

D:/stm32/config/arm-gnu-toolchain-14.3/bin/../lib/gcc/arm-none-eabi/14.3.1/thumb/v6-m/nofp\libgcc.a(_udivsi3.o)
                              cmake/stm32cubemx/CMakeFiles/STM32_Drivers.dir/__/__/Core/Src/system_stm32g0xx.c.obj (__aeabi_uidiv)
D:/stm32/config/arm-gnu-toolchain-14.3/bin/../lib/gcc/arm-none-eabi/14.3.1/thumb/v6-m/nofp\libgcc.a(_divsi3.o)
                              cmake/stm32cubemx/CMakeFiles/STM32_Drivers.dir/__/__/Drivers/STM32G0xx_HAL_Driver/Src/stm32g0xx_hal_uart_ex.c.obj (__aeabi_idiv)
D:/stm32/config/arm-gnu-toolchain-14.3/bin/../lib/gcc/arm-none-eabi/14.3.1/thumb/v6-m/nofp\libgcc.a(_dvmd_tls.o)
                              D:/stm32/config/arm-gnu-toolchain-14.3/bin/../lib/gcc/arm-none-eabi/14.3.1/thumb/v6-m/nofp\libgcc.a(_udivsi3.o) (__aeabi_idiv0)
D:/stm32/config/arm-gnu-toolchain-14.3/bin/../lib/gcc/arm-none-eabi/14.3.1/thumb/v6-m/nofp\libgcc.a(_aeabi_uldivmod.o)
                              cmake/stm32cubemx/CMakeFiles/STM32_Drivers.dir/__/__/Drivers/STM32G0xx_HAL_Driver/Src/stm32g0xx_hal_uart.c.obj (__aeabi_uldivmod)
D:/stm32/config/arm-gnu-toolchain-14.3/bin/../lib/gcc/arm-none-eabi/14.3.1/thumb/v6-m/nofp\libgcc.a(_udivmoddi4.o)
                              D:/stm32/config/arm-gnu-toolchain-14.3/bin/../lib/gcc/arm-none-eabi/14.3.1/thumb/v6-m/nofp\libgcc.a(_aeabi_uldivmod.o) (__udivmoddi4)
D:/stm32/config/arm-gnu-toolchain-14.3/bin/../lib/gcc/arm-none-eabi/14.3.1/thumb/v6-m/nofp\libgcc.a(_clzdi2.o)
                              D:/stm32/config/arm-gnu-toolchain-14.3/bin/../lib/gcc/arm-none-eabi/14.3.1/thumb/v6-m/nofp\libgcc.a(_udivmoddi4.o) (__clzdi2)
D:/stm32/config/arm-gnu-toolchain-14.3/bin/../lib/gcc/arm-none-eabi/14.3.1/thumb/v6-m/nofp\libgcc.a(_clzsi2.o)
                              D:/stm32/config/arm-gnu-toolchain-14.3/bin/../lib/gcc/arm-none-eabi/14.3.1/thumb/v6-m/nofp\libgcc.a(_clzdi2.o) (__clzsi2)
D:/stm32/config/arm-gnu-toolchain-14.3/bin/../lib/gcc/arm-none-eabi/14.3.1/../../../../arm-none-eabi/lib/thumb/v6-m/nofp\libg_nano.a(libc_a-exit.o)
                              D:/stm32/config/arm-gnu-toolchain-14.3/bin/../lib/gcc/arm-none-eabi/14.3.1/../../../../arm-none-eabi/lib/thumb/v6-m/nofp/crt0.o (exit)
D:/stm32/config/arm-gnu-toolchain-14.3/bin/../lib/gcc/arm-none-eabi/14.3.1/../../../../arm-none-eabi/lib/thumb/v6-m/nofp\libg_nano.a(libc_a-findfp.o)
                              D:/stm32/config/arm-gnu-toolchain-14.3/bin/../lib/gcc/arm-none-eabi/14.3.1/../../../../arm-none-eabi/lib/thumb/v6-m/nofp\libg_nano.a(libc_a-exit.o) (__stdio_exit_handler)
D:/stm32/config/arm-gnu-toolchain-14.3/bin/../lib/gcc/arm-none-eabi/14.3.1/../../../../arm-none-eabi/lib/thumb/v6-m/nofp\libg_nano.a(libc_a-fwalk.o)
                              D:/stm32/config/arm-gnu-toolchain-14.3/bin/../lib/gcc/arm-none-eabi/14.3.1/../../../../arm-none-eabi/lib/thumb/v6-m/nofp\libg_nano.a(libc_a-findfp.o) (_fwalk_sglue)
D:/stm32/config/arm-gnu-toolchain-14.3/bin/../lib/gcc/arm-none-eabi/14.3.1/../../../../arm-none-eabi/lib/thumb/v6-m/nofp\libg_nano.a(libc_a-stdio.o)
                              D:/stm32/config/arm-gnu-toolchain-14.3/bin/../lib/gcc/arm-none-eabi/14.3.1/../../../../arm-none-eabi/lib/thumb/v6-m/nofp\libg_nano.a(libc_a-findfp.o) (__sread)
D:/stm32/config/arm-gnu-toolchain-14.3/bin/../lib/gcc/arm-none-eabi/14.3.1/../../../../arm-none-eabi/lib/thumb/v6-m/nofp\libg_nano.a(libc_a-memset.o)
                              D:/stm32/config/arm-gnu-toolchain-14.3/bin/../lib/gcc/arm-none-eabi/14.3.1/../../../../arm-none-eabi/lib/thumb/v6-m/nofp/crt0.o (memset)
D:/stm32/config/arm-gnu-toolchain-14.3/bin/../lib/gcc/arm-none-eabi/14.3.1/../../../../arm-none-eabi/lib/thumb/v6-m/nofp\libg_nano.a(libc_a-closer.o)
                              D:/stm32/config/arm-gnu-toolchain-14.3/bin/../lib/gcc/arm-none-eabi/14.3.1/../../../../arm-none-eabi/lib/thumb/v6-m/nofp\libg_nano.a(libc_a-stdio.o) (_close_r)
D:/stm32/config/arm-gnu-toolchain-14.3/bin/../lib/gcc/arm-none-eabi/14.3.1/../../../../arm-none-eabi/lib/thumb/v6-m/nofp\libg_nano.a(libc_a-reent.o)
                              D:/stm32/config/arm-gnu-toolchain-14.3/bin/../lib/gcc/arm-none-eabi/14.3.1/../../../../arm-none-eabi/lib/thumb/v6-m/nofp\libg_nano.a(libc_a-closer.o) (errno)
D:/stm32/config/arm-gnu-toolchain-14.3/bin/../lib/gcc/arm-none-eabi/14.3.1/../../../../arm-none-eabi/lib/thumb/v6-m/nofp\libg_nano.a(libc_a-impure.o)
                              D:/stm32/config/arm-gnu-toolchain-14.3/bin/../lib/gcc/arm-none-eabi/14.3.1/../../../../arm-none-eabi/lib/thumb/v6-m/nofp\libg_nano.a(libc_a-reent.o) (_impure_ptr)
D:/stm32/config/arm-gnu-toolchain-14.3/bin/../lib/gcc/arm-none-eabi/14.3.1/../../../../arm-none-eabi/lib/thumb/v6-m/nofp\libg_nano.a(libc_a-lseekr.o)
                              D:/stm32/config/arm-gnu-toolchain-14.3/bin/../lib/gcc/arm-none-eabi/14.3.1/../../../../arm-none-eabi/lib/thumb/v6-m/nofp\libg_nano.a(libc_a-stdio.o) (_lseek_r)
[...]
Memory Configuration

Name             Origin             Length             Attributes
RAM              0x20000000         0x00002000         xrw
FLASH            0x08000000         0x00010000         xr
*default*        0x00000000         0xffffffff

Linker script and memory map

LOAD D:/stm32/config/arm-gnu-toolchain-14.3/bin/../lib/gcc/arm-none-eabi/14.3.1/thumb/v6-m/nofp/crti.o
LOAD D:/stm32/config/arm-gnu-toolchain-14.3/bin/../lib/gcc/arm-none-eabi/14.3.1/thumb/v6-m/nofp/crtbegin.o
LOAD D:/stm32/config/arm-gnu-toolchain-14.3/bin/../lib/gcc/arm-none-eabi/14.3.1/../../../../arm-none-eabi/lib/thumb/v6-m/nofp/crt0.o
LOAD cmake/stm32cubemx/CMakeFiles/STM32_Drivers.dir/__/__/Core/Src/system_stm32g0xx.c.obj
LOAD cmake/stm32cubemx/CMakeFiles/STM32_Drivers.dir/__/__/Drivers/STM32G0xx_HAL_Driver/Src/stm32g0xx_hal_tim.c.obj
LOAD cmake/stm32cubemx/CMakeFiles/STM32_Drivers.dir/__/__/Drivers/STM32G0xx_HAL_Driver/Src/stm32g0xx_hal_tim_ex.c.obj
LOAD cmake/stm32cubemx/CMakeFiles/STM32_Drivers.dir/__/__/Drivers/STM32G0xx_HAL_Driver/Src/stm32g0xx_hal_adc.c.obj
LOAD cmake/stm32cubemx/CMakeFiles/STM32_Drivers.dir/__/__/Drivers/STM32G0xx_HAL_Driver/Src/stm32g0xx_hal_adc_ex.c.obj
LOAD cmake/stm32cubemx/CMakeFiles/STM32_Drivers.dir/__/__/Drivers/STM32G0xx_HAL_Driver/Src/stm32g0xx_ll_adc.c.obj
LOAD cmake/stm32cubemx/CMakeFiles/STM32_Drivers.dir/__/__/Drivers/STM32G0xx_HAL_Driver/Src/stm32g0xx_hal_rcc.c.obj
LOAD cmake/stm32cubemx/CMakeFiles/STM32_Drivers.dir/__/__/Drivers/STM32G0xx_HAL_Driver/Src/stm32g0xx_hal_rcc_ex.c.obj
LOAD cmake/stm32cubemx/CMakeFiles/STM32_Drivers.dir/__/__/Drivers/STM32G0xx_HAL_Driver/Src/stm32g0xx_ll_rcc.c.obj
LOAD cmake/stm32cubemx/CMakeFiles/STM32_Drivers.dir/__/__/Drivers/STM32G0xx_HAL_Driver/Src/stm32g0xx_hal_flash.c.obj
LOAD cmake/stm32cubemx/CMakeFiles/STM32_Drivers.dir/__/__/Drivers/STM32G0xx_HAL_Driver/Src/stm32g0xx_hal_flash_ex.c.obj
LOAD cmake/stm32cubemx/CMakeFiles/STM32_Drivers.dir/__/__/Drivers/STM32G0xx_HAL_Driver/Src/stm32g0xx_hal_gpio.c.obj
LOAD cmake/stm32cubemx/CMakeFiles/STM32_Drivers.dir/__/__/Drivers/STM32G0xx_HAL_Driver/Src/stm32g0xx_hal_dma.c.obj
LOAD cmake/stm32cubemx/CMakeFiles/STM32_Drivers.dir/__/__/Drivers/STM32G0xx_HAL_Driver/Src/stm32g0xx_hal_dma_ex.c.obj
LOAD cmake/stm32cubemx/CMakeFiles/STM32_Drivers.dir/__/__/Drivers/STM32G0xx_HAL_Driver/Src/stm32g0xx_hal_pwr.c.obj
LOAD cmake/stm32cubemx/CMakeFiles/STM32_Drivers.dir/__/__/Drivers/STM32G0xx_HAL_Driver/Src/stm32g0xx_hal_pwr_ex.c.obj
LOAD cmake/stm32cubemx/CMakeFiles/STM32_Drivers.dir/__/__/Drivers/STM32G0xx_HAL_Driver/Src/stm32g0xx_hal_cortex.c.obj
LOAD cmake/stm32cubemx/CMakeFiles/STM32_Drivers.dir/__/__/Drivers/STM32G0xx_HAL_Driver/Src/stm32g0xx_hal.c.obj
LOAD cmake/stm32cubemx/CMakeFiles/STM32_Drivers.dir/__/__/Drivers/STM32G0xx_HAL_Driver/Src/stm32g0xx_hal_exti.c.obj
LOAD cmake/stm32cubemx/CMakeFiles/STM32_Drivers.dir/__/__/Drivers/STM32G0xx_HAL_Driver/Src/stm32g0xx_hal_uart.c.obj
LOAD cmake/stm32cubemx/CMakeFiles/STM32_Drivers.dir/__/__/Drivers/STM32G0xx_HAL_Driver/Src/stm32g0xx_hal_uart_ex.c.obj
LOAD CMakeFiles/Butterfly_v3.dir/Core/Src/main.c.obj
LOAD CMakeFiles/Butterfly_v3.dir/Core/Src/gpio.c.obj
LOAD CMakeFiles/Butterfly_v3.dir/Core/Src/adc.c.obj
LOAD CMakeFiles/Butterfly_v3.dir/Core/Src/dma.c.obj
LOAD CMakeFiles/Butterfly_v3.dir/Core/Src/tim.c.obj
LOAD CMakeFiles/Butterfly_v3.dir/Core/Src/usart.c.obj
LOAD CMakeFiles/Butterfly_v3.dir/Core/Src/stm32g0xx_it.c.obj
LOAD CMakeFiles/Butterfly_v3.dir/Core/Src/stm32g0xx_hal_msp.c.obj
LOAD CMakeFiles/Butterfly_v3.dir/Core/Src/stm32g0xx_hal_timebase_tim.c.obj
LOAD CMakeFiles/Butterfly_v3.dir/Core/Src/sysmem.c.obj
LOAD CMakeFiles/Butterfly_v3.dir/Core/Src/syscalls.c.obj
LOAD CMakeFiles/Butterfly_v3.dir/startup_stm32g031xx.s.obj
LOAD D:/stm32/config/arm-gnu-toolchain-14.3/bin/../lib/gcc/arm-none-eabi/14.3.1/../../../../arm-none-eabi/lib/thumb/v6-m/nofp\libm.a
START GROUP
LOAD D:/stm32/config/arm-gnu-toolchain-14.3/bin/../lib/gcc/arm-none-eabi/14.3.1/thumb/v6-m/nofp\libgcc.a
LOAD D:/stm32/config/arm-gnu-toolchain-14.3/bin/../lib/gcc/arm-none-eabi/14.3.1/../../../../arm-none-eabi/lib/thumb/v6-m/nofp\libg_nano.a
LOAD D:/stm32/config/arm-gnu-toolchain-14.3/bin/../lib/gcc/arm-none-eabi/14.3.1/../../../../arm-none-eabi/lib/thumb/v6-m/nofp\libc_nano.a
END GROUP
START GROUP
LOAD D:/stm32/config/arm-gnu-toolchain-14.3/bin/../lib/gcc/arm-none-eabi/14.3.1/thumb/v6-m/nofp\libgcc.a
LOAD D:/stm32/config/arm-gnu-toolchain-14.3/bin/../lib/gcc/arm-none-eabi/14.3.1/../../../../arm-none-eabi/lib/thumb/v6-m/nofp\libc_nano.a
END GROUP
LOAD D:/stm32/config/arm-gnu-toolchain-14.3/bin/../lib/gcc/arm-none-eabi/14.3.1/thumb/v6-m/nofp/crtend.o
LOAD D:/stm32/config/arm-gnu-toolchain-14.3/bin/../lib/gcc/arm-none-eabi/14.3.1/thumb/v6-m/nofp/crtn.o
                0x20002000                        _estack = (ORIGIN (RAM) + LENGTH (RAM))
                0x00000200                        _Min_Heap_Size = 0x200
                0x00000400                        _Min_Stack_Size = 0x400

.isr_vector     0x08000000       0xbc
                0x08000000                        . = ALIGN (0x4)
 *(.isr_vector)
 .isr_vector    0x08000000       0xbc CMakeFiles/Butterfly_v3.dir/startup_stm32g031xx.s.obj
                0x08000000                g_pfnVectors
                0x080000bc                        . = ALIGN (0x4)

.text           0x080000bc     0x4cd8
                0x080000bc                        . = ALIGN (0x4)
 *(.text)
 .text          0x080000bc      0x114 D:/stm32/config/arm-gnu-toolchain-14.3/bin/../lib/gcc/arm-none-eabi/14.3.1/thumb/v6-m/nofp\libgcc.a(_udivsi3.o)
                0x080000bc                __aeabi_uidiv
                0x080000bc                __udivsi3
                0x080001c8                __aeabi_uidivmod
 .text          0x080001d0      0x1d4 D:/stm32/config/arm-gnu-toolchain-14.3/bin/../lib/gcc/arm-none-eabi/14.3.1/thumb/v6-m/nofp\libgcc.a(_divsi3.o)
                0x080001d0                __divsi3
                0x080001d0                __aeabi_idiv
                0x0800039c                __aeabi_idivmod
 .text          0x080003a4        0x4 D:/stm32/config/arm-gnu-toolchain-14.3/bin/../lib/gcc/arm-none-eabi/14.3.1/thumb/v6-m/nofp\libgcc.a(_dvmd_tls.o)
                0x080003a4                __aeabi_idiv0
                0x080003a4                __aeabi_ldiv0
 .text          0x080003a8       0x40 D:/stm32/config/arm-gnu-toolchain-14.3/bin/../lib/gcc/arm-none-eabi/14.3.1/thumb/v6-m/nofp\libgcc.a(_aeabi_uldivmod.o)
                0x080003a8                __aeabi_uldivmod
 .text          0x080003e8       0x18 D:/stm32/config/arm-gnu-toolchain-14.3/bin/../lib/gcc/arm-none-eabi/14.3.1/thumb/v6-m/nofp\libgcc.a(_clzdi2.o)
                0x080003e8                __clzdi2
 .text          0x08000400       0x3c D:/stm32/config/arm-gnu-toolchain-14.3/bin/../lib/gcc/arm-none-eabi/14.3.1/thumb/v6-m/nofp\libgcc.a(_clzsi2.o)
                0x08000400                __clzsi2
 *(.text*)
 .text.deregister_tm_clones
                0x0800043c       0x20 D:/stm32/config/arm-gnu-toolchain-14.3/bin/../lib/gcc/arm-none-eabi/14.3.1/thumb/v6-m/nofp/crtbegin.o
 .text.register_tm_clones
                0x0800045c       0x28 D:/stm32/config/arm-gnu-toolchain-14.3/bin/../lib/gcc/arm-none-eabi/14.3.1/thumb/v6-m/nofp/crtbegin.o
 .text.__do_global_dtors_aux
                0x08000484       0x2c D:/stm32/config/arm-gnu-toolchain-14.3/bin/../lib/gcc/arm-none-eabi/14.3.1/thumb/v6-m/nofp/crtbegin.o
 .text.frame_dummy
                0x080004b0       0x24 D:/stm32/config/arm-gnu-toolchain-14.3/bin/../lib/gcc/arm-none-eabi/14.3.1/thumb/v6-m/nofp/crtbegin.o
 .text.SystemInit
                0x080004d4        0xa cmake/stm32cubemx/CMakeFiles/STM32_Drivers.dir/__/__/Core/Src/system_stm32g0xx.c.obj
                0x080004d4                SystemInit
 .text.HAL_TIM_Base_Init
                0x080004de       0xb0 cmake/stm32cubemx/CMakeFiles/STM32_Drivers.dir/__/__/Drivers/STM32G0xx_HAL_Driver/Src/stm32g0xx_hal_tim.c.obj
                0x080004de                HAL_TIM_Base_Init
 *fill*         0x0800058e        0x2 
 .text.HAL_TIM_Base_Start_IT
                0x08000590       0xa8 cmake/stm32cubemx/CMakeFiles/STM32_Drivers.dir/__/__/Drivers/STM32G0xx_HAL_Driver/Src/stm32g0xx_hal_tim.c.obj
                0x08000590                HAL_TIM_Base_Start_IT
 .text.HAL_TIM_OC_Init
                0x08000638       0xb0 cmake/stm32cubemx/CMakeFiles/STM32_Drivers.dir/__/__/Drivers/STM32G0xx_HAL_Driver/Src/stm32g0xx_hal_tim.c.obj
                0x08000638                HAL_TIM_OC_Init
 .text.HAL_TIM_OC_MspInit
                0x080006e8       0x10 cmake/stm32cubemx/CMakeFiles/STM32_Drivers.dir/__/__/Drivers/STM32G0xx_HAL_Driver/Src/stm32g0xx_hal_tim.c.obj
                0x080006e8                HAL_TIM_OC_MspInit
 .text.HAL_TIM_PWM_Init
                0x080006f8       0xb0 cmake/stm32cubemx/CMakeFiles/STM32_Drivers.dir/__/__/Drivers/STM32G0xx_HAL_Driver/Src/stm32g0xx_hal_tim.c.obj
                0x080006f8                HAL_TIM_PWM_Init
 .text.HAL_TIM_IRQHandler
                0x080007a8      0x210 cmake/stm32cubemx/CMakeFiles/STM32_Drivers.dir/__/__/Drivers/STM32G0xx_HAL_Driver/Src/stm32g0xx_hal_tim.c.obj
                0x080007a8                HAL_TIM_IRQHandler
 .text.HAL_TIM_OC_ConfigChannel
                0x080009b8       0xc0 cmake/stm32cubemx/CMakeFiles/STM32_Drivers.dir/__/__/Drivers/STM32G0xx_HAL_Driver/Src/stm32g0xx_hal_tim.c.obj
                0x080009b8                HAL_TIM_OC_ConfigChannel
 .text.HAL_TIM_PWM_ConfigChannel
                0x08000a78      0x200 cmake/stm32cubemx/CMakeFiles/STM32_Drivers.dir/__/__/Drivers/STM32G0xx_HAL_Driver/Src/stm32g0xx_hal_tim.c.obj
                0x08000a78                HAL_TIM_PWM_ConfigChannel
 .text.HAL_TIM_OC_DelayElapsedCallback
                0x08000c78       0x10 cmake/stm32cubemx/CMakeFiles/STM32_Drivers.dir/__/__/Drivers/STM32G0xx_HAL_Driver/Src/stm32g0xx_hal_tim.c.obj
                0x08000c78                HAL_TIM_OC_DelayElapsedCallback
 .text.HAL_TIM_IC_CaptureCallback
                0x08000c88       0x10 cmake/stm32cubemx/CMakeFiles/STM32_Drivers.dir/__/__/Drivers/STM32G0xx_HAL_Driver/Src/stm32g0xx_hal_tim.c.obj
                0x08000c88                HAL_TIM_IC_CaptureCallback
 .text.HAL_TIM_PWM_PulseFinishedCallback
                0x08000c98       0x10 cmake/stm32cubemx/CMakeFiles/STM32_Drivers.dir/__/__/Drivers/STM32G0xx_HAL_Driver/Src/stm32g0xx_hal_tim.c.obj
                0x08000c98                HAL_TIM_PWM_PulseFinishedCallback
 .text.HAL_TIM_TriggerCallback
                0x08000ca8       0x10 cmake/stm32cubemx/CMakeFiles/STM32_Drivers.dir/__/__/Drivers/STM32G0xx_HAL_Driver/Src/stm32g0xx_hal_tim.c.obj
                0x08000ca8                HAL_TIM_TriggerCallback
 .text.TIM_Base_SetConfig
                0x08000cb8      0x108 cmake/stm32cubemx/CMakeFiles/STM32_Drivers.dir/__/__/Drivers/STM32G0xx_HAL_Driver/Src/stm32g0xx_hal_tim.c.obj
                0x08000cb8                TIM_Base_SetConfig
 .text.TIM_OC1_SetConfig
                0x08000dc0      0x100 cmake/stm32cubemx/CMakeFiles/STM32_Drivers.dir/__/__/Drivers/STM32G0xx_HAL_Driver/Src/stm32g0xx_hal_tim.c.obj
 .text.TIM_OC2_SetConfig
                0x08000ec0       0xfc cmake/stm32cubemx/CMakeFiles/STM32_Drivers.dir/__/__/Drivers/STM32G0xx_HAL_Driver/Src/stm32g0xx_hal_tim.c.obj
                0x08000ec0                TIM_OC2_SetConfig
 .text.TIM_OC3_SetConfig
                0x08000fbc      0x104 cmake/stm32cubemx/CMakeFiles/STM32_Drivers.dir/__/__/Drivers/STM32G0xx_HAL_Driver/Src/stm32g0xx_hal_tim.c.obj
 .text.TIM_OC4_SetConfig
                0x080010c0       0xc8 cmake/stm32cubemx/CMakeFiles/STM32_Drivers.dir/__/__/Drivers/STM32G0xx_HAL_Driver/Src/stm32g0xx_hal_tim.c.obj
 .text.TIM_OC5_SetConfig
                0x08001188       0xb4 cmake/stm32cubemx/CMakeFiles/STM32_Drivers.dir/__/__/Drivers/STM32G0xx_HAL_Driver/Src/stm32g0xx_hal_tim.c.obj
 .text.TIM_OC6_SetConfig
                0x0800123c       0xbc cmake/stm32cubemx/CMakeFiles/STM32_Drivers.dir/__/__/Drivers/STM32G0xx_HAL_Driver/Src/stm32g0xx_hal_tim.c.obj
 .text.HAL_TIMEx_MasterConfigSynchronization
                0x080012f8       0xd0 cmake/stm32cubemx/CMakeFiles/STM32_Drivers.dir/__/__/Drivers/STM32G0xx_HAL_Driver/Src/stm32g0xx_hal_tim_ex.c.obj
                0x080012f8                HAL_TIMEx_MasterConfigSynchronization
 .text.HAL_TIMEx_CommutCallback
                0x080013c8       0x10 cmake/stm32cubemx/CMakeFiles/STM32_Drivers.dir/__/__/Drivers/STM32G0xx_HAL_Driver/Src/stm32g0xx_hal_tim_ex.c.obj
                0x080013c8                HAL_TIMEx_CommutCallback
 .text.HAL_TIMEx_BreakCallback
                0x080013d8       0x10 cmake/stm32cubemx/CMakeFiles/STM32_Drivers.dir/__/__/Drivers/STM32G0xx_HAL_Driver/Src/stm32g0xx_hal_tim_ex.c.obj
                0x080013d8                HAL_TIMEx_BreakCallback
 .text.HAL_TIMEx_Break2Callback
                0x080013e8       0x10 cmake/stm32cubemx/CMakeFiles/STM32_Drivers.dir/__/__/Drivers/STM32G0xx_HAL_Driver/Src/stm32g0xx_hal_tim_ex.c.obj
                0x080013e8                HAL_TIMEx_Break2Callback
 .text.LL_ADC_SetCommonPathInternalCh
                0x080013f8       0x28 cmake/stm32cubemx/CMakeFiles/STM32_Drivers.dir/__/__/Drivers/STM32G0xx_HAL_Driver/Src/stm32g0xx_hal_adc.c.obj
 .text.LL_ADC_GetCommonPathInternalCh
                0x08001420       0x1a cmake/stm32cubemx/CMakeFiles/STM32_Drivers.dir/__/__/Drivers/STM32G0xx_HAL_Driver/Src/stm32g0xx_hal_adc.c.obj
 .text.LL_ADC_SetSamplingTimeCommonChannels
                0x0800143a       0x3a cmake/stm32cubemx/CMakeFiles/STM32_Drivers.dir/__/__/Drivers/STM32G0xx_HAL_Driver/Src/stm32g0xx_hal_adc.c.obj
 .text.LL_ADC_GetSamplingTimeCommonChannels
                0x08001474       0x2e cmake/stm32cubemx/CMakeFiles/STM32_Drivers.dir/__/__/Drivers/STM32G0xx_HAL_Driver/Src/stm32g0xx_hal_adc.c.obj
 .text.LL_ADC_REG_SetSequencerRanks
                0x080014a2       0x40 cmake/stm32cubemx/CMakeFiles/STM32_Drivers.dir/__/__/Drivers/STM32G0xx_HAL_Driver/Src/stm32g0xx_hal_adc.c.obj
 .text.LL_ADC_REG_SetSequencerChAdd
                0x080014e2       0x22 cmake/stm32cubemx/CMakeFiles/STM32_Drivers.dir/__/__/Drivers/STM32G0xx_HAL_Driver/Src/stm32g0xx_hal_adc.c.obj
 .text.LL_ADC_REG_SetSequencerChRem
                0x08001504       0x24 cmake/stm32cubemx/CMakeFiles/STM32_Drivers.dir/__/__/Drivers/STM32G0xx_HAL_Driver/Src/stm32g0xx_hal_adc.c.obj
 .text.LL_ADC_SetChannelSamplingTime
                0x08001528       0x38 cmake/stm32cubemx/CMakeFiles/STM32_Drivers.dir/__/__/Drivers/STM32G0xx_HAL_Driver/Src/stm32g0xx_hal_adc.c.obj
 .text.LL_ADC_EnableInternalRegulator
                0x08001560       0x28 cmake/stm32cubemx/CMakeFiles/STM32_Drivers.dir/__/__/Drivers/STM32G0xx_HAL_Driver/Src/stm32g0xx_hal_adc.c.obj
 .text.LL_ADC_IsInternalRegulatorEnabled
                0x08001588       0x28 cmake/stm32cubemx/CMakeFiles/STM32_Drivers.dir/__/__/Drivers/STM32G0xx_HAL_Driver/Src/stm32g0xx_hal_adc.c.obj
 .text.LL_ADC_IsEnabled
                0x080015b0       0x22 cmake/stm32cubemx/CMakeFiles/STM32_Drivers.dir/__/__/Drivers/STM32G0xx_HAL_Driver/Src/stm32g0xx_hal_adc.c.obj
 .text.LL_ADC_REG_IsConversionOngoing
                0x080015d2       0x22 cmake/stm32cubemx/CMakeFiles/STM32_Drivers.dir/__/__/Drivers/STM32G0xx_HAL_Driver/Src/stm32g0xx_hal_adc.c.obj
 .text.HAL_ADC_Init
                0x080015f4      0x350 cmake/stm32cubemx/CMakeFiles/STM32_Drivers.dir/__/__/Drivers/STM32G0xx_HAL_Driver/Src/stm32g0xx_hal_adc.c.obj
                0x080015f4                HAL_ADC_Init
 .text.HAL_ADC_ConfigChannel
                0x08001944      0x3b0 cmake/stm32cubemx/CMakeFiles/STM32_Drivers.dir/__/__/Drivers/STM32G0xx_HAL_Driver/Src/stm32g0xx_hal_adc.c.obj
                0x08001944                HAL_ADC_ConfigChannel
 .text.LL_RCC_GetAPB1Prescaler
                0x08001cf4       0x18 cmake/stm32cubemx/CMakeFiles/STM32_Drivers.dir/__/__/Drivers/STM32G0xx_HAL_Driver/Src/stm32g0xx_hal_rcc.c.obj
 .text.HAL_RCC_OscConfig
                0x08001d0c      0x634 cmake/stm32cubemx/CMakeFiles/STM32_Drivers.dir/__/__/Drivers/STM32G0xx_HAL_Driver/Src/stm32g0xx_hal_rcc.c.obj
                0x08001d0c                HAL_RCC_OscConfig
 .text.HAL_RCC_ClockConfig
                0x08002340      0x210 cmake/stm32cubemx/CMakeFiles/STM32_Drivers.dir/__/__/Drivers/STM32G0xx_HAL_Driver/Src/stm32g0xx_hal_rcc.c.obj
                0x08002340                HAL_RCC_ClockConfig
 .text.HAL_RCC_GetSysClockFreq
                0x08002550      0x104 cmake/stm32cubemx/CMakeFiles/STM32_Drivers.dir/__/__/Drivers/STM32G0xx_HAL_Driver/Src/stm32g0xx_hal_rcc.c.obj
                0x08002550                HAL_RCC_GetSysClockFreq
 .text.HAL_RCC_GetHCLKFreq
                0x08002654       0x14 cmake/stm32cubemx/CMakeFiles/STM32_Drivers.dir/__/__/Drivers/STM32G0xx_HAL_Driver/Src/stm32g0xx_hal_rcc.c.obj
                0x08002654                HAL_RCC_GetHCLKFreq
 .text.HAL_RCC_GetPCLK1Freq
                0x08002668       0x2c cmake/stm32cubemx/CMakeFiles/STM32_Drivers.dir/__/__/Drivers/STM32G0xx_HAL_Driver/Src/stm32g0xx_hal_rcc.c.obj
                0x08002668                HAL_RCC_GetPCLK1Freq
 .text.HAL_RCC_GetClockConfig
                0x08002694       0x54 cmake/stm32cubemx/CMakeFiles/STM32_Drivers.dir/__/__/Drivers/STM32G0xx_HAL_Driver/Src/stm32g0xx_hal_rcc.c.obj
                0x08002694                HAL_RCC_GetClockConfig
 .text.HAL_RCCEx_PeriphCLKConfig
                0x080026e8      0x2f4 cmake/stm32cubemx/CMakeFiles/STM32_Drivers.dir/__/__/Drivers/STM32G0xx_HAL_Driver/Src/stm32g0xx_hal_rcc_ex.c.obj
                0x080026e8                HAL_RCCEx_PeriphCLKConfig
 .text.HAL_GPIO_Init
                0x080029dc      0x2c8 cmake/stm32cubemx/CMakeFiles/STM32_Drivers.dir/__/__/Drivers/STM32G0xx_HAL_Driver/Src/stm32g0xx_hal_gpio.c.obj
                0x080029dc                HAL_GPIO_Init
 .text.HAL_DMA_Init
                0x08002ca4      0x114 cmake/stm32cubemx/CMakeFiles/STM32_Drivers.dir/__/__/Drivers/STM32G0xx_HAL_Driver/Src/stm32g0xx_hal_dma.c.obj
                0x08002ca4                HAL_DMA_Init
 .text.HAL_DMA_IRQHandler
                0x08002db8      0x164 cmake/stm32cubemx/CMakeFiles/STM32_Drivers.dir/__/__/Drivers/STM32G0xx_HAL_Driver/Src/stm32g0xx_hal_dma.c.obj
                0x08002db8                HAL_DMA_IRQHandler
 .text.DMA_CalcDMAMUXChannelBaseAndMask
                0x08002f1c       0x58 cmake/stm32cubemx/CMakeFiles/STM32_Drivers.dir/__/__/Drivers/STM32G0xx_HAL_Driver/Src/stm32g0xx_hal_dma.c.obj
 .text.DMA_CalcDMAMUXRequestGenBaseAndMask
                0x08002f74       0x48 cmake/stm32cubemx/CMakeFiles/STM32_Drivers.dir/__/__/Drivers/STM32G0xx_HAL_Driver/Src/stm32g0xx_hal_dma.c.obj
 .text.HAL_PWREx_ControlVoltageScaling
                0x08002fbc       0x80 cmake/stm32cubemx/CMakeFiles/STM32_Drivers.dir/__/__/Drivers/STM32G0xx_HAL_Driver/Src/stm32g0xx_hal_pwr_ex.c.obj
                0x08002fbc                HAL_PWREx_ControlVoltageScaling
 .text.__NVIC_EnableIRQ
                0x0800303c       0x34 cmake/stm32cubemx/CMakeFiles/STM32_Drivers.dir/__/__/Drivers/STM32G0xx_HAL_Driver/Src/stm32g0xx_hal_cortex.c.obj
 .text.__NVIC_SetPriority
                0x08003070       0xdc cmake/stm32cubemx/CMakeFiles/STM32_Drivers.dir/__/__/Drivers/STM32G0xx_HAL_Driver/Src/stm32g0xx_hal_cortex.c.obj
 .text.HAL_NVIC_SetPriority
                0x0800314c       0x2a cmake/stm32cubemx/CMakeFiles/STM32_Drivers.dir/__/__/Drivers/STM32G0xx_HAL_Driver/Src/stm32g0xx_hal_cortex.c.obj
                0x0800314c                HAL_NVIC_SetPriority
 .text.HAL_NVIC_EnableIRQ
                0x08003176       0x20 cmake/stm32cubemx/CMakeFiles/STM32_Drivers.dir/__/__/Drivers/STM32G0xx_HAL_Driver/Src/stm32g0xx_hal_cortex.c.obj
                0x08003176                HAL_NVIC_EnableIRQ
 *fill*         0x08003196        0x2 
 .text.HAL_Init
                0x08003198       0x40 cmake/stm32cubemx/CMakeFiles/STM32_Drivers.dir/__/__/Drivers/STM32G0xx_HAL_Driver/Src/stm32g0xx_hal.c.obj
                0x08003198                HAL_Init
 .text.HAL_IncTick
                0x080031d8       0x24 cmake/stm32cubemx/CMakeFiles/STM32_Drivers.dir/__/__/Drivers/STM32G0xx_HAL_Driver/Src/stm32g0xx_hal.c.obj
                0x080031d8                HAL_IncTick
 .text.HAL_GetTick
                0x080031fc       0x14 cmake/stm32cubemx/CMakeFiles/STM32_Drivers.dir/__/__/Drivers/STM32G0xx_HAL_Driver/Src/stm32g0xx_hal.c.obj
                0x080031fc                HAL_GetTick
 .text.HAL_UART_Init
                0x08003210       0xac cmake/stm32cubemx/CMakeFiles/STM32_Drivers.dir/__/__/Drivers/STM32G0xx_HAL_Driver/Src/stm32g0xx_hal_uart.c.obj
                0x08003210                HAL_UART_Init
 .text.UART_SetConfig
                0x080032bc      0x4f0 cmake/stm32cubemx/CMakeFiles/STM32_Drivers.dir/__/__/Drivers/STM32G0xx_HAL_Driver/Src/stm32g0xx_hal_uart.c.obj
                0x080032bc                UART_SetConfig
 .text.UART_AdvFeatureConfig
                0x080037ac      0x168 cmake/stm32cubemx/CMakeFiles/STM32_Drivers.dir/__/__/Drivers/STM32G0xx_HAL_Driver/Src/stm32g0xx_hal_uart.c.obj
                0x080037ac                UART_AdvFeatureConfig
 .text.UART_CheckIdleState
                0x08003914      0x154 cmake/stm32cubemx/CMakeFiles/STM32_Drivers.dir/__/__/Drivers/STM32G0xx_HAL_Driver/Src/stm32g0xx_hal_uart.c.obj
                0x08003914                UART_CheckIdleState
 .text.UART_WaitOnFlagUntilTimeout
                0x08003a68       0xde cmake/stm32cubemx/CMakeFiles/STM32_Drivers.dir/__/__/Drivers/STM32G0xx_HAL_Driver/Src/stm32g0xx_hal_uart.c.obj
                0x08003a68                UART_WaitOnFlagUntilTimeout
 *fill*         0x08003b46        0x2 
 .text.UART_EndRxTransfer
                0x08003b48       0xcc cmake/stm32cubemx/CMakeFiles/STM32_Drivers.dir/__/__/Drivers/STM32G0xx_HAL_Driver/Src/stm32g0xx_hal_uart.c.obj
 .text.HAL_UARTEx_DisableFifoMode
                0x08003c14       0x74 cmake/stm32cubemx/CMakeFiles/STM32_Drivers.dir/__/__/Drivers/STM32G0xx_HAL_Driver/Src/stm32g0xx_hal_uart_ex.c.obj
                0x08003c14                HAL_UARTEx_DisableFifoMode
 .text.HAL_UARTEx_SetTxFifoThreshold
                0x08003c88       0x7e cmake/stm32cubemx/CMakeFiles/STM32_Drivers.dir/__/__/Drivers/STM32G0xx_HAL_Driver/Src/stm32g0xx_hal_uart_ex.c.obj
                0x08003c88                HAL_UARTEx_SetTxFifoThreshold
 *fill*         0x08003d06        0x2 
 .text.HAL_UARTEx_SetRxFifoThreshold
                0x08003d08       0x84 cmake/stm32cubemx/CMakeFiles/STM32_Drivers.dir/__/__/Drivers/STM32G0xx_HAL_Driver/Src/stm32g0xx_hal_uart_ex.c.obj
                0x08003d08                HAL_UARTEx_SetRxFifoThreshold
 .text.UARTEx_SetNbDataToProcess
                0x08003d8c       0xbc cmake/stm32cubemx/CMakeFiles/STM32_Drivers.dir/__/__/Drivers/STM32G0xx_HAL_Driver/Src/stm32g0xx_hal_uart_ex.c.obj
 .text.main     0x08003e48       0x2c CMakeFiles/Butterfly_v3.dir/Core/Src/main.c.obj
                0x08003e48                main
 .text.SystemClock_Config
                0x08003e74       0xbc CMakeFiles/Butterfly_v3.dir/Core/Src/main.c.obj
                0x08003e74                SystemClock_Config
 .text.HAL_TIM_PeriodElapsedCallback
                0x08003f30       0x24 CMakeFiles/Butterfly_v3.dir/Core/Src/main.c.obj
                0x08003f30                HAL_TIM_PeriodElapsedCallback
 .text.Error_Handler
                0x08003f54        0xc CMakeFiles/Butterfly_v3.dir/Core/Src/main.c.obj
                0x08003f54                Error_Handler
 .text.MX_GPIO_Init
                0x08003f60       0x5c CMakeFiles/Butterfly_v3.dir/Core/Src/gpio.c.obj
                0x08003f60                MX_GPIO_Init
 .text.MX_ADC1_Init
                0x08003fbc      0x184 CMakeFiles/Butterfly_v3.dir/Core/Src/adc.c.obj
                0x08003fbc                MX_ADC1_Init
 .text.HAL_ADC_MspInit
                0x08004140       0xe4 CMakeFiles/Butterfly_v3.dir/Core/Src/adc.c.obj
                0x08004140                HAL_ADC_MspInit
 .text.MX_DMA_Init
                0x08004224       0x4c CMakeFiles/Butterfly_v3.dir/Core/Src/dma.c.obj
                0x08004224                MX_DMA_Init
 .text.MX_TIM2_Init
                0x08004270      0x114 CMakeFiles/Butterfly_v3.dir/Core/Src/tim.c.obj
                0x08004270                MX_TIM2_Init
 .text.MX_TIM3_Init
                0x08004384      0x100 CMakeFiles/Butterfly_v3.dir/Core/Src/tim.c.obj
                0x08004384                MX_TIM3_Init
 .text.MX_TIM16_Init
                0x08004484       0x50 CMakeFiles/Butterfly_v3.dir/Core/Src/tim.c.obj
                0x08004484                MX_TIM16_Init
 .text.HAL_TIM_PWM_MspInit
                0x080044d4       0x60 CMakeFiles/Butterfly_v3.dir/Core/Src/tim.c.obj
                0x080044d4                HAL_TIM_PWM_MspInit
 .text.HAL_TIM_Base_MspInit
                0x08004534       0xb8 CMakeFiles/Butterfly_v3.dir/Core/Src/tim.c.obj
                0x08004534                HAL_TIM_Base_MspInit
 .text.HAL_TIM_MspPostInit
                0x080045ec      0x19c CMakeFiles/Butterfly_v3.dir/Core/Src/tim.c.obj
                0x080045ec                HAL_TIM_MspPostInit
 .text.MX_USART1_UART_Init
                0x08004788       0xa0 CMakeFiles/Butterfly_v3.dir/Core/Src/usart.c.obj
                0x08004788                MX_USART1_UART_Init
 .text.HAL_UART_MspInit
                0x08004828      0x120 CMakeFiles/Butterfly_v3.dir/Core/Src/usart.c.obj
                0x08004828                HAL_UART_MspInit
 .text.NMI_Handler
                0x08004948        0x8 CMakeFiles/Butterfly_v3.dir/Core/Src/stm32g0xx_it.c.obj
                0x08004948                NMI_Handler
 .text.HardFault_Handler
                0x08004950        0x8 CMakeFiles/Butterfly_v3.dir/Core/Src/stm32g0xx_it.c.obj
                0x08004950                HardFault_Handler
 .text.SVC_Handler
                0x08004958        0xa CMakeFiles/Butterfly_v3.dir/Core/Src/stm32g0xx_it.c.obj
                0x08004958                SVC_Handler
 .text.PendSV_Handler
                0x08004962        0xa CMakeFiles/Butterfly_v3.dir/Core/Src/stm32g0xx_it.c.obj
                0x08004962                PendSV_Handler
 .text.SysTick_Handler
                0x0800496c        0xa CMakeFiles/Butterfly_v3.dir/Core/Src/stm32g0xx_it.c.obj
                0x0800496c                SysTick_Handler
 *fill*         0x08004976        0x2 
 .text.DMA1_Channel1_IRQHandler
                0x08004978       0x18 CMakeFiles/Butterfly_v3.dir/Core/Src/stm32g0xx_it.c.obj
                0x08004978                DMA1_Channel1_IRQHandler
 .text.DMA1_Channel2_3_IRQHandler
                0x08004990       0x24 CMakeFiles/Butterfly_v3.dir/Core/Src/stm32g0xx_it.c.obj
                0x08004990                DMA1_Channel2_3_IRQHandler
 .text.TIM16_IRQHandler
                0x080049b4       0x18 CMakeFiles/Butterfly_v3.dir/Core/Src/stm32g0xx_it.c.obj
                0x080049b4                TIM16_IRQHandler
 .text.TIM17_IRQHandler
                0x080049cc       0x18 CMakeFiles/Butterfly_v3.dir/Core/Src/stm32g0xx_it.c.obj
                0x080049cc                TIM17_IRQHandler
 .text.HAL_MspInit
                0x080049e4       0x48 CMakeFiles/Butterfly_v3.dir/Core/Src/stm32g0xx_hal_msp.c.obj
                0x080049e4                HAL_MspInit
 .text.HAL_InitTick
                0x08004a2c      0x10c CMakeFiles/Butterfly_v3.dir/Core/Src/stm32g0xx_hal_timebase_tim.c.obj
                0x08004a2c                HAL_InitTick
 .text.Reset_Handler
                0x08004b38       0x50 CMakeFiles/Butterfly_v3.dir/startup_stm32g031xx.s.obj
                0x08004b38                Reset_Handler
 .text.Default_Handler
                0x08004b88        0x2 CMakeFiles/Butterfly_v3.dir/startup_stm32g031xx.s.obj
                0x08004b88                TIM1_CC_IRQHandler
                0x08004b88                PVD_IRQHandler
                0x08004b88                I2C1_IRQHandler
                0x08004b88                LPTIM2_IRQHandler
                0x08004b88                RTC_TAMP_IRQHandler
                0x08004b88                SPI1_IRQHandler
                0x08004b88                DMA1_Ch4_5_DMAMUX1_OVR_IRQHandler
                0x08004b88                EXTI2_3_IRQHandler
                0x08004b88                ADC1_IRQHandler
                0x08004b88                I2C2_IRQHandler
                0x08004b88                TIM3_IRQHandler
                0x08004b88                EXTI4_15_IRQHandler
                0x08004b88                RCC_IRQHandler
                0x08004b88                Default_Handler
                0x08004b88                TIM14_IRQHandler
                0x08004b88                EXTI0_1_IRQHandler
                0x08004b88                SPI2_IRQHandler
                0x08004b88                WWDG_IRQHandler
                0x08004b88                LPUART1_IRQHandler
                0x08004b88                TIM2_IRQHandler
                0x08004b88                USART2_IRQHandler
                0x08004b88                FLASH_IRQHandler
                0x08004b88                USART1_IRQHandler
                0x08004b88                TIM1_BRK_UP_TRG_COM_IRQHandler
                0x08004b88                LPTIM1_IRQHandler
 *fill*         0x08004b8a        0x2 
 .text.__udivmoddi4
                0x08004b8c      0x198 D:/stm32/config/arm-gnu-toolchain-14.3/bin/../lib/gcc/arm-none-eabi/14.3.1/thumb/v6-m/nofp\libgcc.a(_udivmoddi4.o)
                0x08004b8c                __udivmoddi4
 .text.memset   0x08004d24       0x10 D:/stm32/config/arm-gnu-toolchain-14.3/bin/../lib/gcc/arm-none-eabi/14.3.1/../../../../arm-none-eabi/lib/thumb/v6-m/nofp\libg_nano.a(libc_a-memset.o)
                0x08004d24                memset
 .text.__libc_init_array
                0x08004d34       0x48 D:/stm32/config/arm-gnu-toolchain-14.3/bin/../lib/gcc/arm-none-eabi/14.3.1/../../../../arm-none-eabi/lib/thumb/v6-m/nofp\libg_nano.a(libc_a-init.o)
                0x08004d34                __libc_init_array
 *(.glue_7)
 .glue_7        0x08004d7c        0x0 linker stubs
 *(.glue_7t)
 .glue_7t       0x08004d7c        0x0 linker stubs
 *(.eh_frame)
 .eh_frame      0x08004d7c        0x0 D:/stm32/config/arm-gnu-toolchain-14.3/bin/../lib/gcc/arm-none-eabi/14.3.1/thumb/v6-m/nofp/crtbegin.o
 *(.init)
 .init          0x08004d7c        0x4 D:/stm32/config/arm-gnu-toolchain-14.3/bin/../lib/gcc/arm-none-eabi/14.3.1/thumb/v6-m/nofp/crti.o
                0x08004d7c                _init
 .init          0x08004d80        0x8 D:/stm32/config/arm-gnu-toolchain-14.3/bin/../lib/gcc/arm-none-eabi/14.3.1/thumb/v6-m/nofp/crtn.o
 *(.fini)
 .fini          0x08004d88        0x4 D:/stm32/config/arm-gnu-toolchain-14.3/bin/../lib/gcc/arm-none-eabi/14.3.1/thumb/v6-m/nofp/crti.o
                0x08004d88                _fini
 .fini          0x08004d8c        0x8 D:/stm32/config/arm-gnu-toolchain-14.3/bin/../lib/gcc/arm-none-eabi/14.3.1/thumb/v6-m/nofp/crtn.o
                0x08004d94                        . = ALIGN (0x4)
                0x08004d94                        _etext = .

.vfp11_veneer   0x08004d94        0x0
 .vfp11_veneer  0x08004d94        0x0 linker stubs

.v4_bx          0x08004d94        0x0
 .v4_bx         0x08004d94        0x0 linker stubs

.iplt           0x08004d94        0x0
 .iplt          0x08004d94        0x0 D:/stm32/config/arm-gnu-toolchain-14.3/bin/../lib/gcc/arm-none-eabi/14.3.1/thumb/v6-m/nofp/crtbegin.o

.rodata         0x08004d94      0x130
                0x08004d94                        . = ALIGN (0x4)
 *(.rodata)
 *(.rodata*)
 .rodata.AHBPrescTable
                0x08004d94       0x40 cmake/stm32cubemx/CMakeFiles/STM32_Drivers.dir/__/__/Core/Src/system_stm32g0xx.c.obj
                0x08004d94                AHBPrescTable
 .rodata.APBPrescTable
                0x08004dd4       0x20 cmake/stm32cubemx/CMakeFiles/STM32_Drivers.dir/__/__/Core/Src/system_stm32g0xx.c.obj
                0x08004dd4                APBPrescTable
 .rodata.HAL_TIM_OC_ConfigChannel
                0x08004df4       0x54 cmake/stm32cubemx/CMakeFiles/STM32_Drivers.dir/__/__/Drivers/STM32G0xx_HAL_Driver/Src/stm32g0xx_hal_tim.c.obj
 .rodata.HAL_TIM_PWM_ConfigChannel
                0x08004e48       0x54 cmake/stm32cubemx/CMakeFiles/STM32_Drivers.dir/__/__/Drivers/STM32G0xx_HAL_Driver/Src/stm32g0xx_hal_tim.c.obj
 .rodata.UARTPrescTable
                0x08004e9c       0x18 cmake/stm32cubemx/CMakeFiles/STM32_Drivers.dir/__/__/Drivers/STM32G0xx_HAL_Driver/Src/stm32g0xx_hal_uart.c.obj
                0x08004e9c                UARTPrescTable
 .rodata.numerator.1
                0x08004eb4        0x8 cmake/stm32cubemx/CMakeFiles/STM32_Drivers.dir/__/__/Drivers/STM32G0xx_HAL_Driver/Src/stm32g0xx_hal_uart_ex.c.obj
 .rodata.denominator.0
                0x08004ebc        0x8 cmake/stm32cubemx/CMakeFiles/STM32_Drivers.dir/__/__/Drivers/STM32G0xx_HAL_Driver/Src/stm32g0xx_hal_uart_ex.c.obj
                0x08004ec4                        . = ALIGN (0x4)

.ARM.extab      0x08004ec4        0x0
                0x08004ec4                        . = ALIGN (0x4)
 *(.ARM.extab* .gnu.linkonce.armextab.*)
                0x08004ec4                        . = ALIGN (0x4)

.ARM            0x08004ec4        0x8
                0x08004ec4                        . = ALIGN (0x4)
                0x08004ec4                        __exidx_start = .
 *(.ARM.exidx*)
 .ARM.exidx.text.__udivmoddi4
                0x08004ec4        0x8 D:/stm32/config/arm-gnu-toolchain-14.3/bin/../lib/gcc/arm-none-eabi/14.3.1/thumb/v6-m/nofp\libgcc.a(_udivmoddi4.o)
                0x08004ecc                        __exidx_end = .
                0x08004ecc                        . = ALIGN (0x4)

.preinit_array  0x08004ecc        0x0
                0x08004ecc                        . = ALIGN (0x4)
                0x08004ecc                        PROVIDE (__preinit_array_start = .)
 *(.preinit_array*)
                0x08004ecc                        PROVIDE (__preinit_array_end = .)
                0x08004ecc                        . = ALIGN (0x4)

.init_array     0x08004ecc        0x4
                0x08004ecc                        . = ALIGN (0x4)
                0x08004ecc                        PROVIDE (__init_array_start = .)
 *(SORT_BY_NAME(.init_array.*))
 *(.init_array*)
 .init_array    0x08004ecc        0x4 D:/stm32/config/arm-gnu-toolchain-14.3/bin/../lib/gcc/arm-none-eabi/14.3.1/thumb/v6-m/nofp/crtbegin.o
                0x08004ed0                        PROVIDE (__init_array_end = .)
                0x08004ed0                        . = ALIGN (0x4)

.fini_array     0x08004ed0        0x4
                0x08004ed0                        . = ALIGN (0x4)
                [!provide]                        PROVIDE (__fini_array_start = .)
 *(SORT_BY_NAME(.fini_array.*))
 *(.fini_array*)
 .fini_array    0x08004ed0        0x4 D:/stm32/config/arm-gnu-toolchain-14.3/bin/../lib/gcc/arm-none-eabi/14.3.1/thumb/v6-m/nofp/crtbegin.o
                [!provide]                        PROVIDE (__fini_array_end = .)
                0x08004ed4                        . = ALIGN (0x4)
                0x08004ed4                        _sidata = LOADADDR (.data)

.rel.dyn        0x08004ed4        0x0
 .rel.iplt      0x08004ed4        0x0 D:/stm32/config/arm-gnu-toolchain-14.3/bin/../lib/gcc/arm-none-eabi/14.3.1/thumb/v6-m/nofp/crtbegin.o

.data           0x20000000        0xc load address 0x08004ed4
                0x20000000                        . = ALIGN (0x4)
                0x20000000                        _sdata = .
 *(.data)
 *(.data*)
 .data.SystemCoreClock
                0x20000000        0x4 cmake/stm32cubemx/CMakeFiles/STM32_Drivers.dir/__/__/Core/Src/system_stm32g0xx.c.obj
                0x20000000                SystemCoreClock
 .data.uwTickPrio
                0x20000004        0x4 cmake/stm32cubemx/CMakeFiles/STM32_Drivers.dir/__/__/Drivers/STM32G0xx_HAL_Driver/Src/stm32g0xx_hal.c.obj
                0x20000004                uwTickPrio
 .data.uwTickFreq
                0x20000008        0x1 cmake/stm32cubemx/CMakeFiles/STM32_Drivers.dir/__/__/Drivers/STM32G0xx_HAL_Driver/Src/stm32g0xx_hal.c.obj
                0x20000008                uwTickFreq
 *(.RamFunc)
 *(.RamFunc*)
                0x2000000c                        . = ALIGN (0x4)
 *fill*         0x20000009        0x3 

.tm_clone_table
                0x2000000c        0x0 load address 0x08004ee0
 .tm_clone_table
                0x2000000c        0x0 D:/stm32/config/arm-gnu-toolchain-14.3/bin/../lib/gcc/arm-none-eabi/14.3.1/thumb/v6-m/nofp/crtbegin.o
 .tm_clone_table
                0x2000000c        0x0 D:/stm32/config/arm-gnu-toolchain-14.3/bin/../lib/gcc/arm-none-eabi/14.3.1/thumb/v6-m/nofp/crtend.o

.igot.plt       0x2000000c        0x0 load address 0x08004ee0
 .igot.plt      0x2000000c        0x0 D:/stm32/config/arm-gnu-toolchain-14.3/bin/../lib/gcc/arm-none-eabi/14.3.1/thumb/v6-m/nofp/crtbegin.o

.tdata          0x2000000c        0x0 load address 0x08004ee0
 *(.tdata .tdata.* .gnu.linkonce.td.*)
                0x2000000c                        . = ALIGN (0x4)
                0x2000000c                        _edata = .
                [!provide]                        PROVIDE (__data_end = .)
                [!provide]                        PROVIDE (__tdata_end = .)
                [!provide]                        PROVIDE (__tdata_start = ADDR (.tdata))
                [!provide]                        PROVIDE (__tdata_size = (__tdata_end - __tdata_start))
                [!provide]                        PROVIDE (__data_start = ADDR (.data))
                [!provide]                        PROVIDE (__data_size = (__data_end - __data_start))
                [!provide]                        PROVIDE (__tdata_source = LOADADDR (.tdata))
                [!provide]                        PROVIDE (__tdata_source_end = (LOADADDR (.tdata) + SIZEOF (.tdata)))
                [!provide]                        PROVIDE (__tdata_source_size = (__tdata_source_end - __tdata_source))
                [!provide]                        PROVIDE (__data_source = LOADADDR (.data))
                [!provide]                        PROVIDE (__data_source_end = __tdata_source_end)
                [!provide]                        PROVIDE (__data_source_size = (__data_source_end - __data_source))

.tbss           0x2000000c        0x0 load address 0x08004ee0
                0x2000000c                        _sbss = .
                0x2000000c                        __bss_start__ = _sbss
 *(.tbss .tbss.*)
                0x2000000c                        . = ALIGN (0x4)
                [!provide]                        PROVIDE (__tbss_end = .)
                [!provide]                        PROVIDE (__tbss_start = ADDR (.tbss))
                [!provide]                        PROVIDE (__tbss_size = (__tbss_end - __tbss_start))
                [!provide]                        PROVIDE (__tbss_offset = (ADDR (.tbss) - ADDR (.tdata)))
                [!provide]                        PROVIDE (__tls_base = __tdata_start)
                [!provide]                        PROVIDE (__tls_end = __tbss_end)
                [!provide]                        PROVIDE (__tls_size = (__tls_end - __tls_base))
                [!provide]                        PROVIDE (__tls_align = MAX (ALIGNOF (.tdata), ALIGNOF (.tbss)))
                [!provide]                        PROVIDE (__tls_size_align = (((__tls_size + __tls_align) - 0x1) & ~ ((__tls_align - 0x1))))
                [!provide]                        PROVIDE (__arm32_tls_tcb_offset = MAX (0x8, __tls_align))
                [!provide]                        PROVIDE (__arm64_tls_tcb_offset = MAX (0x10, __tls_align))

.bss            0x2000000c      0x35c load address 0x08004ee0
 *(.bss)
 *(.bss*)
 .bss.completed.1
                0x2000000c        0x1 D:/stm32/config/arm-gnu-toolchain-14.3/bin/../lib/gcc/arm-none-eabi/14.3.1/thumb/v6-m/nofp/crtbegin.o
 *fill*         0x2000000d        0x3 
 .bss.object.0  0x20000010       0x18 D:/stm32/config/arm-gnu-toolchain-14.3/bin/../lib/gcc/arm-none-eabi/14.3.1/thumb/v6-m/nofp/crtbegin.o
 .bss.uwTick    0x20000028        0x4 cmake/stm32cubemx/CMakeFiles/STM32_Drivers.dir/__/__/Drivers/STM32G0xx_HAL_Driver/Src/stm32g0xx_hal.c.obj
                0x20000028                uwTick
 .bss.hadc1     0x2000002c       0x64 CMakeFiles/Butterfly_v3.dir/Core/Src/adc.c.obj
                0x2000002c                hadc1
 .bss.hdma_adc1
                0x20000090       0x5c CMakeFiles/Butterfly_v3.dir/Core/Src/adc.c.obj
                0x20000090                hdma_adc1
 .bss.htim2     0x200000ec       0x4c CMakeFiles/Butterfly_v3.dir/Core/Src/tim.c.obj
                0x200000ec                htim2
 .bss.htim3     0x20000138       0x4c CMakeFiles/Butterfly_v3.dir/Core/Src/tim.c.obj
                0x20000138                htim3
 .bss.htim16    0x20000184       0x4c CMakeFiles/Butterfly_v3.dir/Core/Src/tim.c.obj
                0x20000184                htim16
 .bss.hdma_tim16_trig_com
                0x200001d0       0x5c CMakeFiles/Butterfly_v3.dir/Core/Src/tim.c.obj
                0x200001d0                hdma_tim16_trig_com
 .bss.huart1    0x2000022c       0x94 CMakeFiles/Butterfly_v3.dir/Core/Src/usart.c.obj
                0x2000022c                huart1
 .bss.hdma_usart1_rx
                0x200002c0       0x5c CMakeFiles/Butterfly_v3.dir/Core/Src/usart.c.obj
                0x200002c0                hdma_usart1_rx
 .bss.htim17    0x2000031c       0x4c CMakeFiles/Butterfly_v3.dir/Core/Src/stm32g0xx_hal_timebase_tim.c.obj
                0x2000031c                htim17
 *(COMMON)
                0x20000368                        . = ALIGN (0x4)
                0x20000368                        _ebss = .
                0x20000368                        __bss_end__ = _ebss
                [!provide]                        PROVIDE (__bss_end = .)
                [!provide]                        PROVIDE (__non_tls_bss_start = ADDR (.bss))
                [!provide]                        PROVIDE (__bss_start = __tbss_start)
                [!provide]                        PROVIDE (__bss_size = (__bss_end - __bss_start))

._user_heap_stack
                0x20000368      0x600 load address 0x08004ee0
                0x20000368                        . = ALIGN (0x8)
                [!provide]                        PROVIDE (end = .)
                0x20000368                        PROVIDE (_end = .)
                0x20000568                        . = (. + _Min_Heap_Size)
 *fill*         0x20000368      0x200 
                0x20000968                        . = (. + _Min_Stack_Size)
 *fill*         0x20000568      0x400 
                0x20000968                        . = ALIGN (0x8)

/DISCARD/
 libc.a:*(*)
 libm.a:*(*)
 libgcc.a:*(*)
OUTPUT(Butterfly_v3.elf elf32-littlearm)
LOAD linker stubs

.ARM.attributes
                0x00000000       0x28
 .ARM.attributes
                0x00000000       0x1e D:/stm32/config/arm-gnu-toolchain-14.3/bin/../lib/gcc/arm-none-eabi/14.3.1/thumb/v6-m/nofp/crti.o
 .ARM.attributes
                0x0000001e       0x2c D:/stm32/config/arm-gnu-toolchain-14.3/bin/../lib/gcc/arm-none-eabi/14.3.1/thumb/v6-m/nofp/crtbegin.o
 .ARM.attributes
                0x0000004a       0x2c cmake/stm32cubemx/CMakeFiles/STM32_Drivers.dir/__/__/Core/Src/system_stm32g0xx.c.obj
 .ARM.attributes
                0x00000076       0x2c cmake/stm32cubemx/CMakeFiles/STM32_Drivers.dir/__/__/Drivers/STM32G0xx_HAL_Driver/Src/stm32g0xx_hal_tim.c.obj
 .ARM.attributes
                0x000000a2       0x2c cmake/stm32cubemx/CMakeFiles/STM32_Drivers.dir/__/__/Drivers/STM32G0xx_HAL_Driver/Src/stm32g0xx_hal_tim_ex.c.obj
 .ARM.attributes
                0x000000ce       0x2c cmake/stm32cubemx/CMakeFiles/STM32_Drivers.dir/__/__/Drivers/STM32G0xx_HAL_Driver/Src/stm32g0xx_hal_adc.c.obj
 .ARM.attributes
                0x000000fa       0x2c cmake/stm32cubemx/CMakeFiles/STM32_Drivers.dir/__/__/Drivers/STM32G0xx_HAL_Driver/Src/stm32g0xx_hal_rcc.c.obj
 .ARM.attributes
                0x00000126       0x2c cmake/stm32cubemx/CMakeFiles/STM32_Drivers.dir/__/__/Drivers/STM32G0xx_HAL_Driver/Src/stm32g0xx_hal_rcc_ex.c.obj
 .ARM.attributes
                0x00000152       0x2c cmake/stm32cubemx/CMakeFiles/STM32_Drivers.dir/__/__/Drivers/STM32G0xx_HAL_Driver/Src/stm32g0xx_hal_gpio.c.obj
 .ARM.attributes
                0x0000017e       0x2c cmake/stm32cubemx/CMakeFiles/STM32_Drivers.dir/__/__/Drivers/STM32G0xx_HAL_Driver/Src/stm32g0xx_hal_dma.c.obj
 .ARM.attributes
                0x000001aa       0x2c cmake/stm32cubemx/CMakeFiles/STM32_Drivers.dir/__/__/Drivers/STM32G0xx_HAL_Driver/Src/stm32g0xx_hal_pwr_ex.c.obj
 .ARM.attributes
                0x000001d6       0x2c cmake/stm32cubemx/CMakeFiles/STM32_Drivers.dir/__/__/Drivers/STM32G0xx_HAL_Driver/Src/stm32g0xx_hal_cortex.c.obj
 .ARM.attributes
                0x00000202       0x2c cmake/stm32cubemx/CMakeFiles/STM32_Drivers.dir/__/__/Drivers/STM32G0xx_HAL_Driver/Src/stm32g0xx_hal.c.obj
 .ARM.attributes
                0x0000022e       0x2c cmake/stm32cubemx/CMakeFiles/STM32_Drivers.dir/__/__/Drivers/STM32G0xx_HAL_Driver/Src/stm32g0xx_hal_uart.c.obj
 .ARM.attributes
                0x0000025a       0x2c cmake/stm32cubemx/CMakeFiles/STM32_Drivers.dir/__/__/Drivers/STM32G0xx_HAL_Driver/Src/stm32g0xx_hal_uart_ex.c.obj
 .ARM.attributes
                0x00000286       0x2c CMakeFiles/Butterfly_v3.dir/Core/Src/main.c.obj
 .ARM.attributes
                0x000002b2       0x2c CMakeFiles/Butterfly_v3.dir/Core/Src/gpio.c.obj
 .ARM.attributes
                0x000002de       0x2c CMakeFiles/Butterfly_v3.dir/Core/Src/adc.c.obj
 .ARM.attributes
                0x0000030a       0x2c CMakeFiles/Butterfly_v3.dir/Core/Src/dma.c.obj
 .ARM.attributes
                0x00000336       0x2c CMakeFiles/Butterfly_v3.dir/Core/Src/tim.c.obj
 .ARM.attributes
                0x00000362       0x2c CMakeFiles/Butterfly_v3.dir/Core/Src/usart.c.obj
 .ARM.attributes
                0x0000038e       0x2c CMakeFiles/Butterfly_v3.dir/Core/Src/stm32g0xx_it.c.obj
 .ARM.attributes
                0x000003ba       0x2c CMakeFiles/Butterfly_v3.dir/Core/Src/stm32g0xx_hal_msp.c.obj
 .ARM.attributes
                0x000003e6       0x2c CMakeFiles/Butterfly_v3.dir/Core/Src/stm32g0xx_hal_timebase_tim.c.obj
 .ARM.attributes
                0x00000412       0x22 CMakeFiles/Butterfly_v3.dir/startup_stm32g031xx.s.obj
 .ARM.attributes
                0x00000434       0x1e D:/stm32/config/arm-gnu-toolchain-14.3/bin/../lib/gcc/arm-none-eabi/14.3.1/thumb/v6-m/nofp\libgcc.a(_udivsi3.o)
 .ARM.attributes
                0x00000452       0x1e D:/stm32/config/arm-gnu-toolchain-14.3/bin/../lib/gcc/arm-none-eabi/14.3.1/thumb/v6-m/nofp\libgcc.a(_divsi3.o)
 .ARM.attributes
                0x00000470       0x1e D:/stm32/config/arm-gnu-toolchain-14.3/bin/../lib/gcc/arm-none-eabi/14.3.1/thumb/v6-m/nofp\libgcc.a(_dvmd_tls.o)
 .ARM.attributes
                0x0000048e       0x1e D:/stm32/config/arm-gnu-toolchain-14.3/bin/../lib/gcc/arm-none-eabi/14.3.1/thumb/v6-m/nofp\libgcc.a(_aeabi_uldivmod.o)
 .ARM.attributes
                0x000004ac       0x2c D:/stm32/config/arm-gnu-toolchain-14.3/bin/../lib/gcc/arm-none-eabi/14.3.1/thumb/v6-m/nofp\libgcc.a(_udivmoddi4.o)
 .ARM.attributes
                0x000004d8       0x1e D:/stm32/config/arm-gnu-toolchain-14.3/bin/../lib/gcc/arm-none-eabi/14.3.1/thumb/v6-m/nofp\libgcc.a(_clzdi2.o)
 .ARM.attributes
                0x000004f6       0x1e D:/stm32/config/arm-gnu-toolchain-14.3/bin/../lib/gcc/arm-none-eabi/14.3.1/thumb/v6-m/nofp\libgcc.a(_clzsi2.o)
 .ARM.attributes
                0x00000514       0x2c D:/stm32/config/arm-gnu-toolchain-14.3/bin/../lib/gcc/arm-none-eabi/14.3.1/../../../../arm-none-eabi/lib/thumb/v6-m/nofp\libg_nano.a(libc_a-memset.o)
 .ARM.attributes
                0x00000540       0x2c D:/stm32/config/arm-gnu-toolchain-14.3/bin/../lib/gcc/arm-none-eabi/14.3.1/../../../../arm-none-eabi/lib/thumb/v6-m/nofp\libg_nano.a(libc_a-init.o)
 .ARM.attributes
                0x0000056c       0x2c D:/stm32/config/arm-gnu-toolchain-14.3/bin/../lib/gcc/arm-none-eabi/14.3.1/thumb/v6-m/nofp/crtend.o
 .ARM.attributes
                0x00000598       0x1e D:/stm32/config/arm-gnu-toolchain-14.3/bin/../lib/gcc/arm-none-eabi/14.3.1/thumb/v6-m/nofp/crtn.o

.comment        0x00000000       0x46
 .comment       0x00000000       0x46 cmake/stm32cubemx/CMakeFiles/STM32_Drivers.dir/__/__/Core/Src/system_stm32g0xx.c.obj
                                 0x47 (size before relaxing)
 .comment       0x00000046       0x47 cmake/stm32cubemx/CMakeFiles/STM32_Drivers.dir/__/__/Drivers/STM32G0xx_HAL_Driver/Src/stm32g0xx_hal_tim.c.obj
 .comment       0x00000046       0x47 cmake/stm32cubemx/CMakeFiles/STM32_Drivers.dir/__/__/Drivers/STM32G0xx_HAL_Driver/Src/stm32g0xx_hal_tim_ex.c.obj
 .comment       0x00000046       0x47 cmake/stm32cubemx/CMakeFiles/STM32_Drivers.dir/__/__/Drivers/STM32G0xx_HAL_Driver/Src/stm32g0xx_hal_adc.c.obj
 .comment       0x00000046       0x47 cmake/stm32cubemx/CMakeFiles/STM32_Drivers.dir/__/__/Drivers/STM32G0xx_HAL_Driver/Src/stm32g0xx_hal_rcc.c.obj
 .comment       0x00000046       0x47 cmake/stm32cubemx/CMakeFiles/STM32_Drivers.dir/__/__/Drivers/STM32G0xx_HAL_Driver/Src/stm32g0xx_hal_rcc_ex.c.obj
 .comment       0x00000046       0x47 cmake/stm32cubemx/CMakeFiles/STM32_Drivers.dir/__/__/Drivers/STM32G0xx_HAL_Driver/Src/stm32g0xx_hal_gpio.c.obj
 .comment       0x00000046       0x47 cmake/stm32cubemx/CMakeFiles/STM32_Drivers.dir/__/__/Drivers/STM32G0xx_HAL_Driver/Src/stm32g0xx_hal_dma.c.obj
 .comment       0x00000046       0x47 cmake/stm32cubemx/CMakeFiles/STM32_Drivers.dir/__/__/Drivers/STM32G0xx_HAL_Driver/Src/stm32g0xx_hal_pwr_ex.c.obj
 .comment       0x00000046       0x47 cmake/stm32cubemx/CMakeFiles/STM32_Drivers.dir/__/__/Drivers/STM32G0xx_HAL_Driver/Src/stm32g0xx_hal_cortex.c.obj
 .comment       0x00000046       0x47 cmake/stm32cubemx/CMakeFiles/STM32_Drivers.dir/__/__/Drivers/STM32G0xx_HAL_Driver/Src/stm32g0xx_hal.c.obj
 .comment       0x00000046       0x47 cmake/stm32cubemx/CMakeFiles/STM32_Drivers.dir/__/__/Drivers/STM32G0xx_HAL_Driver/Src/stm32g0xx_hal_uart.c.obj
 .comment       0x00000046       0x47 cmake/stm32cubemx/CMakeFiles/STM32_Drivers.dir/__/__/Drivers/STM32G0xx_HAL_Driver/Src/stm32g0xx_hal_uart_ex.c.obj
 .comment       0x00000046       0x47 CMakeFiles/Butterfly_v3.dir/Core/Src/main.c.obj
 .comment       0x00000046       0x47 CMakeFiles/Butterfly_v3.dir/Core/Src/gpio.c.obj
 .comment       0x00000046       0x47 CMakeFiles/Butterfly_v3.dir/Core/Src/adc.c.obj
 .comment       0x00000046       0x47 CMakeFiles/Butterfly_v3.dir/Core/Src/dma.c.obj
 .comment       0x00000046       0x47 CMakeFiles/Butterfly_v3.dir/Core/Src/tim.c.obj
 .comment       0x00000046       0x47 CMakeFiles/Butterfly_v3.dir/Core/Src/usart.c.obj
 .comment       0x00000046       0x47 CMakeFiles/Butterfly_v3.dir/Core/Src/stm32g0xx_it.c.obj
 .comment       0x00000046       0x47 CMakeFiles/Butterfly_v3.dir/Core/Src/stm32g0xx_hal_msp.c.obj
 .comment       0x00000046       0x47 CMakeFiles/Butterfly_v3.dir/Core/Src/stm32g0xx_hal_timebase_tim.c.obj

.debug_info     0x00000000    0x13cca
 .debug_info    0x00000000      0x316 cmake/stm32cubemx/CMakeFiles/STM32_Drivers.dir/__/__/Core/Src/system_stm32g0xx.c.obj
 .debug_info    0x00000316     0x2ba7 cmake/stm32cubemx/CMakeFiles/STM32_Drivers.dir/__/__/Drivers/STM32G0xx_HAL_Driver/Src/stm32g0xx_hal_tim.c.obj
 .debug_info    0x00002ebd     0x18b8 cmake/stm32cubemx/CMakeFiles/STM32_Drivers.dir/__/__/Drivers/STM32G0xx_HAL_Driver/Src/stm32g0xx_hal_tim_ex.c.obj
 .debug_info    0x00004775     0x155e cmake/stm32cubemx/CMakeFiles/STM32_Drivers.dir/__/__/Drivers/STM32G0xx_HAL_Driver/Src/stm32g0xx_hal_adc.c.obj
 .debug_info    0x00005cd3      0xb1b cmake/stm32cubemx/CMakeFiles/STM32_Drivers.dir/__/__/Drivers/STM32G0xx_HAL_Driver/Src/stm32g0xx_hal_rcc.c.obj
 .debug_info    0x000067ee      0x75b cmake/stm32cubemx/CMakeFiles/STM32_Drivers.dir/__/__/Drivers/STM32G0xx_HAL_Driver/Src/stm32g0xx_hal_rcc_ex.c.obj
 .debug_info    0x00006f49      0x59d cmake/stm32cubemx/CMakeFiles/STM32_Drivers.dir/__/__/Drivers/STM32G0xx_HAL_Driver/Src/stm32g0xx_hal_gpio.c.obj
 .debug_info    0x000074e6      0x86b cmake/stm32cubemx/CMakeFiles/STM32_Drivers.dir/__/__/Drivers/STM32G0xx_HAL_Driver/Src/stm32g0xx_hal_dma.c.obj
 .debug_info    0x00007d51      0x77d cmake/stm32cubemx/CMakeFiles/STM32_Drivers.dir/__/__/Drivers/STM32G0xx_HAL_Driver/Src/stm32g0xx_hal_pwr_ex.c.obj
 .debug_info    0x000084ce      0x8c7 cmake/stm32cubemx/CMakeFiles/STM32_Drivers.dir/__/__/Drivers/STM32G0xx_HAL_Driver/Src/stm32g0xx_hal_cortex.c.obj
 .debug_info    0x00008d95      0xa2f cmake/stm32cubemx/CMakeFiles/STM32_Drivers.dir/__/__/Drivers/STM32G0xx_HAL_Driver/Src/stm32g0xx_hal.c.obj
 .debug_info    0x000097c4     0x4840 cmake/stm32cubemx/CMakeFiles/STM32_Drivers.dir/__/__/Drivers/STM32G0xx_HAL_Driver/Src/stm32g0xx_hal_uart.c.obj
 .debug_info    0x0000e004      0xf95 cmake/stm32cubemx/CMakeFiles/STM32_Drivers.dir/__/__/Drivers/STM32G0xx_HAL_Driver/Src/stm32g0xx_hal_uart_ex.c.obj
 .debug_info    0x0000ef99      0xa17 CMakeFiles/Butterfly_v3.dir/Core/Src/main.c.obj
 .debug_info    0x0000f9b0      0x282 CMakeFiles/Butterfly_v3.dir/Core/Src/gpio.c.obj
 .debug_info    0x0000fc32      0xb6f CMakeFiles/Butterfly_v3.dir/Core/Src/adc.c.obj
 .debug_info    0x000107a1      0x353 CMakeFiles/Butterfly_v3.dir/Core/Src/dma.c.obj
 .debug_info    0x00010af4      0xf4a CMakeFiles/Butterfly_v3.dir/Core/Src/tim.c.obj
 .debug_info    0x00011a3e      0xc49 CMakeFiles/Butterfly_v3.dir/Core/Src/usart.c.obj
 .debug_info    0x00012687      0x835 CMakeFiles/Butterfly_v3.dir/Core/Src/stm32g0xx_it.c.obj
 .debug_info    0x00012ebc      0x265 CMakeFiles/Butterfly_v3.dir/Core/Src/stm32g0xx_hal_msp.c.obj
 .debug_info    0x00013121      0xb79 CMakeFiles/Butterfly_v3.dir/Core/Src/stm32g0xx_hal_timebase_tim.c.obj
 .debug_info    0x00013c9a       0x30 CMakeFiles/Butterfly_v3.dir/startup_stm32g031xx.s.obj

.debug_abbrev   0x00000000     0x2eb7
 .debug_abbrev  0x00000000      0x119 cmake/stm32cubemx/CMakeFiles/STM32_Drivers.dir/__/__/Core/Src/system_stm32g0xx.c.obj
 .debug_abbrev  0x00000119      0x29b cmake/stm32cubemx/CMakeFiles/STM32_Drivers.dir/__/__/Drivers/STM32G0xx_HAL_Driver/Src/stm32g0xx_hal_tim.c.obj
 .debug_abbrev  0x000003b4      0x2ab cmake/stm32cubemx/CMakeFiles/STM32_Drivers.dir/__/__/Drivers/STM32G0xx_HAL_Driver/Src/stm32g0xx_hal_tim_ex.c.obj
 .debug_abbrev  0x0000065f      0x267 cmake/stm32cubemx/CMakeFiles/STM32_Drivers.dir/__/__/Drivers/STM32G0xx_HAL_Driver/Src/stm32g0xx_hal_adc.c.obj
 .debug_abbrev  0x000008c6      0x2a9 cmake/stm32cubemx/CMakeFiles/STM32_Drivers.dir/__/__/Drivers/STM32G0xx_HAL_Driver/Src/stm32g0xx_hal_rcc.c.obj
 .debug_abbrev  0x00000b6f      0x229 cmake/stm32cubemx/CMakeFiles/STM32_Drivers.dir/__/__/Drivers/STM32G0xx_HAL_Driver/Src/stm32g0xx_hal_rcc_ex.c.obj
 .debug_abbrev  0x00000d98      0x1c3 cmake/stm32cubemx/CMakeFiles/STM32_Drivers.dir/__/__/Drivers/STM32G0xx_HAL_Driver/Src/stm32g0xx_hal_gpio.c.obj
 .debug_abbrev  0x00000f5b      0x1e1 cmake/stm32cubemx/CMakeFiles/STM32_Drivers.dir/__/__/Drivers/STM32G0xx_HAL_Driver/Src/stm32g0xx_hal_dma.c.obj
 .debug_abbrev  0x0000113c      0x237 cmake/stm32cubemx/CMakeFiles/STM32_Drivers.dir/__/__/Drivers/STM32G0xx_HAL_Driver/Src/stm32g0xx_hal_pwr_ex.c.obj
 .debug_abbrev  0x00001373      0x2ab cmake/stm32cubemx/CMakeFiles/STM32_Drivers.dir/__/__/Drivers/STM32G0xx_HAL_Driver/Src/stm32g0xx_hal_cortex.c.obj
 .debug_abbrev  0x0000161e      0x2b6 cmake/stm32cubemx/CMakeFiles/STM32_Drivers.dir/__/__/Drivers/STM32G0xx_HAL_Driver/Src/stm32g0xx_hal.c.obj
 .debug_abbrev  0x000018d4      0x325 cmake/stm32cubemx/CMakeFiles/STM32_Drivers.dir/__/__/Drivers/STM32G0xx_HAL_Driver/Src/stm32g0xx_hal_uart.c.obj
 .debug_abbrev  0x00001bf9      0x2e5 cmake/stm32cubemx/CMakeFiles/STM32_Drivers.dir/__/__/Drivers/STM32G0xx_HAL_Driver/Src/stm32g0xx_hal_uart_ex.c.obj
 .debug_abbrev  0x00001ede      0x224 CMakeFiles/Butterfly_v3.dir/Core/Src/main.c.obj
 .debug_abbrev  0x00002102       0xdd CMakeFiles/Butterfly_v3.dir/Core/Src/gpio.c.obj
 .debug_abbrev  0x000021df      0x205 CMakeFiles/Butterfly_v3.dir/Core/Src/adc.c.obj
 .debug_abbrev  0x000023e4      0x115 CMakeFiles/Butterfly_v3.dir/Core/Src/dma.c.obj
 .debug_abbrev  0x000024f9      0x2cd CMakeFiles/Butterfly_v3.dir/Core/Src/tim.c.obj
 .debug_abbrev  0x000027c6      0x221 CMakeFiles/Butterfly_v3.dir/Core/Src/usart.c.obj
 .debug_abbrev  0x000029e7      0x1ac CMakeFiles/Butterfly_v3.dir/Core/Src/stm32g0xx_it.c.obj
 .debug_abbrev  0x00002b93       0xdd CMakeFiles/Butterfly_v3.dir/Core/Src/stm32g0xx_hal_msp.c.obj
 .debug_abbrev  0x00002c70      0x223 CMakeFiles/Butterfly_v3.dir/Core/Src/stm32g0xx_hal_timebase_tim.c.obj
 .debug_abbrev  0x00002e93       0x24 CMakeFiles/Butterfly_v3.dir/startup_stm32g031xx.s.obj

.debug_aranges  0x00000000     0x1158
 .debug_aranges
                0x00000000       0x28 cmake/stm32cubemx/CMakeFiles/STM32_Drivers.dir/__/__/Core/Src/system_stm32g0xx.c.obj
 .debug_aranges
                0x00000028      0x3e0 cmake/stm32cubemx/CMakeFiles/STM32_Drivers.dir/__/__/Drivers/STM32G0xx_HAL_Driver/Src/stm32g0xx_hal_tim.c.obj
 .debug_aranges
                0x00000408      0x198 cmake/stm32cubemx/CMakeFiles/STM32_Drivers.dir/__/__/Drivers/STM32G0xx_HAL_Driver/Src/stm32g0xx_hal_tim_ex.c.obj
 .debug_aranges
                0x000005a0      0x1f0 cmake/stm32cubemx/CMakeFiles/STM32_Drivers.dir/__/__/Drivers/STM32G0xx_HAL_Driver/Src/stm32g0xx_hal_adc.c.obj
 .debug_aranges
                0x00000790       0xa0 cmake/stm32cubemx/CMakeFiles/STM32_Drivers.dir/__/__/Drivers/STM32G0xx_HAL_Driver/Src/stm32g0xx_hal_rcc.c.obj
 .debug_aranges
                0x00000830       0x40 cmake/stm32cubemx/CMakeFiles/STM32_Drivers.dir/__/__/Drivers/STM32G0xx_HAL_Driver/Src/stm32g0xx_hal_rcc_ex.c.obj
 .debug_aranges
                0x00000870       0x60 cmake/stm32cubemx/CMakeFiles/STM32_Drivers.dir/__/__/Drivers/STM32G0xx_HAL_Driver/Src/stm32g0xx_hal_gpio.c.obj
 .debug_aranges
                0x000008d0       0x90 cmake/stm32cubemx/CMakeFiles/STM32_Drivers.dir/__/__/Drivers/STM32G0xx_HAL_Driver/Src/stm32g0xx_hal_dma.c.obj
 .debug_aranges
                0x00000960       0xf0 cmake/stm32cubemx/CMakeFiles/STM32_Drivers.dir/__/__/Drivers/STM32G0xx_HAL_Driver/Src/stm32g0xx_hal_pwr_ex.c.obj
 .debug_aranges
                0x00000a50       0xe8 cmake/stm32cubemx/CMakeFiles/STM32_Drivers.dir/__/__/Drivers/STM32G0xx_HAL_Driver/Src/stm32g0xx_hal_cortex.c.obj
 .debug_aranges
                0x00000b38      0x128 cmake/stm32cubemx/CMakeFiles/STM32_Drivers.dir/__/__/Drivers/STM32G0xx_HAL_Driver/Src/stm32g0xx_hal.c.obj
 .debug_aranges
                0x00000c60      0x248 cmake/stm32cubemx/CMakeFiles/STM32_Drivers.dir/__/__/Drivers/STM32G0xx_HAL_Driver/Src/stm32g0xx_hal_uart.c.obj
 .debug_aranges
                0x00000ea8       0xa8 cmake/stm32cubemx/CMakeFiles/STM32_Drivers.dir/__/__/Drivers/STM32G0xx_HAL_Driver/Src/stm32g0xx_hal_uart_ex.c.obj
 .debug_aranges
                0x00000f50       0x38 CMakeFiles/Butterfly_v3.dir/Core/Src/main.c.obj
 .debug_aranges
                0x00000f88       0x20 CMakeFiles/Butterfly_v3.dir/Core/Src/gpio.c.obj
 .debug_aranges
                0x00000fa8       0x30 CMakeFiles/Butterfly_v3.dir/Core/Src/adc.c.obj
 .debug_aranges
                0x00000fd8       0x20 CMakeFiles/Butterfly_v3.dir/Core/Src/dma.c.obj
 .debug_aranges
                0x00000ff8       0x58 CMakeFiles/Butterfly_v3.dir/Core/Src/tim.c.obj
 .debug_aranges
                0x00001050       0x30 CMakeFiles/Butterfly_v3.dir/Core/Src/usart.c.obj
 .debug_aranges
                0x00001080       0x60 CMakeFiles/Butterfly_v3.dir/Core/Src/stm32g0xx_it.c.obj
 .debug_aranges
                0x000010e0       0x20 CMakeFiles/Butterfly_v3.dir/Core/Src/stm32g0xx_hal_msp.c.obj
 .debug_aranges
                0x00001100       0x30 CMakeFiles/Butterfly_v3.dir/Core/Src/stm32g0xx_hal_timebase_tim.c.obj
 .debug_aranges
                0x00001130       0x28 CMakeFiles/Butterfly_v3.dir/startup_stm32g031xx.s.obj

.debug_rnglists
                0x00000000      0xd83
 .debug_rnglists
                0x00000000       0x1a cmake/stm32cubemx/CMakeFiles/STM32_Drivers.dir/__/__/Core/Src/system_stm32g0xx.c.obj
 .debug_rnglists
                0x0000001a      0x32a cmake/stm32cubemx/CMakeFiles/STM32_Drivers.dir/__/__/Drivers/STM32G0xx_HAL_Driver/Src/stm32g0xx_hal_tim.c.obj
 .debug_rnglists
                0x00000344      0x14e cmake/stm32cubemx/CMakeFiles/STM32_Drivers.dir/__/__/Drivers/STM32G0xx_HAL_Driver/Src/stm32g0xx_hal_tim_ex.c.obj
 .debug_rnglists
                0x00000492      0x17f cmake/stm32cubemx/CMakeFiles/STM32_Drivers.dir/__/__/Drivers/STM32G0xx_HAL_Driver/Src/stm32g0xx_hal_adc.c.obj
 .debug_rnglists
                0x00000611       0x79 cmake/stm32cubemx/CMakeFiles/STM32_Drivers.dir/__/__/Drivers/STM32G0xx_HAL_Driver/Src/stm32g0xx_hal_rcc.c.obj
 .debug_rnglists
                0x0000068a       0x30 cmake/stm32cubemx/CMakeFiles/STM32_Drivers.dir/__/__/Drivers/STM32G0xx_HAL_Driver/Src/stm32g0xx_hal_rcc_ex.c.obj
 .debug_rnglists
                0x000006ba       0x45 cmake/stm32cubemx/CMakeFiles/STM32_Drivers.dir/__/__/Drivers/STM32G0xx_HAL_Driver/Src/stm32g0xx_hal_gpio.c.obj
 .debug_rnglists
                0x000006ff       0x72 cmake/stm32cubemx/CMakeFiles/STM32_Drivers.dir/__/__/Drivers/STM32G0xx_HAL_Driver/Src/stm32g0xx_hal_dma.c.obj
 .debug_rnglists
                0x00000771       0xb5 cmake/stm32cubemx/CMakeFiles/STM32_Drivers.dir/__/__/Drivers/STM32G0xx_HAL_Driver/Src/stm32g0xx_hal_pwr_ex.c.obj
 .debug_rnglists
                0x00000826       0xaa cmake/stm32cubemx/CMakeFiles/STM32_Drivers.dir/__/__/Drivers/STM32G0xx_HAL_Driver/Src/stm32g0xx_hal_cortex.c.obj
 .debug_rnglists
                0x000008d0       0xda cmake/stm32cubemx/CMakeFiles/STM32_Drivers.dir/__/__/Drivers/STM32G0xx_HAL_Driver/Src/stm32g0xx_hal.c.obj
 .debug_rnglists
                0x000009aa      0x1fb cmake/stm32cubemx/CMakeFiles/STM32_Drivers.dir/__/__/Drivers/STM32G0xx_HAL_Driver/Src/stm32g0xx_hal_uart.c.obj
 .debug_rnglists
                0x00000ba5       0x80 cmake/stm32cubemx/CMakeFiles/STM32_Drivers.dir/__/__/Drivers/STM32G0xx_HAL_Driver/Src/stm32g0xx_hal_uart_ex.c.obj
 .debug_rnglists
                0x00000c25       0x26 CMakeFiles/Butterfly_v3.dir/Core/Src/main.c.obj
 .debug_rnglists
                0x00000c4b       0x13 CMakeFiles/Butterfly_v3.dir/Core/Src/gpio.c.obj
 .debug_rnglists
                0x00000c5e       0x21 CMakeFiles/Butterfly_v3.dir/Core/Src/adc.c.obj
 .debug_rnglists
                0x00000c7f       0x13 CMakeFiles/Butterfly_v3.dir/Core/Src/dma.c.obj
 .debug_rnglists
                0x00000c92       0x41 CMakeFiles/Butterfly_v3.dir/Core/Src/tim.c.obj
 .debug_rnglists
                0x00000cd3       0x21 CMakeFiles/Butterfly_v3.dir/Core/Src/usart.c.obj
 .debug_rnglists
                0x00000cf4       0x43 CMakeFiles/Butterfly_v3.dir/Core/Src/stm32g0xx_it.c.obj
 .debug_rnglists
                0x00000d37       0x13 CMakeFiles/Butterfly_v3.dir/Core/Src/stm32g0xx_hal_msp.c.obj
 .debug_rnglists
                0x00000d4a       0x20 CMakeFiles/Butterfly_v3.dir/Core/Src/stm32g0xx_hal_timebase_tim.c.obj
 .debug_rnglists
                0x00000d6a       0x19 CMakeFiles/Butterfly_v3.dir/startup_stm32g031xx.s.obj

.debug_macro    0x00000000    0x17f53
 .debug_macro   0x00000000      0x207 cmake/stm32cubemx/CMakeFiles/STM32_Drivers.dir/__/__/Core/Src/system_stm32g0xx.c.obj
 .debug_macro   0x00000207      0xaae cmake/stm32cubemx/CMakeFiles/STM32_Drivers.dir/__/__/Core/Src/system_stm32g0xx.c.obj
 .debug_macro   0x00000cb5       0x2e cmake/stm32cubemx/CMakeFiles/STM32_Drivers.dir/__/__/Core/Src/system_stm32g0xx.c.obj
 .debug_macro   0x00000ce3       0x28 cmake/stm32cubemx/CMakeFiles/STM32_Drivers.dir/__/__/Core/Src/system_stm32g0xx.c.obj
 .debug_macro   0x00000d0b       0x22 cmake/stm32cubemx/CMakeFiles/STM32_Drivers.dir/__/__/Core/Src/system_stm32g0xx.c.obj
 .debug_macro   0x00000d2d       0x8e cmake/stm32cubemx/CMakeFiles/STM32_Drivers.dir/__/__/Core/Src/system_stm32g0xx.c.obj
 .debug_macro   0x00000dbb       0x51 cmake/stm32cubemx/CMakeFiles/STM32_Drivers.dir/__/__/Core/Src/system_stm32g0xx.c.obj
 .debug_macro   0x00000e0c      0x103 cmake/stm32cubemx/CMakeFiles/STM32_Drivers.dir/__/__/Core/Src/system_stm32g0xx.c.obj
 .debug_macro   0x00000f0f       0x6a cmake/stm32cubemx/CMakeFiles/STM32_Drivers.dir/__/__/Core/Src/system_stm32g0xx.c.obj
 .debug_macro   0x00000f79      0x1df cmake/stm32cubemx/CMakeFiles/STM32_Drivers.dir/__/__/Core/Src/system_stm32g0xx.c.obj
 .debug_macro   0x00001158       0x1c cmake/stm32cubemx/CMakeFiles/STM32_Drivers.dir/__/__/Core/Src/system_stm32g0xx.c.obj
 .debug_macro   0x00001174       0x22 cmake/stm32cubemx/CMakeFiles/STM32_Drivers.dir/__/__/Core/Src/system_stm32g0xx.c.obj
 .debug_macro   0x00001196       0xd1 cmake/stm32cubemx/CMakeFiles/STM32_Drivers.dir/__/__/Core/Src/system_stm32g0xx.c.obj
 .debug_macro   0x00001267      0x4da cmake/stm32cubemx/CMakeFiles/STM32_Drivers.dir/__/__/Core/Src/system_stm32g0xx.c.obj
 .debug_macro   0x00001741      0x11f cmake/stm32cubemx/CMakeFiles/STM32_Drivers.dir/__/__/Core/Src/system_stm32g0xx.c.obj
 .debug_macro   0x00001860     0xac2c cmake/stm32cubemx/CMakeFiles/STM32_Drivers.dir/__/__/Core/Src/system_stm32g0xx.c.obj
 .debug_macro   0x0000c48c       0x66 cmake/stm32cubemx/CMakeFiles/STM32_Drivers.dir/__/__/Core/Src/system_stm32g0xx.c.obj
 .debug_macro   0x0000c4f2      0x123 cmake/stm32cubemx/CMakeFiles/STM32_Drivers.dir/__/__/Core/Src/system_stm32g0xx.c.obj
 .debug_macro   0x0000c615     0x350e cmake/stm32cubemx/CMakeFiles/STM32_Drivers.dir/__/__/Core/Src/system_stm32g0xx.c.obj
 .debug_macro   0x0000fb23      0x190 cmake/stm32cubemx/CMakeFiles/STM32_Drivers.dir/__/__/Core/Src/system_stm32g0xx.c.obj
 .debug_macro   0x0000fcb3       0x5c cmake/stm32cubemx/CMakeFiles/STM32_Drivers.dir/__/__/Core/Src/system_stm32g0xx.c.obj
 .debug_macro   0x0000fd0f      0x518 cmake/stm32cubemx/CMakeFiles/STM32_Drivers.dir/__/__/Core/Src/system_stm32g0xx.c.obj
 .debug_macro   0x00010227      0xf70 cmake/stm32cubemx/CMakeFiles/STM32_Drivers.dir/__/__/Core/Src/system_stm32g0xx.c.obj
 .debug_macro   0x00011197      0x1d8 cmake/stm32cubemx/CMakeFiles/STM32_Drivers.dir/__/__/Core/Src/system_stm32g0xx.c.obj
 .debug_macro   0x0001136f      0x1cf cmake/stm32cubemx/CMakeFiles/STM32_Drivers.dir/__/__/Core/Src/system_stm32g0xx.c.obj
 .debug_macro   0x0001153e      0x122 cmake/stm32cubemx/CMakeFiles/STM32_Drivers.dir/__/__/Core/Src/system_stm32g0xx.c.obj
 .debug_macro   0x00011660      0x390 cmake/stm32cubemx/CMakeFiles/STM32_Drivers.dir/__/__/Core/Src/system_stm32g0xx.c.obj
 .debug_macro   0x000119f0      0x202 cmake/stm32cubemx/CMakeFiles/STM32_Drivers.dir/__/__/Core/Src/system_stm32g0xx.c.obj
 .debug_macro   0x00011bf2      0x2ff cmake/stm32cubemx/CMakeFiles/STM32_Drivers.dir/__/__/Core/Src/system_stm32g0xx.c.obj
 .debug_macro   0x00011ef1      0x1b2 cmake/stm32cubemx/CMakeFiles/STM32_Drivers.dir/__/__/Core/Src/system_stm32g0xx.c.obj
 .debug_macro   0x000120a3       0x43 cmake/stm32cubemx/CMakeFiles/STM32_Drivers.dir/__/__/Core/Src/system_stm32g0xx.c.obj
 .debug_macro   0x000120e6      0x1f1 cmake/stm32cubemx/CMakeFiles/STM32_Drivers.dir/__/__/Core/Src/system_stm32g0xx.c.obj
 .debug_macro   0x000122d7      0x8a8 cmake/stm32cubemx/CMakeFiles/STM32_Drivers.dir/__/__/Core/Src/system_stm32g0xx.c.obj
 .debug_macro   0x00012b7f      0x5b4 cmake/stm32cubemx/CMakeFiles/STM32_Drivers.dir/__/__/Core/Src/system_stm32g0xx.c.obj
 .debug_macro   0x00013133       0x2e cmake/stm32cubemx/CMakeFiles/STM32_Drivers.dir/__/__/Core/Src/system_stm32g0xx.c.obj
 .debug_macro   0x00013161      0x1d6 cmake/stm32cubemx/CMakeFiles/STM32_Drivers.dir/__/__/Core/Src/system_stm32g0xx.c.obj
 .debug_macro   0x00013337      0x38a cmake/stm32cubemx/CMakeFiles/STM32_Drivers.dir/__/__/Core/Src/system_stm32g0xx.c.obj
 .debug_macro   0x000136c1       0x28 cmake/stm32cubemx/CMakeFiles/STM32_Drivers.dir/__/__/Core/Src/system_stm32g0xx.c.obj
 .debug_macro   0x000136e9       0xe4 cmake/stm32cubemx/CMakeFiles/STM32_Drivers.dir/__/__/Core/Src/system_stm32g0xx.c.obj
 .debug_macro   0x000137cd      0x10c cmake/stm32cubemx/CMakeFiles/STM32_Drivers.dir/__/__/Core/Src/system_stm32g0xx.c.obj
 .debug_macro   0x000138d9      0x240 cmake/stm32cubemx/CMakeFiles/STM32_Drivers.dir/__/__/Core/Src/system_stm32g0xx.c.obj
 .debug_macro   0x00013b19      0xac2 cmake/stm32cubemx/CMakeFiles/STM32_Drivers.dir/__/__/Core/Src/system_stm32g0xx.c.obj
 .debug_macro   0x000145db      0x135 cmake/stm32cubemx/CMakeFiles/STM32_Drivers.dir/__/__/Core/Src/system_stm32g0xx.c.obj
 .debug_macro   0x00014710      0x693 cmake/stm32cubemx/CMakeFiles/STM32_Drivers.dir/__/__/Core/Src/system_stm32g0xx.c.obj
 .debug_macro   0x00014da3       0xa6 cmake/stm32cubemx/CMakeFiles/STM32_Drivers.dir/__/__/Core/Src/system_stm32g0xx.c.obj
 .debug_macro   0x00014e49      0x49d cmake/stm32cubemx/CMakeFiles/STM32_Drivers.dir/__/__/Core/Src/system_stm32g0xx.c.obj
 .debug_macro   0x000152e6      0x20f cmake/stm32cubemx/CMakeFiles/STM32_Drivers.dir/__/__/Drivers/STM32G0xx_HAL_Driver/Src/stm32g0xx_hal_tim.c.obj
 .debug_macro   0x000154f5      0x20d cmake/stm32cubemx/CMakeFiles/STM32_Drivers.dir/__/__/Drivers/STM32G0xx_HAL_Driver/Src/stm32g0xx_hal_tim_ex.c.obj
 .debug_macro   0x00015702      0x22b cmake/stm32cubemx/CMakeFiles/STM32_Drivers.dir/__/__/Drivers/STM32G0xx_HAL_Driver/Src/stm32g0xx_hal_adc.c.obj
 .debug_macro   0x0001592d      0x249 cmake/stm32cubemx/CMakeFiles/STM32_Drivers.dir/__/__/Drivers/STM32G0xx_HAL_Driver/Src/stm32g0xx_hal_rcc.c.obj
 .debug_macro   0x00015b76      0x21f cmake/stm32cubemx/CMakeFiles/STM32_Drivers.dir/__/__/Drivers/STM32G0xx_HAL_Driver/Src/stm32g0xx_hal_rcc_ex.c.obj
 .debug_macro   0x00015d95      0x20e cmake/stm32cubemx/CMakeFiles/STM32_Drivers.dir/__/__/Drivers/STM32G0xx_HAL_Driver/Src/stm32g0xx_hal_gpio.c.obj
 .debug_macro   0x00015fa3      0x207 cmake/stm32cubemx/CMakeFiles/STM32_Drivers.dir/__/__/Drivers/STM32G0xx_HAL_Driver/Src/stm32g0xx_hal_dma.c.obj
 .debug_macro   0x000161aa      0x231 cmake/stm32cubemx/CMakeFiles/STM32_Drivers.dir/__/__/Drivers/STM32G0xx_HAL_Driver/Src/stm32g0xx_hal_pwr_ex.c.obj
 .debug_macro   0x000163db      0x207 cmake/stm32cubemx/CMakeFiles/STM32_Drivers.dir/__/__/Drivers/STM32G0xx_HAL_Driver/Src/stm32g0xx_hal_cortex.c.obj
 .debug_macro   0x000165e2      0x22b cmake/stm32cubemx/CMakeFiles/STM32_Drivers.dir/__/__/Drivers/STM32G0xx_HAL_Driver/Src/stm32g0xx_hal.c.obj
 .debug_macro   0x0001680d      0x232 cmake/stm32cubemx/CMakeFiles/STM32_Drivers.dir/__/__/Drivers/STM32G0xx_HAL_Driver/Src/stm32g0xx_hal_uart.c.obj
 .debug_macro   0x00016a3f      0x213 cmake/stm32cubemx/CMakeFiles/STM32_Drivers.dir/__/__/Drivers/STM32G0xx_HAL_Driver/Src/stm32g0xx_hal_uart_ex.c.obj
 .debug_macro   0x00016c52      0x247 CMakeFiles/Butterfly_v3.dir/Core/Src/main.c.obj
 .debug_macro   0x00016e99      0x21b CMakeFiles/Butterfly_v3.dir/Core/Src/gpio.c.obj
 .debug_macro   0x000170b4      0x21b CMakeFiles/Butterfly_v3.dir/Core/Src/adc.c.obj
 .debug_macro   0x000172cf      0x21b CMakeFiles/Butterfly_v3.dir/Core/Src/dma.c.obj
 .debug_macro   0x000174ea      0x21b CMakeFiles/Butterfly_v3.dir/Core/Src/tim.c.obj
 .debug_macro   0x00017705      0x21b CMakeFiles/Butterfly_v3.dir/Core/Src/usart.c.obj
 .debug_macro   0x00017920      0x21b CMakeFiles/Butterfly_v3.dir/Core/Src/stm32g0xx_it.c.obj
 .debug_macro   0x00017b3b      0x211 CMakeFiles/Butterfly_v3.dir/Core/Src/stm32g0xx_hal_msp.c.obj
 .debug_macro   0x00017d4c      0x207 CMakeFiles/Butterfly_v3.dir/Core/Src/stm32g0xx_hal_timebase_tim.c.obj

.debug_line     0x00000000    0x1459f
 .debug_line    0x00000000      0x6c2 cmake/stm32cubemx/CMakeFiles/STM32_Drivers.dir/__/__/Core/Src/system_stm32g0xx.c.obj
 .debug_line    0x000006c2     0x3b1c cmake/stm32cubemx/CMakeFiles/STM32_Drivers.dir/__/__/Drivers/STM32G0xx_HAL_Driver/Src/stm32g0xx_hal_tim.c.obj
 .debug_line    0x000041de     0x1a85 cmake/stm32cubemx/CMakeFiles/STM32_Drivers.dir/__/__/Drivers/STM32G0xx_HAL_Driver/Src/stm32g0xx_hal_tim_ex.c.obj
 .debug_line    0x00005c63     0x182e cmake/stm32cubemx/CMakeFiles/STM32_Drivers.dir/__/__/Drivers/STM32G0xx_HAL_Driver/Src/stm32g0xx_hal_adc.c.obj
 .debug_line    0x00007491      0xed9 cmake/stm32cubemx/CMakeFiles/STM32_Drivers.dir/__/__/Drivers/STM32G0xx_HAL_Driver/Src/stm32g0xx_hal_rcc.c.obj
 .debug_line    0x0000836a      0xb61 cmake/stm32cubemx/CMakeFiles/STM32_Drivers.dir/__/__/Drivers/STM32G0xx_HAL_Driver/Src/stm32g0xx_hal_rcc_ex.c.obj
 .debug_line    0x00008ecb      0xa59 cmake/stm32cubemx/CMakeFiles/STM32_Drivers.dir/__/__/Drivers/STM32G0xx_HAL_Driver/Src/stm32g0xx_hal_gpio.c.obj
 .debug_line    0x00009924      0xc84 cmake/stm32cubemx/CMakeFiles/STM32_Drivers.dir/__/__/Drivers/STM32G0xx_HAL_Driver/Src/stm32g0xx_hal_dma.c.obj
 .debug_line    0x0000a5a8      0x9e1 cmake/stm32cubemx/CMakeFiles/STM32_Drivers.dir/__/__/Drivers/STM32G0xx_HAL_Driver/Src/stm32g0xx_hal_pwr_ex.c.obj
 .debug_line    0x0000af89      0xa9d cmake/stm32cubemx/CMakeFiles/STM32_Drivers.dir/__/__/Drivers/STM32G0xx_HAL_Driver/Src/stm32g0xx_hal_cortex.c.obj
 .debug_line    0x0000ba26      0xa20 cmake/stm32cubemx/CMakeFiles/STM32_Drivers.dir/__/__/Drivers/STM32G0xx_HAL_Driver/Src/stm32g0xx_hal.c.obj
 .debug_line    0x0000c446     0x357b cmake/stm32cubemx/CMakeFiles/STM32_Drivers.dir/__/__/Drivers/STM32G0xx_HAL_Driver/Src/stm32g0xx_hal_uart.c.obj
 .debug_line    0x0000f9c1      0xc21 cmake/stm32cubemx/CMakeFiles/STM32_Drivers.dir/__/__/Drivers/STM32G0xx_HAL_Driver/Src/stm32g0xx_hal_uart_ex.c.obj
 .debug_line    0x000105e2      0x718 CMakeFiles/Butterfly_v3.dir/Core/Src/main.c.obj
 .debug_line    0x00010cfa      0x64d CMakeFiles/Butterfly_v3.dir/Core/Src/gpio.c.obj
 .debug_line    0x00011347      0x76e CMakeFiles/Butterfly_v3.dir/Core/Src/adc.c.obj
 .debug_line    0x00011ab5      0x64d CMakeFiles/Butterfly_v3.dir/Core/Src/dma.c.obj
 .debug_line    0x00012102      0x8d5 CMakeFiles/Butterfly_v3.dir/Core/Src/tim.c.obj
 .debug_line    0x000129d7      0x72c CMakeFiles/Butterfly_v3.dir/Core/Src/usart.c.obj
 .debug_line    0x00013103      0x708 CMakeFiles/Butterfly_v3.dir/Core/Src/stm32g0xx_it.c.obj
 .debug_line    0x0001380b      0x64f CMakeFiles/Butterfly_v3.dir/Core/Src/stm32g0xx_hal_msp.c.obj
 .debug_line    0x00013e5a      0x6ca CMakeFiles/Butterfly_v3.dir/Core/Src/stm32g0xx_hal_timebase_tim.c.obj
 .debug_line    0x00014524       0x7b CMakeFiles/Butterfly_v3.dir/startup_stm32g031xx.s.obj

.debug_str      0x00000000    0x99b9b
 .debug_str     0x00000000    0x99b9b cmake/stm32cubemx/CMakeFiles/STM32_Drivers.dir/__/__/Core/Src/system_stm32g0xx.c.obj
                              0x94c5d (size before relaxing)
 .debug_str     0x00099b9b    0x9619f cmake/stm32cubemx/CMakeFiles/STM32_Drivers.dir/__/__/Drivers/STM32G0xx_HAL_Driver/Src/stm32g0xx_hal_tim.c.obj
 .debug_str     0x00099b9b    0x95b2d cmake/stm32cubemx/CMakeFiles/STM32_Drivers.dir/__/__/Drivers/STM32G0xx_HAL_Driver/Src/stm32g0xx_hal_tim_ex.c.obj
 .debug_str     0x00099b9b    0x95a18 cmake/stm32cubemx/CMakeFiles/STM32_Drivers.dir/__/__/Drivers/STM32G0xx_HAL_Driver/Src/stm32g0xx_hal_adc.c.obj
 .debug_str     0x00099b9b    0x953b3 cmake/stm32cubemx/CMakeFiles/STM32_Drivers.dir/__/__/Drivers/STM32G0xx_HAL_Driver/Src/stm32g0xx_hal_rcc.c.obj
 .debug_str     0x00099b9b    0x94fec cmake/stm32cubemx/CMakeFiles/STM32_Drivers.dir/__/__/Drivers/STM32G0xx_HAL_Driver/Src/stm32g0xx_hal_rcc_ex.c.obj
 .debug_str     0x00099b9b    0x94d92 cmake/stm32cubemx/CMakeFiles/STM32_Drivers.dir/__/__/Drivers/STM32G0xx_HAL_Driver/Src/stm32g0xx_hal_gpio.c.obj
 .debug_str     0x00099b9b    0x950f7 cmake/stm32cubemx/CMakeFiles/STM32_Drivers.dir/__/__/Drivers/STM32G0xx_HAL_Driver/Src/stm32g0xx_hal_dma.c.obj
 .debug_str     0x00099b9b    0x950d6 cmake/stm32cubemx/CMakeFiles/STM32_Drivers.dir/__/__/Drivers/STM32G0xx_HAL_Driver/Src/stm32g0xx_hal_pwr_ex.c.obj
 .debug_str     0x00099b9b    0x950e7 cmake/stm32cubemx/CMakeFiles/STM32_Drivers.dir/__/__/Drivers/STM32G0xx_HAL_Driver/Src/stm32g0xx_hal_cortex.c.obj
 .debug_str     0x00099b9b    0x95433 cmake/stm32cubemx/CMakeFiles/STM32_Drivers.dir/__/__/Drivers/STM32G0xx_HAL_Driver/Src/stm32g0xx_hal.c.obj
 .debug_str     0x00099b9b    0x95c28 cmake/stm32cubemx/CMakeFiles/STM32_Drivers.dir/__/__/Drivers/STM32G0xx_HAL_Driver/Src/stm32g0xx_hal_uart.c.obj
 .debug_str     0x00099b9b    0x954e7 cmake/stm32cubemx/CMakeFiles/STM32_Drivers.dir/__/__/Drivers/STM32G0xx_HAL_Driver/Src/stm32g0xx_hal_uart_ex.c.obj
 .debug_str     0x00099b9b    0x9539f CMakeFiles/Butterfly_v3.dir/Core/Src/main.c.obj
 .debug_str     0x00099b9b    0x94c0c CMakeFiles/Butterfly_v3.dir/Core/Src/gpio.c.obj
 .debug_str     0x00099b9b    0x952a5 CMakeFiles/Butterfly_v3.dir/Core/Src/adc.c.obj
 .debug_str     0x00099b9b    0x94dee CMakeFiles/Butterfly_v3.dir/Core/Src/dma.c.obj
 .debug_str     0x00099b9b    0x956f1 CMakeFiles/Butterfly_v3.dir/Core/Src/tim.c.obj
 .debug_str     0x00099b9b    0x953e8 CMakeFiles/Butterfly_v3.dir/Core/Src/usart.c.obj
 .debug_str     0x00099b9b    0x95228 CMakeFiles/Butterfly_v3.dir/Core/Src/stm32g0xx_it.c.obj
 .debug_str     0x00099b9b    0x94c0c CMakeFiles/Butterfly_v3.dir/Core/Src/stm32g0xx_hal_msp.c.obj
 .debug_str     0x00099b9b    0x95528 CMakeFiles/Butterfly_v3.dir/Core/Src/stm32g0xx_hal_timebase_tim.c.obj
 .debug_str     0x00099b9b       0x86 CMakeFiles/Butterfly_v3.dir/startup_stm32g031xx.s.obj

.debug_frame    0x00000000     0x3df0
 .debug_frame   0x00000000       0x4c cmake/stm32cubemx/CMakeFiles/STM32_Drivers.dir/__/__/Core/Src/system_stm32g0xx.c.obj
 .debug_frame   0x0000004c      0xf40 cmake/stm32cubemx/CMakeFiles/STM32_Drivers.dir/__/__/Drivers/STM32G0xx_HAL_Driver/Src/stm32g0xx_hal_tim.c.obj
 .debug_frame   0x00000f8c      0x620 cmake/stm32cubemx/CMakeFiles/STM32_Drivers.dir/__/__/Drivers/STM32G0xx_HAL_Driver/Src/stm32g0xx_hal_tim_ex.c.obj
 .debug_frame   0x000015ac      0x78c cmake/stm32cubemx/CMakeFiles/STM32_Drivers.dir/__/__/Drivers/STM32G0xx_HAL_Driver/Src/stm32g0xx_hal_adc.c.obj
 .debug_frame   0x00001d38      0x214 cmake/stm32cubemx/CMakeFiles/STM32_Drivers.dir/__/__/Drivers/STM32G0xx_HAL_Driver/Src/stm32g0xx_hal_rcc.c.obj
 .debug_frame   0x00001f4c       0xb0 cmake/stm32cubemx/CMakeFiles/STM32_Drivers.dir/__/__/Drivers/STM32G0xx_HAL_Driver/Src/stm32g0xx_hal_rcc_ex.c.obj
 .debug_frame   0x00001ffc      0x130 cmake/stm32cubemx/CMakeFiles/STM32_Drivers.dir/__/__/Drivers/STM32G0xx_HAL_Driver/Src/stm32g0xx_hal_gpio.c.obj
 .debug_frame   0x0000212c      0x1f0 cmake/stm32cubemx/CMakeFiles/STM32_Drivers.dir/__/__/Drivers/STM32G0xx_HAL_Driver/Src/stm32g0xx_hal_dma.c.obj
 .debug_frame   0x0000231c      0x32c cmake/stm32cubemx/CMakeFiles/STM32_Drivers.dir/__/__/Drivers/STM32G0xx_HAL_Driver/Src/stm32g0xx_hal_pwr_ex.c.obj
 .debug_frame   0x00002648      0x33c cmake/stm32cubemx/CMakeFiles/STM32_Drivers.dir/__/__/Drivers/STM32G0xx_HAL_Driver/Src/stm32g0xx_hal_cortex.c.obj
 .debug_frame   0x00002984      0x3fc cmake/stm32cubemx/CMakeFiles/STM32_Drivers.dir/__/__/Drivers/STM32G0xx_HAL_Driver/Src/stm32g0xx_hal.c.obj
 .debug_frame   0x00002d80      0x8d8 cmake/stm32cubemx/CMakeFiles/STM32_Drivers.dir/__/__/Drivers/STM32G0xx_HAL_Driver/Src/stm32g0xx_hal_uart.c.obj
 .debug_frame   0x00003658      0x258 cmake/stm32cubemx/CMakeFiles/STM32_Drivers.dir/__/__/Drivers/STM32G0xx_HAL_Driver/Src/stm32g0xx_hal_uart_ex.c.obj
 .debug_frame   0x000038b0       0x88 CMakeFiles/Butterfly_v3.dir/Core/Src/main.c.obj
 .debug_frame   0x00003938       0x30 CMakeFiles/Butterfly_v3.dir/Core/Src/gpio.c.obj
 .debug_frame   0x00003968       0x70 CMakeFiles/Butterfly_v3.dir/Core/Src/adc.c.obj
 .debug_frame   0x000039d8       0x30 CMakeFiles/Butterfly_v3.dir/Core/Src/dma.c.obj
 .debug_frame   0x00003a08      0x10c CMakeFiles/Butterfly_v3.dir/Core/Src/tim.c.obj
 .debug_frame   0x00003b14       0x6c CMakeFiles/Butterfly_v3.dir/Core/Src/usart.c.obj
 .debug_frame   0x00003b80      0x10c CMakeFiles/Butterfly_v3.dir/Core/Src/stm32g0xx_it.c.obj
 .debug_frame   0x00003c8c       0x30 CMakeFiles/Butterfly_v3.dir/Core/Src/stm32g0xx_hal_msp.c.obj
 .debug_frame   0x00003cbc       0x6c CMakeFiles/Butterfly_v3.dir/Core/Src/stm32g0xx_hal_timebase_tim.c.obj
 .debug_frame   0x00003d28       0x20 D:/stm32/config/arm-gnu-toolchain-14.3/bin/../lib/gcc/arm-none-eabi/14.3.1/thumb/v6-m/nofp\libgcc.a(_udivsi3.o)
 .debug_frame   0x00003d48       0x20 D:/stm32/config/arm-gnu-toolchain-14.3/bin/../lib/gcc/arm-none-eabi/14.3.1/thumb/v6-m/nofp\libgcc.a(_divsi3.o)
 .debug_frame   0x00003d68       0x3c D:/stm32/config/arm-gnu-toolchain-14.3/bin/../lib/gcc/arm-none-eabi/14.3.1/thumb/v6-m/nofp\libgcc.a(_udivmoddi4.o)
 .debug_frame   0x00003da4       0x20 D:/stm32/config/arm-gnu-toolchain-14.3/bin/../lib/gcc/arm-none-eabi/14.3.1/../../../../arm-none-eabi/lib/thumb/v6-m/nofp\libg_nano.a(libc_a-memset.o)
 .debug_frame   0x00003dc4       0x2c D:/stm32/config/arm-gnu-toolchain-14.3/bin/../lib/gcc/arm-none-eabi/14.3.1/../../../../arm-none-eabi/lib/thumb/v6-m/nofp\libg_nano.a(libc_a-init.o)

.debug_line_str
                0x00000000      0x13f
 .debug_line_str
                0x00000000      0x13f CMakeFiles/Butterfly_v3.dir/startup_stm32g031xx.s.obj
                                 0x6a (size before relaxing)
 .debug_line_str
                0x0000013f       0xc9 D:/stm32/config/arm-gnu-toolchain-14.3/bin/../lib/gcc/arm-none-eabi/14.3.1/thumb/v6-m/nofp\libgcc.a(_udivsi3.o)
 .debug_line_str
                0x0000013f       0xc9 D:/stm32/config/arm-gnu-toolchain-14.3/bin/../lib/gcc/arm-none-eabi/14.3.1/thumb/v6-m/nofp\libgcc.a(_divsi3.o)
 .debug_line_str
                0x0000013f       0xc9 D:/stm32/config/arm-gnu-toolchain-14.3/bin/../lib/gcc/arm-none-eabi/14.3.1/thumb/v6-m/nofp\libgcc.a(_dvmd_tls.o)
 .debug_line_str
                0x0000013f       0xc9 D:/stm32/config/arm-gnu-toolchain-14.3/bin/../lib/gcc/arm-none-eabi/14.3.1/thumb/v6-m/nofp\libgcc.a(_aeabi_uldivmod.o)
 .debug_line_str
                0x0000013f       0xc9 D:/stm32/config/arm-gnu-toolchain-14.3/bin/../lib/gcc/arm-none-eabi/14.3.1/thumb/v6-m/nofp\libgcc.a(_clzdi2.o)
 .debug_line_str
                0x0000013f       0xc9 D:/stm32/config/arm-gnu-toolchain-14.3/bin/../lib/gcc/arm-none-eabi/14.3.1/thumb/v6-m/nofp\libgcc.a(_clzsi2.o)
