Archive member included to satisfy reference by file (symbol)

D:/stm32/config/arm-gnu-toolchain-14.3/bin/../lib/gcc/arm-none-eabi/14.3.1/thumb/v6-m/nofp\libgcc.a(_thumb1_case_uqi.o)
                              cmake/stm32cubemx/CMakeFiles/STM32_Drivers.dir/__/__/Drivers/STM32G0xx_HAL_Driver/Src/stm32g0xx_hal_rcc.c.obj (__gnu_thumb1_case_uqi)
D:/stm32/config/arm-gnu-toolchain-14.3/bin/../lib/gcc/arm-none-eabi/14.3.1/thumb/v6-m/nofp\libgcc.a(_udivsi3.o)
                              cmake/stm32cubemx/CMakeFiles/STM32_Drivers.dir/__/__/Core/Src/system_stm32g0xx.c.obj (__aeabi_uidiv)
D:/stm32/config/arm-gnu-toolchain-14.3/bin/../lib/gcc/arm-none-eabi/14.3.1/thumb/v6-m/nofp\libgcc.a(_divsi3.o)
                              cmake/stm32cubemx/CMakeFiles/STM32_Drivers.dir/__/__/Drivers/STM32G0xx_HAL_Driver/Src/stm32g0xx_hal_uart_ex.c.obj (__aeabi_idiv)
D:/stm32/config/arm-gnu-toolchain-14.3/bin/../lib/gcc/arm-none-eabi/14.3.1/thumb/v6-m/nofp\libgcc.a(_dvmd_tls.o)
                              D:/stm32/config/arm-gnu-toolchain-14.3/bin/../lib/gcc/arm-none-eabi/14.3.1/thumb/v6-m/nofp\libgcc.a(_udivsi3.o) (__aeabi_idiv0)
D:/stm32/config/arm-gnu-toolchain-14.3/bin/../lib/gcc/arm-none-eabi/14.3.1/thumb/v6-m/nofp\libgcc.a(_arm_cmpsf2.o)
                              CMakeFiles/Butterfly_v3.dir/moudules/motor.c.obj (__aeabi_fcmpeq)
D:/stm32/config/arm-gnu-toolchain-14.3/bin/../lib/gcc/arm-none-eabi/14.3.1/thumb/v6-m/nofp\libgcc.a(_aeabi_uldivmod.o)
                              cmake/stm32cubemx/CMakeFiles/STM32_Drivers.dir/__/__/Drivers/STM32G0xx_HAL_Driver/Src/stm32g0xx_hal_uart.c.obj (__aeabi_uldivmod)
D:/stm32/config/arm-gnu-toolchain-14.3/bin/../lib/gcc/arm-none-eabi/14.3.1/thumb/v6-m/nofp\libgcc.a(_muldi3.o)
                              CMakeFiles/Butterfly_v3.dir/bsp/bsp_timer.c.obj (__aeabi_lmul)
D:/stm32/config/arm-gnu-toolchain-14.3/bin/../lib/gcc/arm-none-eabi/14.3.1/thumb/v6-m/nofp\libgcc.a(_udivmoddi4.o)
                              D:/stm32/config/arm-gnu-toolchain-14.3/bin/../lib/gcc/arm-none-eabi/14.3.1/thumb/v6-m/nofp\libgcc.a(_aeabi_uldivmod.o) (__udivmoddi4)
D:/stm32/config/arm-gnu-toolchain-14.3/bin/../lib/gcc/arm-none-eabi/14.3.1/thumb/v6-m/nofp\libgcc.a(addsf3.o)
                              CMakeFiles/Butterfly_v3.dir/application/butterfly.c.obj (__aeabi_fadd)
D:/stm32/config/arm-gnu-toolchain-14.3/bin/../lib/gcc/arm-none-eabi/14.3.1/thumb/v6-m/nofp\libgcc.a(divsf3.o)
                              CMakeFiles/Butterfly_v3.dir/moudules/pid.c.obj (__aeabi_fdiv)
D:/stm32/config/arm-gnu-toolchain-14.3/bin/../lib/gcc/arm-none-eabi/14.3.1/thumb/v6-m/nofp\libgcc.a(eqsf2.o)
                              D:/stm32/config/arm-gnu-toolchain-14.3/bin/../lib/gcc/arm-none-eabi/14.3.1/thumb/v6-m/nofp\libgcc.a(_arm_cmpsf2.o) (__eqsf2)
D:/stm32/config/arm-gnu-toolchain-14.3/bin/../lib/gcc/arm-none-eabi/14.3.1/thumb/v6-m/nofp\libgcc.a(gesf2.o)
                              D:/stm32/config/arm-gnu-toolchain-14.3/bin/../lib/gcc/arm-none-eabi/14.3.1/thumb/v6-m/nofp\libgcc.a(_arm_cmpsf2.o) (__gesf2)
D:/stm32/config/arm-gnu-toolchain-14.3/bin/../lib/gcc/arm-none-eabi/14.3.1/thumb/v6-m/nofp\libgcc.a(lesf2.o)
                              D:/stm32/config/arm-gnu-toolchain-14.3/bin/../lib/gcc/arm-none-eabi/14.3.1/thumb/v6-m/nofp\libgcc.a(_arm_cmpsf2.o) (__lesf2)
D:/stm32/config/arm-gnu-toolchain-14.3/bin/../lib/gcc/arm-none-eabi/14.3.1/thumb/v6-m/nofp\libgcc.a(mulsf3.o)
                              CMakeFiles/Butterfly_v3.dir/moudules/pid.c.obj (__aeabi_fmul)
D:/stm32/config/arm-gnu-toolchain-14.3/bin/../lib/gcc/arm-none-eabi/14.3.1/thumb/v6-m/nofp\libgcc.a(subsf3.o)
                              CMakeFiles/Butterfly_v3.dir/moudules/motor.c.obj (__aeabi_fsub)
D:/stm32/config/arm-gnu-toolchain-14.3/bin/../lib/gcc/arm-none-eabi/14.3.1/thumb/v6-m/nofp\libgcc.a(fixsfsi.o)
                              CMakeFiles/Butterfly_v3.dir/moudules/motor.c.obj (__aeabi_f2iz)
D:/stm32/config/arm-gnu-toolchain-14.3/bin/../lib/gcc/arm-none-eabi/14.3.1/thumb/v6-m/nofp\libgcc.a(floatunsisf.o)
                              CMakeFiles/Butterfly_v3.dir/moudules/elrs.c.obj (__aeabi_ui2f)
D:/stm32/config/arm-gnu-toolchain-14.3/bin/../lib/gcc/arm-none-eabi/14.3.1/thumb/v6-m/nofp\libgcc.a(divdf3.o)
                              CMakeFiles/Butterfly_v3.dir/bsp/bsp_timer.c.obj (__aeabi_ddiv)
D:/stm32/config/arm-gnu-toolchain-14.3/bin/../lib/gcc/arm-none-eabi/14.3.1/thumb/v6-m/nofp\libgcc.a(floatunsidf.o)
                              CMakeFiles/Butterfly_v3.dir/bsp/bsp_timer.c.obj (__aeabi_ui2d)
D:/stm32/config/arm-gnu-toolchain-14.3/bin/../lib/gcc/arm-none-eabi/14.3.1/thumb/v6-m/nofp\libgcc.a(_clzsi2.o)
                              D:/stm32/config/arm-gnu-toolchain-14.3/bin/../lib/gcc/arm-none-eabi/14.3.1/thumb/v6-m/nofp\libgcc.a(addsf3.o) (__clzsi2)
D:/stm32/config/arm-gnu-toolchain-14.3/bin/../lib/gcc/arm-none-eabi/14.3.1/thumb/v6-m/nofp\libgcc.a(_clzdi2.o)
[...]
Memory Configuration

Name             Origin             Length             Attributes
RAM              0x20000000         0x00002000         xrw
FLASH            0x08000000         0x00010000         xr
*default*        0x00000000         0xffffffff

Linker script and memory map

LOAD D:/stm32/config/arm-gnu-toolchain-14.3/bin/../lib/gcc/arm-none-eabi/14.3.1/thumb/v6-m/nofp/crti.o
LOAD D:/stm32/config/arm-gnu-toolchain-14.3/bin/../lib/gcc/arm-none-eabi/14.3.1/thumb/v6-m/nofp/crtbegin.o
LOAD D:/stm32/config/arm-gnu-toolchain-14.3/bin/../lib/gcc/arm-none-eabi/14.3.1/../../../../arm-none-eabi/lib/thumb/v6-m/nofp/crt0.o
LOAD cmake/stm32cubemx/CMakeFiles/STM32_Drivers.dir/__/__/Core/Src/system_stm32g0xx.c.obj
LOAD cmake/stm32cubemx/CMakeFiles/STM32_Drivers.dir/__/__/Drivers/STM32G0xx_HAL_Driver/Src/stm32g0xx_hal_tim.c.obj
LOAD cmake/stm32cubemx/CMakeFiles/STM32_Drivers.dir/__/__/Drivers/STM32G0xx_HAL_Driver/Src/stm32g0xx_hal_tim_ex.c.obj
LOAD cmake/stm32cubemx/CMakeFiles/STM32_Drivers.dir/__/__/Drivers/STM32G0xx_HAL_Driver/Src/stm32g0xx_hal_adc.c.obj
LOAD cmake/stm32cubemx/CMakeFiles/STM32_Drivers.dir/__/__/Drivers/STM32G0xx_HAL_Driver/Src/stm32g0xx_hal_adc_ex.c.obj
LOAD cmake/stm32cubemx/CMakeFiles/STM32_Drivers.dir/__/__/Drivers/STM32G0xx_HAL_Driver/Src/stm32g0xx_ll_adc.c.obj
LOAD cmake/stm32cubemx/CMakeFiles/STM32_Drivers.dir/__/__/Drivers/STM32G0xx_HAL_Driver/Src/stm32g0xx_hal_rcc.c.obj
LOAD cmake/stm32cubemx/CMakeFiles/STM32_Drivers.dir/__/__/Drivers/STM32G0xx_HAL_Driver/Src/stm32g0xx_hal_rcc_ex.c.obj
LOAD cmake/stm32cubemx/CMakeFiles/STM32_Drivers.dir/__/__/Drivers/STM32G0xx_HAL_Driver/Src/stm32g0xx_ll_rcc.c.obj
LOAD cmake/stm32cubemx/CMakeFiles/STM32_Drivers.dir/__/__/Drivers/STM32G0xx_HAL_Driver/Src/stm32g0xx_hal_flash.c.obj
LOAD cmake/stm32cubemx/CMakeFiles/STM32_Drivers.dir/__/__/Drivers/STM32G0xx_HAL_Driver/Src/stm32g0xx_hal_flash_ex.c.obj
LOAD cmake/stm32cubemx/CMakeFiles/STM32_Drivers.dir/__/__/Drivers/STM32G0xx_HAL_Driver/Src/stm32g0xx_hal_gpio.c.obj
LOAD cmake/stm32cubemx/CMakeFiles/STM32_Drivers.dir/__/__/Drivers/STM32G0xx_HAL_Driver/Src/stm32g0xx_hal_dma.c.obj
LOAD cmake/stm32cubemx/CMakeFiles/STM32_Drivers.dir/__/__/Drivers/STM32G0xx_HAL_Driver/Src/stm32g0xx_hal_dma_ex.c.obj
LOAD cmake/stm32cubemx/CMakeFiles/STM32_Drivers.dir/__/__/Drivers/STM32G0xx_HAL_Driver/Src/stm32g0xx_hal_pwr.c.obj
LOAD cmake/stm32cubemx/CMakeFiles/STM32_Drivers.dir/__/__/Drivers/STM32G0xx_HAL_Driver/Src/stm32g0xx_hal_pwr_ex.c.obj
LOAD cmake/stm32cubemx/CMakeFiles/STM32_Drivers.dir/__/__/Drivers/STM32G0xx_HAL_Driver/Src/stm32g0xx_hal_cortex.c.obj
LOAD cmake/stm32cubemx/CMakeFiles/STM32_Drivers.dir/__/__/Drivers/STM32G0xx_HAL_Driver/Src/stm32g0xx_hal.c.obj
LOAD cmake/stm32cubemx/CMakeFiles/STM32_Drivers.dir/__/__/Drivers/STM32G0xx_HAL_Driver/Src/stm32g0xx_hal_exti.c.obj
LOAD cmake/stm32cubemx/CMakeFiles/STM32_Drivers.dir/__/__/Drivers/STM32G0xx_HAL_Driver/Src/stm32g0xx_hal_uart.c.obj
LOAD cmake/stm32cubemx/CMakeFiles/STM32_Drivers.dir/__/__/Drivers/STM32G0xx_HAL_Driver/Src/stm32g0xx_hal_uart_ex.c.obj
LOAD CMakeFiles/Butterfly_v3.dir/Core/Src/main.c.obj
LOAD CMakeFiles/Butterfly_v3.dir/Core/Src/gpio.c.obj
LOAD CMakeFiles/Butterfly_v3.dir/Core/Src/adc.c.obj
LOAD CMakeFiles/Butterfly_v3.dir/Core/Src/dma.c.obj
LOAD CMakeFiles/Butterfly_v3.dir/Core/Src/tim.c.obj
LOAD CMakeFiles/Butterfly_v3.dir/Core/Src/usart.c.obj
LOAD CMakeFiles/Butterfly_v3.dir/Core/Src/stm32g0xx_it.c.obj
LOAD CMakeFiles/Butterfly_v3.dir/Core/Src/stm32g0xx_hal_msp.c.obj
LOAD CMakeFiles/Butterfly_v3.dir/Core/Src/stm32g0xx_hal_timebase_tim.c.obj
LOAD CMakeFiles/Butterfly_v3.dir/Core/Src/sysmem.c.obj
LOAD CMakeFiles/Butterfly_v3.dir/Core/Src/syscalls.c.obj
LOAD CMakeFiles/Butterfly_v3.dir/startup_stm32g031xx.s.obj
LOAD CMakeFiles/Butterfly_v3.dir/application/butterfly.c.obj
LOAD CMakeFiles/Butterfly_v3.dir/moudules/motor.c.obj
LOAD CMakeFiles/Butterfly_v3.dir/moudules/pid.c.obj
LOAD CMakeFiles/Butterfly_v3.dir/moudules/remote_fs.c.obj
LOAD CMakeFiles/Butterfly_v3.dir/moudules/elrs.c.obj
LOAD CMakeFiles/Butterfly_v3.dir/moudules/daemon.c.obj
LOAD CMakeFiles/Butterfly_v3.dir/bsp/bsp_uart.c.obj
LOAD CMakeFiles/Butterfly_v3.dir/bsp/bsp_adc.c.obj
LOAD CMakeFiles/Butterfly_v3.dir/bsp/bsp_timer.c.obj
LOAD D:/stm32/config/arm-gnu-toolchain-14.3/bin/../lib/gcc/arm-none-eabi/14.3.1/../../../../arm-none-eabi/lib/thumb/v6-m/nofp\libm.a
START GROUP
LOAD D:/stm32/config/arm-gnu-toolchain-14.3/bin/../lib/gcc/arm-none-eabi/14.3.1/thumb/v6-m/nofp\libgcc.a
LOAD D:/stm32/config/arm-gnu-toolchain-14.3/bin/../lib/gcc/arm-none-eabi/14.3.1/../../../../arm-none-eabi/lib/thumb/v6-m/nofp\libg_nano.a
LOAD D:/stm32/config/arm-gnu-toolchain-14.3/bin/../lib/gcc/arm-none-eabi/14.3.1/../../../../arm-none-eabi/lib/thumb/v6-m/nofp\libc_nano.a
END GROUP
START GROUP
LOAD D:/stm32/config/arm-gnu-toolchain-14.3/bin/../lib/gcc/arm-none-eabi/14.3.1/thumb/v6-m/nofp\libgcc.a
LOAD D:/stm32/config/arm-gnu-toolchain-14.3/bin/../lib/gcc/arm-none-eabi/14.3.1/../../../../arm-none-eabi/lib/thumb/v6-m/nofp\libc_nano.a
END GROUP
LOAD D:/stm32/config/arm-gnu-toolchain-14.3/bin/../lib/gcc/arm-none-eabi/14.3.1/thumb/v6-m/nofp/crtend.o
LOAD D:/stm32/config/arm-gnu-toolchain-14.3/bin/../lib/gcc/arm-none-eabi/14.3.1/thumb/v6-m/nofp/crtn.o
                0x20002000                        _estack = (ORIGIN (RAM) + LENGTH (RAM))
                0x00000200                        _Min_Heap_Size = 0x200
                0x00000400                        _Min_Stack_Size = 0x400

.isr_vector     0x08000000       0xbc
                0x08000000                        . = ALIGN (0x4)
 *(.isr_vector)
 .isr_vector    0x08000000       0xbc CMakeFiles/Butterfly_v3.dir/startup_stm32g031xx.s.obj
                0x08000000                g_pfnVectors
                0x080000bc                        . = ALIGN (0x4)

.text           0x080000bc     0x54bc
                0x080000bc                        . = ALIGN (0x4)
 *(.text)
 .text          0x080000bc       0x14 D:/stm32/config/arm-gnu-toolchain-14.3/bin/../lib/gcc/arm-none-eabi/14.3.1/thumb/v6-m/nofp\libgcc.a(_thumb1_case_uqi.o)
                0x080000bc                __gnu_thumb1_case_uqi
 .text          0x080000d0      0x114 D:/stm32/config/arm-gnu-toolchain-14.3/bin/../lib/gcc/arm-none-eabi/14.3.1/thumb/v6-m/nofp\libgcc.a(_udivsi3.o)
                0x080000d0                __aeabi_uidiv
                0x080000d0                __udivsi3
                0x080001dc                __aeabi_uidivmod
 .text          0x080001e4      0x1d4 D:/stm32/config/arm-gnu-toolchain-14.3/bin/../lib/gcc/arm-none-eabi/14.3.1/thumb/v6-m/nofp\libgcc.a(_divsi3.o)
                0x080001e4                __divsi3
                0x080001e4                __aeabi_idiv
                0x080003b0                __aeabi_idivmod
 .text          0x080003b8        0x4 D:/stm32/config/arm-gnu-toolchain-14.3/bin/../lib/gcc/arm-none-eabi/14.3.1/thumb/v6-m/nofp\libgcc.a(_dvmd_tls.o)
                0x080003b8                __aeabi_idiv0
                0x080003b8                __aeabi_ldiv0
 .text          0x080003bc       0x74 D:/stm32/config/arm-gnu-toolchain-14.3/bin/../lib/gcc/arm-none-eabi/14.3.1/thumb/v6-m/nofp\libgcc.a(_arm_cmpsf2.o)
                0x080003bc                __aeabi_cfrcmple
                0x080003c4                __aeabi_cfcmpeq
                0x080003c4                __aeabi_cfcmple
                0x080003d4                __aeabi_fcmpeq
                0x080003e0                __aeabi_fcmplt
                0x080003f4                __aeabi_fcmple
                0x08000408                __aeabi_fcmpgt
                0x0800041c                __aeabi_fcmpge
 .text          0x08000430       0x40 D:/stm32/config/arm-gnu-toolchain-14.3/bin/../lib/gcc/arm-none-eabi/14.3.1/thumb/v6-m/nofp\libgcc.a(_aeabi_uldivmod.o)
                0x08000430                __aeabi_uldivmod
 .text          0x08000470       0x3c D:/stm32/config/arm-gnu-toolchain-14.3/bin/../lib/gcc/arm-none-eabi/14.3.1/thumb/v6-m/nofp\libgcc.a(_clzsi2.o)
                0x08000470                __clzsi2
 .text          0x080004ac       0x18 D:/stm32/config/arm-gnu-toolchain-14.3/bin/../lib/gcc/arm-none-eabi/14.3.1/thumb/v6-m/nofp\libgcc.a(_clzdi2.o)
                0x080004ac                __clzdi2
 *(.text*)
 .text.deregister_tm_clones
                0x080004c4       0x20 D:/stm32/config/arm-gnu-toolchain-14.3/bin/../lib/gcc/arm-none-eabi/14.3.1/thumb/v6-m/nofp/crtbegin.o
 .text.register_tm_clones
                0x080004e4       0x28 D:/stm32/config/arm-gnu-toolchain-14.3/bin/../lib/gcc/arm-none-eabi/14.3.1/thumb/v6-m/nofp/crtbegin.o
 .text.__do_global_dtors_aux
                0x0800050c       0x2c D:/stm32/config/arm-gnu-toolchain-14.3/bin/../lib/gcc/arm-none-eabi/14.3.1/thumb/v6-m/nofp/crtbegin.o
 .text.frame_dummy
                0x08000538       0x24 D:/stm32/config/arm-gnu-toolchain-14.3/bin/../lib/gcc/arm-none-eabi/14.3.1/thumb/v6-m/nofp/crtbegin.o
 .text.SystemInit
                0x0800055c        0x2 cmake/stm32cubemx/CMakeFiles/STM32_Drivers.dir/__/__/Core/Src/system_stm32g0xx.c.obj
                0x0800055c                SystemInit
 *fill*         0x0800055e        0x2 
 .text.TIM_OC1_SetConfig
                0x08000560       0x6c cmake/stm32cubemx/CMakeFiles/STM32_Drivers.dir/__/__/Drivers/STM32G0xx_HAL_Driver/Src/stm32g0xx_hal_tim.c.obj
 .text.TIM_OC3_SetConfig
                0x080005cc       0x84 cmake/stm32cubemx/CMakeFiles/STM32_Drivers.dir/__/__/Drivers/STM32G0xx_HAL_Driver/Src/stm32g0xx_hal_tim.c.obj
 .text.TIM_OC4_SetConfig
                0x08000650       0x68 cmake/stm32cubemx/CMakeFiles/STM32_Drivers.dir/__/__/Drivers/STM32G0xx_HAL_Driver/Src/stm32g0xx_hal_tim.c.obj
 .text.TIM_OC5_SetConfig
                0x080006b8       0x60 cmake/stm32cubemx/CMakeFiles/STM32_Drivers.dir/__/__/Drivers/STM32G0xx_HAL_Driver/Src/stm32g0xx_hal_tim.c.obj
 .text.TIM_OC6_SetConfig
                0x08000718       0x68 cmake/stm32cubemx/CMakeFiles/STM32_Drivers.dir/__/__/Drivers/STM32G0xx_HAL_Driver/Src/stm32g0xx_hal_tim.c.obj
 .text.HAL_TIM_Base_Start
                0x08000780       0x58 cmake/stm32cubemx/CMakeFiles/STM32_Drivers.dir/__/__/Drivers/STM32G0xx_HAL_Driver/Src/stm32g0xx_hal_tim.c.obj
                0x08000780                HAL_TIM_Base_Start
 .text.HAL_TIM_Base_Start_IT
                0x080007d8       0x60 cmake/stm32cubemx/CMakeFiles/STM32_Drivers.dir/__/__/Drivers/STM32G0xx_HAL_Driver/Src/stm32g0xx_hal_tim.c.obj
                0x080007d8                HAL_TIM_Base_Start_IT
 .text.HAL_TIM_OC_DelayElapsedCallback
                0x08000838        0x2 cmake/stm32cubemx/CMakeFiles/STM32_Drivers.dir/__/__/Drivers/STM32G0xx_HAL_Driver/Src/stm32g0xx_hal_tim.c.obj
                0x08000838                HAL_TIM_OC_DelayElapsedCallback
 .text.HAL_TIM_IC_CaptureCallback
                0x0800083a        0x2 cmake/stm32cubemx/CMakeFiles/STM32_Drivers.dir/__/__/Drivers/STM32G0xx_HAL_Driver/Src/stm32g0xx_hal_tim.c.obj
                0x0800083a                HAL_TIM_IC_CaptureCallback
 .text.HAL_TIM_PWM_PulseFinishedCallback
                0x0800083c        0x2 cmake/stm32cubemx/CMakeFiles/STM32_Drivers.dir/__/__/Drivers/STM32G0xx_HAL_Driver/Src/stm32g0xx_hal_tim.c.obj
                0x0800083c                HAL_TIM_PWM_PulseFinishedCallback
 .text.HAL_TIM_TriggerCallback
                0x0800083e        0x2 cmake/stm32cubemx/CMakeFiles/STM32_Drivers.dir/__/__/Drivers/STM32G0xx_HAL_Driver/Src/stm32g0xx_hal_tim.c.obj
                0x0800083e                HAL_TIM_TriggerCallback
 .text.HAL_TIM_IRQHandler
                0x08000840      0x158 cmake/stm32cubemx/CMakeFiles/STM32_Drivers.dir/__/__/Drivers/STM32G0xx_HAL_Driver/Src/stm32g0xx_hal_tim.c.obj
                0x08000840                HAL_TIM_IRQHandler
 .text.TIM_Base_SetConfig
                0x08000998       0x8c cmake/stm32cubemx/CMakeFiles/STM32_Drivers.dir/__/__/Drivers/STM32G0xx_HAL_Driver/Src/stm32g0xx_hal_tim.c.obj
                0x08000998                TIM_Base_SetConfig
 .text.HAL_TIM_Base_Init
                0x08000a24       0x54 cmake/stm32cubemx/CMakeFiles/STM32_Drivers.dir/__/__/Drivers/STM32G0xx_HAL_Driver/Src/stm32g0xx_hal_tim.c.obj
                0x08000a24                HAL_TIM_Base_Init
 .text.HAL_TIM_PWM_Init
                0x08000a78       0x54 cmake/stm32cubemx/CMakeFiles/STM32_Drivers.dir/__/__/Drivers/STM32G0xx_HAL_Driver/Src/stm32g0xx_hal_tim.c.obj
                0x08000a78                HAL_TIM_PWM_Init
 .text.TIM_OC2_SetConfig
                0x08000acc       0x78 cmake/stm32cubemx/CMakeFiles/STM32_Drivers.dir/__/__/Drivers/STM32G0xx_HAL_Driver/Src/stm32g0xx_hal_tim.c.obj
                0x08000acc                TIM_OC2_SetConfig
 .text.HAL_TIM_PWM_ConfigChannel
                0x08000b44      0x10c cmake/stm32cubemx/CMakeFiles/STM32_Drivers.dir/__/__/Drivers/STM32G0xx_HAL_Driver/Src/stm32g0xx_hal_tim.c.obj
                0x08000b44                HAL_TIM_PWM_ConfigChannel
 .text.TIM_ETR_SetConfig
                0x08000c50       0x18 cmake/stm32cubemx/CMakeFiles/STM32_Drivers.dir/__/__/Drivers/STM32G0xx_HAL_Driver/Src/stm32g0xx_hal_tim.c.obj
                0x08000c50                TIM_ETR_SetConfig
 .text.HAL_TIM_ConfigClockSource
                0x08000c68      0x130 cmake/stm32cubemx/CMakeFiles/STM32_Drivers.dir/__/__/Drivers/STM32G0xx_HAL_Driver/Src/stm32g0xx_hal_tim.c.obj
                0x08000c68                HAL_TIM_ConfigClockSource
 .text.TIM_CCxChannelCmd
                0x08000d98       0x1a cmake/stm32cubemx/CMakeFiles/STM32_Drivers.dir/__/__/Drivers/STM32G0xx_HAL_Driver/Src/stm32g0xx_hal_tim.c.obj
                0x08000d98                TIM_CCxChannelCmd
 *fill*         0x08000db2        0x2 
 .text.HAL_TIM_OC_Start
                0x08000db4       0xf8 cmake/stm32cubemx/CMakeFiles/STM32_Drivers.dir/__/__/Drivers/STM32G0xx_HAL_Driver/Src/stm32g0xx_hal_tim.c.obj
                0x08000db4                HAL_TIM_OC_Start
 .text.HAL_TIM_PWM_Start
                0x08000eac        0x8 cmake/stm32cubemx/CMakeFiles/STM32_Drivers.dir/__/__/Drivers/STM32G0xx_HAL_Driver/Src/stm32g0xx_hal_tim.c.obj
                0x08000eac                HAL_TIM_PWM_Start
 .text.HAL_TIMEx_MasterConfigSynchronization
                0x08000eb4       0x68 cmake/stm32cubemx/CMakeFiles/STM32_Drivers.dir/__/__/Drivers/STM32G0xx_HAL_Driver/Src/stm32g0xx_hal_tim_ex.c.obj
                0x08000eb4                HAL_TIMEx_MasterConfigSynchronization
 .text.HAL_TIMEx_CommutCallback
                0x08000f1c        0x2 cmake/stm32cubemx/CMakeFiles/STM32_Drivers.dir/__/__/Drivers/STM32G0xx_HAL_Driver/Src/stm32g0xx_hal_tim_ex.c.obj
                0x08000f1c                HAL_TIMEx_CommutCallback
 .text.HAL_TIMEx_BreakCallback
                0x08000f1e        0x2 cmake/stm32cubemx/CMakeFiles/STM32_Drivers.dir/__/__/Drivers/STM32G0xx_HAL_Driver/Src/stm32g0xx_hal_tim_ex.c.obj
                0x08000f1e                HAL_TIMEx_BreakCallback
 .text.HAL_TIMEx_Break2Callback
                0x08000f20        0x2 cmake/stm32cubemx/CMakeFiles/STM32_Drivers.dir/__/__/Drivers/STM32G0xx_HAL_Driver/Src/stm32g0xx_hal_tim_ex.c.obj
                0x08000f20                HAL_TIMEx_Break2Callback
 .text.LL_ADC_REG_IsConversionOngoing
                0x08000f22        0x8 cmake/stm32cubemx/CMakeFiles/STM32_Drivers.dir/__/__/Drivers/STM32G0xx_HAL_Driver/Src/stm32g0xx_hal_adc.c.obj
 *fill*         0x08000f2a        0x2 
 .text.HAL_ADC_Init
                0x08000f2c      0x220 cmake/stm32cubemx/CMakeFiles/STM32_Drivers.dir/__/__/Drivers/STM32G0xx_HAL_Driver/Src/stm32g0xx_hal_adc.c.obj
                0x08000f2c                HAL_ADC_Init
 .text.HAL_ADC_ConvCpltCallback
                0x0800114c        0x2 cmake/stm32cubemx/CMakeFiles/STM32_Drivers.dir/__/__/Drivers/STM32G0xx_HAL_Driver/Src/stm32g0xx_hal_adc.c.obj
                0x0800114c                HAL_ADC_ConvCpltCallback
 .text.HAL_ADC_ConvHalfCpltCallback
                0x0800114e        0x2 cmake/stm32cubemx/CMakeFiles/STM32_Drivers.dir/__/__/Drivers/STM32G0xx_HAL_Driver/Src/stm32g0xx_hal_adc.c.obj
                0x0800114e                HAL_ADC_ConvHalfCpltCallback
 .text.ADC_DMAHalfConvCplt
                0x08001150        0xa cmake/stm32cubemx/CMakeFiles/STM32_Drivers.dir/__/__/Drivers/STM32G0xx_HAL_Driver/Src/stm32g0xx_hal_adc.c.obj
 .text.HAL_ADC_ErrorCallback
                0x0800115a        0x2 cmake/stm32cubemx/CMakeFiles/STM32_Drivers.dir/__/__/Drivers/STM32G0xx_HAL_Driver/Src/stm32g0xx_hal_adc.c.obj
                0x0800115a                HAL_ADC_ErrorCallback
 .text.ADC_DMAError
                0x0800115c       0x1a cmake/stm32cubemx/CMakeFiles/STM32_Drivers.dir/__/__/Drivers/STM32G0xx_HAL_Driver/Src/stm32g0xx_hal_adc.c.obj
 *fill*         0x08001176        0x2 
 .text.ADC_DMAConvCplt
                0x08001178       0x84 cmake/stm32cubemx/CMakeFiles/STM32_Drivers.dir/__/__/Drivers/STM32G0xx_HAL_Driver/Src/stm32g0xx_hal_adc.c.obj
 .text.HAL_ADC_ConfigChannel
                0x080011fc      0x248 cmake/stm32cubemx/CMakeFiles/STM32_Drivers.dir/__/__/Drivers/STM32G0xx_HAL_Driver/Src/stm32g0xx_hal_adc.c.obj
                0x080011fc                HAL_ADC_ConfigChannel
 .text.ADC_Enable
                0x08001444       0xb8 cmake/stm32cubemx/CMakeFiles/STM32_Drivers.dir/__/__/Drivers/STM32G0xx_HAL_Driver/Src/stm32g0xx_hal_adc.c.obj
                0x08001444                ADC_Enable
 .text.HAL_ADC_Start_DMA
                0x080014fc       0xb0 cmake/stm32cubemx/CMakeFiles/STM32_Drivers.dir/__/__/Drivers/STM32G0xx_HAL_Driver/Src/stm32g0xx_hal_adc.c.obj
                0x080014fc                HAL_ADC_Start_DMA
 .text.ADC_Disable
                0x080015ac       0x78 cmake/stm32cubemx/CMakeFiles/STM32_Drivers.dir/__/__/Drivers/STM32G0xx_HAL_Driver/Src/stm32g0xx_hal_adc.c.obj
                0x080015ac                ADC_Disable
 .text.HAL_ADCEx_Calibration_Start
                0x08001624      0x164 cmake/stm32cubemx/CMakeFiles/STM32_Drivers.dir/__/__/Drivers/STM32G0xx_HAL_Driver/Src/stm32g0xx_hal_adc_ex.c.obj
                0x08001624                HAL_ADCEx_Calibration_Start
 .text.HAL_RCC_OscConfig
                0x08001788      0x448 cmake/stm32cubemx/CMakeFiles/STM32_Drivers.dir/__/__/Drivers/STM32G0xx_HAL_Driver/Src/stm32g0xx_hal_rcc.c.obj
                0x08001788                HAL_RCC_OscConfig
 .text.HAL_RCC_GetSysClockFreq
                0x08001bd0       0x88 cmake/stm32cubemx/CMakeFiles/STM32_Drivers.dir/__/__/Drivers/STM32G0xx_HAL_Driver/Src/stm32g0xx_hal_rcc.c.obj
                0x08001bd0                HAL_RCC_GetSysClockFreq
 .text.HAL_RCC_ClockConfig
                0x08001c58      0x154 cmake/stm32cubemx/CMakeFiles/STM32_Drivers.dir/__/__/Drivers/STM32G0xx_HAL_Driver/Src/stm32g0xx_hal_rcc.c.obj
                0x08001c58                HAL_RCC_ClockConfig
 .text.HAL_RCC_GetPCLK1Freq
                0x08001dac       0x28 cmake/stm32cubemx/CMakeFiles/STM32_Drivers.dir/__/__/Drivers/STM32G0xx_HAL_Driver/Src/stm32g0xx_hal_rcc.c.obj
                0x08001dac                HAL_RCC_GetPCLK1Freq
 .text.HAL_RCC_GetClockConfig
                0x08001dd4       0x34 cmake/stm32cubemx/CMakeFiles/STM32_Drivers.dir/__/__/Drivers/STM32G0xx_HAL_Driver/Src/stm32g0xx_hal_rcc.c.obj
                0x08001dd4                HAL_RCC_GetClockConfig
 .text.HAL_RCCEx_PeriphCLKConfig
                0x08001e08      0x1c0 cmake/stm32cubemx/CMakeFiles/STM32_Drivers.dir/__/__/Drivers/STM32G0xx_HAL_Driver/Src/stm32g0xx_hal_rcc_ex.c.obj
                0x08001e08                HAL_RCCEx_PeriphCLKConfig
 .text.HAL_GPIO_Init
                0x08001fc8      0x164 cmake/stm32cubemx/CMakeFiles/STM32_Drivers.dir/__/__/Drivers/STM32G0xx_HAL_Driver/Src/stm32g0xx_hal_gpio.c.obj
                0x08001fc8                HAL_GPIO_Init
 .text.DMA_SetConfig
                0x0800212c       0x40 cmake/stm32cubemx/CMakeFiles/STM32_Drivers.dir/__/__/Drivers/STM32G0xx_HAL_Driver/Src/stm32g0xx_hal_dma.c.obj
 .text.DMA_CalcDMAMUXChannelBaseAndMask
                0x0800216c       0x34 cmake/stm32cubemx/CMakeFiles/STM32_Drivers.dir/__/__/Drivers/STM32G0xx_HAL_Driver/Src/stm32g0xx_hal_dma.c.obj
 .text.HAL_DMA_Init
                0x080021a0       0xb4 cmake/stm32cubemx/CMakeFiles/STM32_Drivers.dir/__/__/Drivers/STM32G0xx_HAL_Driver/Src/stm32g0xx_hal_dma.c.obj
                0x080021a0                HAL_DMA_Init
 .text.HAL_DMA_Start_IT
                0x08002254       0x90 cmake/stm32cubemx/CMakeFiles/STM32_Drivers.dir/__/__/Drivers/STM32G0xx_HAL_Driver/Src/stm32g0xx_hal_dma.c.obj
                0x08002254                HAL_DMA_Start_IT
 .text.HAL_DMA_IRQHandler
                0x080022e4       0xa8 cmake/stm32cubemx/CMakeFiles/STM32_Drivers.dir/__/__/Drivers/STM32G0xx_HAL_Driver/Src/stm32g0xx_hal_dma.c.obj
                0x080022e4                HAL_DMA_IRQHandler
 .text.HAL_PWREx_ControlVoltageScaling
                0x0800238c       0x58 cmake/stm32cubemx/CMakeFiles/STM32_Drivers.dir/__/__/Drivers/STM32G0xx_HAL_Driver/Src/stm32g0xx_hal_pwr_ex.c.obj
                0x0800238c                HAL_PWREx_ControlVoltageScaling
 .text.HAL_NVIC_SetPriority
                0x080023e4       0x54 cmake/stm32cubemx/CMakeFiles/STM32_Drivers.dir/__/__/Drivers/STM32G0xx_HAL_Driver/Src/stm32g0xx_hal_cortex.c.obj
                0x080023e4                HAL_NVIC_SetPriority
 .text.HAL_NVIC_EnableIRQ
                0x08002438       0x18 cmake/stm32cubemx/CMakeFiles/STM32_Drivers.dir/__/__/Drivers/STM32G0xx_HAL_Driver/Src/stm32g0xx_hal_cortex.c.obj
                0x08002438                HAL_NVIC_EnableIRQ
 .text.HAL_Init
                0x08002450       0x28 cmake/stm32cubemx/CMakeFiles/STM32_Drivers.dir/__/__/Drivers/STM32G0xx_HAL_Driver/Src/stm32g0xx_hal.c.obj
                0x08002450                HAL_Init
 .text.HAL_IncTick
                0x08002478       0x18 cmake/stm32cubemx/CMakeFiles/STM32_Drivers.dir/__/__/Drivers/STM32G0xx_HAL_Driver/Src/stm32g0xx_hal.c.obj
                0x08002478                HAL_IncTick
 .text.HAL_GetTick
                0x08002490        0xc cmake/stm32cubemx/CMakeFiles/STM32_Drivers.dir/__/__/Drivers/STM32G0xx_HAL_Driver/Src/stm32g0xx_hal.c.obj
                0x08002490                HAL_GetTick
 .text.HAL_Delay
                0x0800249c       0x24 cmake/stm32cubemx/CMakeFiles/STM32_Drivers.dir/__/__/Drivers/STM32G0xx_HAL_Driver/Src/stm32g0xx_hal.c.obj
                0x0800249c                HAL_Delay
 .text.UART_EndTxTransfer
                0x080024c0       0x3c cmake/stm32cubemx/CMakeFiles/STM32_Drivers.dir/__/__/Drivers/STM32G0xx_HAL_Driver/Src/stm32g0xx_hal_uart.c.obj
 .text.UART_EndRxTransfer
                0x080024fc       0x64 cmake/stm32cubemx/CMakeFiles/STM32_Drivers.dir/__/__/Drivers/STM32G0xx_HAL_Driver/Src/stm32g0xx_hal_uart.c.obj
 .text.HAL_UART_RxCpltCallback
                0x08002560        0x2 cmake/stm32cubemx/CMakeFiles/STM32_Drivers.dir/__/__/Drivers/STM32G0xx_HAL_Driver/Src/stm32g0xx_hal_uart.c.obj
                0x08002560                HAL_UART_RxCpltCallback
 .text.HAL_UART_RxHalfCpltCallback
                0x08002562        0x2 cmake/stm32cubemx/CMakeFiles/STM32_Drivers.dir/__/__/Drivers/STM32G0xx_HAL_Driver/Src/stm32g0xx_hal_uart.c.obj
                0x08002562                HAL_UART_RxHalfCpltCallback
 .text.HAL_UART_ErrorCallback
                0x08002564        0x2 cmake/stm32cubemx/CMakeFiles/STM32_Drivers.dir/__/__/Drivers/STM32G0xx_HAL_Driver/Src/stm32g0xx_hal_uart.c.obj
                0x08002564                HAL_UART_ErrorCallback
 .text.UART_DMAError
                0x08002566       0x54 cmake/stm32cubemx/CMakeFiles/STM32_Drivers.dir/__/__/Drivers/STM32G0xx_HAL_Driver/Src/stm32g0xx_hal_uart.c.obj
 .text.UART_DMARxHalfCplt
                0x080025ba       0x22 cmake/stm32cubemx/CMakeFiles/STM32_Drivers.dir/__/__/Drivers/STM32G0xx_HAL_Driver/Src/stm32g0xx_hal_uart.c.obj
 .text.UART_DMAReceiveCplt
                0x080025dc       0xa0 cmake/stm32cubemx/CMakeFiles/STM32_Drivers.dir/__/__/Drivers/STM32G0xx_HAL_Driver/Src/stm32g0xx_hal_uart.c.obj
 .text.UART_SetConfig
                0x0800267c      0x1e4 cmake/stm32cubemx/CMakeFiles/STM32_Drivers.dir/__/__/Drivers/STM32G0xx_HAL_Driver/Src/stm32g0xx_hal_uart.c.obj
                0x0800267c                UART_SetConfig
 .text.UART_AdvFeatureConfig
                0x08002860       0xd0 cmake/stm32cubemx/CMakeFiles/STM32_Drivers.dir/__/__/Drivers/STM32G0xx_HAL_Driver/Src/stm32g0xx_hal_uart.c.obj
                0x08002860                UART_AdvFeatureConfig
 .text.UART_WaitOnFlagUntilTimeout
                0x08002930       0x92 cmake/stm32cubemx/CMakeFiles/STM32_Drivers.dir/__/__/Drivers/STM32G0xx_HAL_Driver/Src/stm32g0xx_hal_uart.c.obj
                0x08002930                UART_WaitOnFlagUntilTimeout
 *fill*         0x080029c2        0x2 
 .text.UART_CheckIdleState
                0x080029c4       0xc8 cmake/stm32cubemx/CMakeFiles/STM32_Drivers.dir/__/__/Drivers/STM32G0xx_HAL_Driver/Src/stm32g0xx_hal_uart.c.obj
                0x080029c4                UART_CheckIdleState
 .text.HAL_UART_Init
                0x08002a8c       0x68 cmake/stm32cubemx/CMakeFiles/STM32_Drivers.dir/__/__/Drivers/STM32G0xx_HAL_Driver/Src/stm32g0xx_hal_uart.c.obj
                0x08002a8c                HAL_UART_Init
 .text.UART_Start_Receive_DMA
                0x08002af4       0xac cmake/stm32cubemx/CMakeFiles/STM32_Drivers.dir/__/__/Drivers/STM32G0xx_HAL_Driver/Src/stm32g0xx_hal_uart.c.obj
                0x08002af4                UART_Start_Receive_DMA
 .text.UARTEx_SetNbDataToProcess
                0x08002ba0       0x50 cmake/stm32cubemx/CMakeFiles/STM32_Drivers.dir/__/__/Drivers/STM32G0xx_HAL_Driver/Src/stm32g0xx_hal_uart_ex.c.obj
 .text.HAL_UARTEx_DisableFifoMode
                0x08002bf0       0x3c cmake/stm32cubemx/CMakeFiles/STM32_Drivers.dir/__/__/Drivers/STM32G0xx_HAL_Driver/Src/stm32g0xx_hal_uart_ex.c.obj
                0x08002bf0                HAL_UARTEx_DisableFifoMode
 .text.HAL_UARTEx_SetTxFifoThreshold
                0x08002c2c       0x40 cmake/stm32cubemx/CMakeFiles/STM32_Drivers.dir/__/__/Drivers/STM32G0xx_HAL_Driver/Src/stm32g0xx_hal_uart_ex.c.obj
                0x08002c2c                HAL_UARTEx_SetTxFifoThreshold
 .text.HAL_UARTEx_SetRxFifoThreshold
                0x08002c6c       0x44 cmake/stm32cubemx/CMakeFiles/STM32_Drivers.dir/__/__/Drivers/STM32G0xx_HAL_Driver/Src/stm32g0xx_hal_uart_ex.c.obj
                0x08002c6c                HAL_UARTEx_SetRxFifoThreshold
 .text.HAL_UARTEx_ReceiveToIdle_DMA
                0x08002cb0       0x64 cmake/stm32cubemx/CMakeFiles/STM32_Drivers.dir/__/__/Drivers/STM32G0xx_HAL_Driver/Src/stm32g0xx_hal_uart_ex.c.obj
                0x08002cb0                HAL_UARTEx_ReceiveToIdle_DMA
 .text.SystemClock_Config
                0x08002d14       0x7a CMakeFiles/Butterfly_v3.dir/Core/Src/main.c.obj
                0x08002d14                SystemClock_Config
 .text.startup.main
                0x08002d8e       0x34 CMakeFiles/Butterfly_v3.dir/Core/Src/main.c.obj
                0x08002d8e                main
 *fill*         0x08002dc2        0x2 
 .text.HAL_TIM_PeriodElapsedCallback
                0x08002dc4       0x14 CMakeFiles/Butterfly_v3.dir/Core/Src/main.c.obj
                0x08002dc4                HAL_TIM_PeriodElapsedCallback
 .text.Error_Handler
                0x08002dd8        0x4 CMakeFiles/Butterfly_v3.dir/Core/Src/main.c.obj
                0x08002dd8                Error_Handler
 .text.MX_GPIO_Init
                0x08002ddc       0x2c CMakeFiles/Butterfly_v3.dir/Core/Src/gpio.c.obj
                0x08002ddc                MX_GPIO_Init
 .text.MX_ADC1_Init
                0x08002e08       0xd4 CMakeFiles/Butterfly_v3.dir/Core/Src/adc.c.obj
                0x08002e08                MX_ADC1_Init
 .text.HAL_ADC_MspInit
                0x08002edc       0x98 CMakeFiles/Butterfly_v3.dir/Core/Src/adc.c.obj
                0x08002edc                HAL_ADC_MspInit
 .text.MX_DMA_Init
                0x08002f74       0x3c CMakeFiles/Butterfly_v3.dir/Core/Src/dma.c.obj
                0x08002f74                MX_DMA_Init
 .text.MX_TIM2_Init
                0x08002fb0       0x74 CMakeFiles/Butterfly_v3.dir/Core/Src/tim.c.obj
                0x08002fb0                MX_TIM2_Init
 .text.HAL_TIM_Base_MspInit
                0x08003024       0x28 CMakeFiles/Butterfly_v3.dir/Core/Src/tim.c.obj
                0x08003024                HAL_TIM_Base_MspInit
 .text.HAL_TIM_PWM_MspInit
                0x0800304c       0x28 CMakeFiles/Butterfly_v3.dir/Core/Src/tim.c.obj
                0x0800304c                HAL_TIM_PWM_MspInit
 .text.HAL_TIM_MspPostInit
                0x08003074       0x74 CMakeFiles/Butterfly_v3.dir/Core/Src/tim.c.obj
                0x08003074                HAL_TIM_MspPostInit
 .text.MX_TIM3_Init
                0x080030e8       0xb8 CMakeFiles/Butterfly_v3.dir/Core/Src/tim.c.obj
                0x080030e8                MX_TIM3_Init
 .text.MX_USART1_UART_Init
                0x080031a0       0x6c CMakeFiles/Butterfly_v3.dir/Core/Src/usart.c.obj
                0x080031a0                MX_USART1_UART_Init
 .text.HAL_UART_MspInit
                0x0800320c       0xb4 CMakeFiles/Butterfly_v3.dir/Core/Src/usart.c.obj
                0x0800320c                HAL_UART_MspInit
 .text.NMI_Handler
                0x080032c0        0x2 CMakeFiles/Butterfly_v3.dir/Core/Src/stm32g0xx_it.c.obj
                0x080032c0                NMI_Handler
 .text.HardFault_Handler
                0x080032c2        0x2 CMakeFiles/Butterfly_v3.dir/Core/Src/stm32g0xx_it.c.obj
                0x080032c2                HardFault_Handler
 .text.SVC_Handler
                0x080032c4        0x2 CMakeFiles/Butterfly_v3.dir/Core/Src/stm32g0xx_it.c.obj
                0x080032c4                SVC_Handler
 .text.PendSV_Handler
                0x080032c6        0x2 CMakeFiles/Butterfly_v3.dir/Core/Src/stm32g0xx_it.c.obj
                0x080032c6                PendSV_Handler
 .text.SysTick_Handler
                0x080032c8        0x2 CMakeFiles/Butterfly_v3.dir/Core/Src/stm32g0xx_it.c.obj
                0x080032c8                SysTick_Handler
 *fill*         0x080032ca        0x2 
 .text.DMA1_Channel1_IRQHandler
                0x080032cc       0x10 CMakeFiles/Butterfly_v3.dir/Core/Src/stm32g0xx_it.c.obj
                0x080032cc                DMA1_Channel1_IRQHandler
 .text.DMA1_Channel2_3_IRQHandler
                0x080032dc       0x10 CMakeFiles/Butterfly_v3.dir/Core/Src/stm32g0xx_it.c.obj
                0x080032dc                DMA1_Channel2_3_IRQHandler
 .text.TIM17_IRQHandler
                0x080032ec       0x10 CMakeFiles/Butterfly_v3.dir/Core/Src/stm32g0xx_it.c.obj
                0x080032ec                TIM17_IRQHandler
 .text.HAL_MspInit
                0x080032fc       0x30 CMakeFiles/Butterfly_v3.dir/Core/Src/stm32g0xx_hal_msp.c.obj
                0x080032fc                HAL_MspInit
 .text.HAL_InitTick
                0x0800332c       0xa0 CMakeFiles/Butterfly_v3.dir/Core/Src/stm32g0xx_hal_timebase_tim.c.obj
                0x0800332c                HAL_InitTick
 .text._sbrk    0x080033cc       0x40 CMakeFiles/Butterfly_v3.dir/Core/Src/sysmem.c.obj
                0x080033cc                _sbrk
 .text.Reset_Handler
                0x0800340c       0x50 CMakeFiles/Butterfly_v3.dir/startup_stm32g031xx.s.obj
                0x0800340c                Reset_Handler
 .text.Default_Handler
                0x0800345c        0x2 CMakeFiles/Butterfly_v3.dir/startup_stm32g031xx.s.obj
                0x0800345c                TIM1_CC_IRQHandler
                0x0800345c                PVD_IRQHandler
                0x0800345c                I2C1_IRQHandler
                0x0800345c                LPTIM2_IRQHandler
                0x0800345c                RTC_TAMP_IRQHandler
                0x0800345c                SPI1_IRQHandler
                0x0800345c                DMA1_Ch4_5_DMAMUX1_OVR_IRQHandler
                0x0800345c                EXTI2_3_IRQHandler
                0x0800345c                ADC1_IRQHandler
                0x0800345c                I2C2_IRQHandler
                0x0800345c                TIM16_IRQHandler
                0x0800345c                TIM3_IRQHandler
                0x0800345c                EXTI4_15_IRQHandler
                0x0800345c                RCC_IRQHandler
                0x0800345c                Default_Handler
                0x0800345c                TIM14_IRQHandler
                0x0800345c                EXTI0_1_IRQHandler
                0x0800345c                SPI2_IRQHandler
                0x0800345c                WWDG_IRQHandler
                0x0800345c                LPUART1_IRQHandler
                0x0800345c                TIM2_IRQHandler
                0x0800345c                USART2_IRQHandler
                0x0800345c                FLASH_IRQHandler
                0x0800345c                USART1_IRQHandler
                0x0800345c                TIM1_BRK_UP_TRG_COM_IRQHandler
                0x0800345c                LPTIM1_IRQHandler
 *fill*         0x0800345e        0x2 
 .text.Butterfly_Init
                0x08003460      0x118 CMakeFiles/Butterfly_v3.dir/application/butterfly.c.obj
                0x08003460                Butterfly_Init
 .text.RemoteControl_ELRS
                0x08003578       0x28 CMakeFiles/Butterfly_v3.dir/application/butterfly.c.obj
                0x08003578                RemoteControl_ELRS
 .text.Butterfly_Task
                0x080035a0      0x148 CMakeFiles/Butterfly_v3.dir/application/butterfly.c.obj
                0x080035a0                Butterfly_Task
 .text.Motor_Init
                0x080036e8       0x6c CMakeFiles/Butterfly_v3.dir/moudules/motor.c.obj
                0x080036e8                Motor_Init
 .text.MotorDrive
                0x08003754       0xf4 CMakeFiles/Butterfly_v3.dir/moudules/motor.c.obj
                0x08003754                MotorDrive
 .text.Deal_Angle
                0x08003848       0x44 CMakeFiles/Butterfly_v3.dir/moudules/motor.c.obj
                0x08003848                Deal_Angle
 .text.MotorTask
                0x0800388c       0xa8 CMakeFiles/Butterfly_v3.dir/moudules/motor.c.obj
                0x0800388c                MotorTask
 .text.MotorSetRef
                0x08003934        0x4 CMakeFiles/Butterfly_v3.dir/moudules/motor.c.obj
                0x08003934                MotorSetRef
 .text.MotorEnable
                0x08003938        0x6 CMakeFiles/Butterfly_v3.dir/moudules/motor.c.obj
                0x08003938                MotorEnable
 .text.MotorStop
                0x0800393e        0x6 CMakeFiles/Butterfly_v3.dir/moudules/motor.c.obj
                0x0800393e                MotorStop
 .text.MotorSetFeedforward
                0x08003944        0x6 CMakeFiles/Butterfly_v3.dir/moudules/motor.c.obj
                0x08003944                MotorSetFeedforward
 .text.MotorChangeLoop
                0x0800394a        0x6 CMakeFiles/Butterfly_v3.dir/moudules/motor.c.obj
                0x0800394a                MotorChangeLoop
 .text.PIDCalculate
                0x08003950      0x24a CMakeFiles/Butterfly_v3.dir/moudules/pid.c.obj
                0x08003950                PIDCalculate
 *fill*         0x08003b9a        0x2 
 .text.ELRS_LostCallback
                0x08003b9c       0x2c CMakeFiles/Butterfly_v3.dir/moudules/elrs.c.obj
 .text.float_Map
                0x08003bc8       0x5c CMakeFiles/Butterfly_v3.dir/moudules/elrs.c.obj
                0x08003bc8                float_Map
 .text.float_Map_with_median
                0x08003c24       0x86 CMakeFiles/Butterfly_v3.dir/moudules/elrs.c.obj
                0x08003c24                float_Map_with_median
 *fill*         0x08003caa        0x2 
 .text.ELRS_UARTE_RxCallback
                0x08003cac      0x2ec CMakeFiles/Butterfly_v3.dir/moudules/elrs.c.obj
 .text.REMOTE_ELRS_Init
                0x08003f98       0x40 CMakeFiles/Butterfly_v3.dir/moudules/elrs.c.obj
                0x08003f98                REMOTE_ELRS_Init
 .text.DaemonInit
                0x08003fd8       0x30 CMakeFiles/Butterfly_v3.dir/moudules/daemon.c.obj
                0x08003fd8                DaemonInit
 .text.DaemonTask
                0x08004008       0x50 CMakeFiles/Butterfly_v3.dir/moudules/daemon.c.obj
                0x08004008                DaemonTask
 .text.UART_Init
                0x08004058       0x54 CMakeFiles/Butterfly_v3.dir/bsp/bsp_uart.c.obj
                0x08004058                UART_Init
 .text.HAL_UARTEx_RxEventCallback
                0x080040ac       0x70 CMakeFiles/Butterfly_v3.dir/bsp/bsp_uart.c.obj
                0x080040ac                HAL_UARTEx_RxEventCallback
 .text.BSP_ADC_Init
                0x0800411c       0x1c CMakeFiles/Butterfly_v3.dir/bsp/bsp_adc.c.obj
                0x0800411c                BSP_ADC_Init
 .text.Overflow_Update.part.0
                0x08004138       0x40 CMakeFiles/Butterfly_v3.dir/bsp/bsp_timer.c.obj
 .text.Timer_Init
                0x08004178       0x54 CMakeFiles/Butterfly_v3.dir/bsp/bsp_timer.c.obj
                0x08004178                Timer_Init
 .text.Timer_GetDeltaT_s
                0x080041cc       0x38 CMakeFiles/Butterfly_v3.dir/bsp/bsp_timer.c.obj
                0x080041cc                Timer_GetDeltaT_s
 .text.__udivmoddi4
                0x08004204      0x198 D:/stm32/config/arm-gnu-toolchain-14.3/bin/../lib/gcc/arm-none-eabi/14.3.1/thumb/v6-m/nofp\libgcc.a(_udivmoddi4.o)
                0x08004204                __udivmoddi4
 .text.__aeabi_fadd
                0x0800439c      0x41c D:/stm32/config/arm-gnu-toolchain-14.3/bin/../lib/gcc/arm-none-eabi/14.3.1/thumb/v6-m/nofp\libgcc.a(addsf3.o)
                0x0800439c                __aeabi_fadd
 .text.__aeabi_fdiv
                0x080047b8      0x22c D:/stm32/config/arm-gnu-toolchain-14.3/bin/../lib/gcc/arm-none-eabi/14.3.1/thumb/v6-m/nofp\libgcc.a(divsf3.o)
                0x080047b8                __aeabi_fdiv
 .text.__eqsf2  0x080049e4       0x50 D:/stm32/config/arm-gnu-toolchain-14.3/bin/../lib/gcc/arm-none-eabi/14.3.1/thumb/v6-m/nofp\libgcc.a(eqsf2.o)
                0x080049e4                __eqsf2
                0x080049e4                __nesf2
 .text.__gesf2  0x08004a34       0x90 D:/stm32/config/arm-gnu-toolchain-14.3/bin/../lib/gcc/arm-none-eabi/14.3.1/thumb/v6-m/nofp\libgcc.a(gesf2.o)
                0x08004a34                __gesf2
                0x08004a34                __gtsf2
 .text.__lesf2  0x08004ac4       0x90 D:/stm32/config/arm-gnu-toolchain-14.3/bin/../lib/gcc/arm-none-eabi/14.3.1/thumb/v6-m/nofp\libgcc.a(lesf2.o)
                0x08004ac4                __ltsf2
                0x08004ac4                __lesf2
 .text.__aeabi_fmul
                0x08004b54      0x2a4 D:/stm32/config/arm-gnu-toolchain-14.3/bin/../lib/gcc/arm-none-eabi/14.3.1/thumb/v6-m/nofp\libgcc.a(mulsf3.o)
                0x08004b54                __aeabi_fmul
 .text.__aeabi_fsub
                0x08004df8      0x484 D:/stm32/config/arm-gnu-toolchain-14.3/bin/../lib/gcc/arm-none-eabi/14.3.1/thumb/v6-m/nofp\libgcc.a(subsf3.o)
                0x08004df8                __aeabi_fsub
 .text.__aeabi_f2iz
                0x0800527c       0x40 D:/stm32/config/arm-gnu-toolchain-14.3/bin/../lib/gcc/arm-none-eabi/14.3.1/thumb/v6-m/nofp\libgcc.a(fixsfsi.o)
                0x0800527c                __aeabi_f2iz
 .text.__aeabi_ui2f
                0x080052bc       0x8c D:/stm32/config/arm-gnu-toolchain-14.3/bin/../lib/gcc/arm-none-eabi/14.3.1/thumb/v6-m/nofp\libgcc.a(floatunsisf.o)
                0x080052bc                __aeabi_ui2f
 .text.malloc   0x08005348       0x14 D:/stm32/config/arm-gnu-toolchain-14.3/bin/../lib/gcc/arm-none-eabi/14.3.1/../../../../arm-none-eabi/lib/thumb/v6-m/nofp\libg_nano.a(libc_a-malloc.o)
                0x08005348                malloc
 .text.sbrk_aligned
                0x0800535c       0x44 D:/stm32/config/arm-gnu-toolchain-14.3/bin/../lib/gcc/arm-none-eabi/14.3.1/../../../../arm-none-eabi/lib/thumb/v6-m/nofp\libg_nano.a(libc_a-mallocr.o)
 .text._malloc_r
                0x080053a0      0x100 D:/stm32/config/arm-gnu-toolchain-14.3/bin/../lib/gcc/arm-none-eabi/14.3.1/../../../../arm-none-eabi/lib/thumb/v6-m/nofp\libg_nano.a(libc_a-mallocr.o)
                0x080053a0                _malloc_r
 .text.__malloc_lock
                0x080054a0       0x10 D:/stm32/config/arm-gnu-toolchain-14.3/bin/../lib/gcc/arm-none-eabi/14.3.1/../../../../arm-none-eabi/lib/thumb/v6-m/nofp\libg_nano.a(libc_a-mlock.o)
                0x080054a0                __malloc_lock
 .text.__malloc_unlock
                0x080054b0       0x10 D:/stm32/config/arm-gnu-toolchain-14.3/bin/../lib/gcc/arm-none-eabi/14.3.1/../../../../arm-none-eabi/lib/thumb/v6-m/nofp\libg_nano.a(libc_a-mlock.o)
                0x080054b0                __malloc_unlock
 .text.memset   0x080054c0       0x10 D:/stm32/config/arm-gnu-toolchain-14.3/bin/../lib/gcc/arm-none-eabi/14.3.1/../../../../arm-none-eabi/lib/thumb/v6-m/nofp\libg_nano.a(libc_a-memset.o)
                0x080054c0                memset
 .text._sbrk_r  0x080054d0       0x24 D:/stm32/config/arm-gnu-toolchain-14.3/bin/../lib/gcc/arm-none-eabi/14.3.1/../../../../arm-none-eabi/lib/thumb/v6-m/nofp\libg_nano.a(libc_a-sbrkr.o)
                0x080054d0                _sbrk_r
 .text.__errno  0x080054f4        0xc D:/stm32/config/arm-gnu-toolchain-14.3/bin/../lib/gcc/arm-none-eabi/14.3.1/../../../../arm-none-eabi/lib/thumb/v6-m/nofp\libg_nano.a(libc_a-errno.o)
                0x080054f4                __errno
 .text.__libc_init_array
                0x08005500       0x48 D:/stm32/config/arm-gnu-toolchain-14.3/bin/../lib/gcc/arm-none-eabi/14.3.1/../../../../arm-none-eabi/lib/thumb/v6-m/nofp\libg_nano.a(libc_a-init.o)
                0x08005500                __libc_init_array
 .text.__retarget_lock_acquire_recursive
                0x08005548        0x2 D:/stm32/config/arm-gnu-toolchain-14.3/bin/../lib/gcc/arm-none-eabi/14.3.1/../../../../arm-none-eabi/lib/thumb/v6-m/nofp\libg_nano.a(libc_a-lock.o)
                0x08005548                __retarget_lock_acquire_recursive
 .text.__retarget_lock_release_recursive
                0x0800554a        0x2 D:/stm32/config/arm-gnu-toolchain-14.3/bin/../lib/gcc/arm-none-eabi/14.3.1/../../../../arm-none-eabi/lib/thumb/v6-m/nofp\libg_nano.a(libc_a-lock.o)
                0x0800554a                __retarget_lock_release_recursive
 .text.memcpy   0x0800554c       0x12 D:/stm32/config/arm-gnu-toolchain-14.3/bin/../lib/gcc/arm-none-eabi/14.3.1/../../../../arm-none-eabi/lib/thumb/v6-m/nofp\libg_nano.a(libc_a-memcpy-stub.o)
                0x0800554c                memcpy
 *(.glue_7)
 .glue_7        0x0800555e        0x0 linker stubs
 *(.glue_7t)
 .glue_7t       0x0800555e        0x0 linker stubs
 *(.eh_frame)
 *fill*         0x0800555e        0x2 
 .eh_frame      0x08005560        0x0 D:/stm32/config/arm-gnu-toolchain-14.3/bin/../lib/gcc/arm-none-eabi/14.3.1/thumb/v6-m/nofp/crtbegin.o
 *(.init)
 .init          0x08005560        0x4 D:/stm32/config/arm-gnu-toolchain-14.3/bin/../lib/gcc/arm-none-eabi/14.3.1/thumb/v6-m/nofp/crti.o
                0x08005560                _init
 .init          0x08005564        0x8 D:/stm32/config/arm-gnu-toolchain-14.3/bin/../lib/gcc/arm-none-eabi/14.3.1/thumb/v6-m/nofp/crtn.o
 *(.fini)
 .fini          0x0800556c        0x4 D:/stm32/config/arm-gnu-toolchain-14.3/bin/../lib/gcc/arm-none-eabi/14.3.1/thumb/v6-m/nofp/crti.o
                0x0800556c                _fini
 .fini          0x08005570        0x8 D:/stm32/config/arm-gnu-toolchain-14.3/bin/../lib/gcc/arm-none-eabi/14.3.1/thumb/v6-m/nofp/crtn.o
                0x08005578                        . = ALIGN (0x4)
                0x08005578                        _etext = .

.vfp11_veneer   0x08005578        0x0
 .vfp11_veneer  0x08005578        0x0 linker stubs

.v4_bx          0x08005578        0x0
 .v4_bx         0x08005578        0x0 linker stubs

.iplt           0x08005578        0x0
 .iplt          0x08005578        0x0 D:/stm32/config/arm-gnu-toolchain-14.3/bin/../lib/gcc/arm-none-eabi/14.3.1/thumb/v6-m/nofp/crtbegin.o

.rodata         0x08005578      0x110
                0x08005578                        . = ALIGN (0x4)
 *(.rodata)
 .rodata        0x08005578        0xc CMakeFiles/Butterfly_v3.dir/moudules/elrs.c.obj
 *(.rodata*)
 .rodata.APBPrescTable
                0x08005584       0x20 cmake/stm32cubemx/CMakeFiles/STM32_Drivers.dir/__/__/Core/Src/system_stm32g0xx.c.obj
                0x08005584                APBPrescTable
 .rodata.AHBPrescTable
                0x080055a4       0x40 cmake/stm32cubemx/CMakeFiles/STM32_Drivers.dir/__/__/Core/Src/system_stm32g0xx.c.obj
                0x080055a4                AHBPrescTable
 .rodata.UARTPrescTable
                0x080055e4       0x18 cmake/stm32cubemx/CMakeFiles/STM32_Drivers.dir/__/__/Drivers/STM32G0xx_HAL_Driver/Src/stm32g0xx_hal_uart.c.obj
                0x080055e4                UARTPrescTable
 .rodata.denominator.0
                0x080055fc        0x8 cmake/stm32cubemx/CMakeFiles/STM32_Drivers.dir/__/__/Drivers/STM32G0xx_HAL_Driver/Src/stm32g0xx_hal_uart_ex.c.obj
 .rodata.numerator.1
                0x08005604        0x8 cmake/stm32cubemx/CMakeFiles/STM32_Drivers.dir/__/__/Drivers/STM32G0xx_HAL_Driver/Src/stm32g0xx_hal_uart_ex.c.obj
 .rodata.__aeabi_fdiv
                0x0800560c       0x7c D:/stm32/config/arm-gnu-toolchain-14.3/bin/../lib/gcc/arm-none-eabi/14.3.1/thumb/v6-m/nofp\libgcc.a(divsf3.o)
                0x08005688                        . = ALIGN (0x4)

.ARM.extab      0x08005688        0x0
                0x08005688                        . = ALIGN (0x4)
 *(.ARM.extab* .gnu.linkonce.armextab.*)
                0x08005688                        . = ALIGN (0x4)

.ARM            0x08005688        0x8
                0x08005688                        . = ALIGN (0x4)
                0x08005688                        __exidx_start = .
 *(.ARM.exidx*)
 .ARM.exidx.text.__udivmoddi4
                0x08005688        0x8 D:/stm32/config/arm-gnu-toolchain-14.3/bin/../lib/gcc/arm-none-eabi/14.3.1/thumb/v6-m/nofp\libgcc.a(_udivmoddi4.o)
                0x08005690                        __exidx_end = .
                0x08005690                        . = ALIGN (0x4)

.preinit_array  0x08005690        0x0
                0x08005690                        . = ALIGN (0x4)
                0x08005690                        PROVIDE (__preinit_array_start = .)
 *(.preinit_array*)
                0x08005690                        PROVIDE (__preinit_array_end = .)
                0x08005690                        . = ALIGN (0x4)

.init_array     0x08005690        0x4
                0x08005690                        . = ALIGN (0x4)
                0x08005690                        PROVIDE (__init_array_start = .)
 *(SORT_BY_NAME(.init_array.*))
 *(.init_array*)
 .init_array    0x08005690        0x4 D:/stm32/config/arm-gnu-toolchain-14.3/bin/../lib/gcc/arm-none-eabi/14.3.1/thumb/v6-m/nofp/crtbegin.o
                0x08005694                        PROVIDE (__init_array_end = .)
                0x08005694                        . = ALIGN (0x4)

.fini_array     0x08005694        0x4
                0x08005694                        . = ALIGN (0x4)
                [!provide]                        PROVIDE (__fini_array_start = .)
 *(SORT_BY_NAME(.fini_array.*))
 *(.fini_array*)
 .fini_array    0x08005694        0x4 D:/stm32/config/arm-gnu-toolchain-14.3/bin/../lib/gcc/arm-none-eabi/14.3.1/thumb/v6-m/nofp/crtbegin.o
                [!provide]                        PROVIDE (__fini_array_end = .)
                0x08005698                        . = ALIGN (0x4)
                0x08005698                        _sidata = LOADADDR (.data)

.rel.dyn        0x08005698        0x0
 .rel.iplt      0x08005698        0x0 D:/stm32/config/arm-gnu-toolchain-14.3/bin/../lib/gcc/arm-none-eabi/14.3.1/thumb/v6-m/nofp/crtbegin.o

.data           0x20000000       0x5c load address 0x08005698
                0x20000000                        . = ALIGN (0x4)
                0x20000000                        _sdata = .
 *(.data)
 *(.data*)
 .data.SystemCoreClock
                0x20000000        0x4 cmake/stm32cubemx/CMakeFiles/STM32_Drivers.dir/__/__/Core/Src/system_stm32g0xx.c.obj
                0x20000000                SystemCoreClock
 .data.uwTickFreq
                0x20000004        0x1 cmake/stm32cubemx/CMakeFiles/STM32_Drivers.dir/__/__/Drivers/STM32G0xx_HAL_Driver/Src/stm32g0xx_hal.c.obj
                0x20000004                uwTickFreq
 *fill*         0x20000005        0x3 
 .data.uwTickPrio
                0x20000008        0x4 cmake/stm32cubemx/CMakeFiles/STM32_Drivers.dir/__/__/Drivers/STM32G0xx_HAL_Driver/Src/stm32g0xx_hal.c.obj
                0x20000008                uwTickPrio
 .data._impure_ptr
                0x2000000c        0x4 D:/stm32/config/arm-gnu-toolchain-14.3/bin/../lib/gcc/arm-none-eabi/14.3.1/../../../../arm-none-eabi/lib/thumb/v6-m/nofp\libg_nano.a(libc_a-impure.o)
                0x2000000c                _impure_ptr
 .data._impure_data
                0x20000010       0x4c D:/stm32/config/arm-gnu-toolchain-14.3/bin/../lib/gcc/arm-none-eabi/14.3.1/../../../../arm-none-eabi/lib/thumb/v6-m/nofp\libg_nano.a(libc_a-impure.o)
                0x20000010                _impure_data
 *(.RamFunc)
 *(.RamFunc*)
                0x2000005c                        . = ALIGN (0x4)

.tm_clone_table
                0x2000005c        0x0 load address 0x080056f4
 .tm_clone_table
                0x2000005c        0x0 D:/stm32/config/arm-gnu-toolchain-14.3/bin/../lib/gcc/arm-none-eabi/14.3.1/thumb/v6-m/nofp/crtbegin.o
 .tm_clone_table
                0x2000005c        0x0 D:/stm32/config/arm-gnu-toolchain-14.3/bin/../lib/gcc/arm-none-eabi/14.3.1/thumb/v6-m/nofp/crtend.o

.igot.plt       0x2000005c        0x0 load address 0x080056f4
 .igot.plt      0x2000005c        0x0 D:/stm32/config/arm-gnu-toolchain-14.3/bin/../lib/gcc/arm-none-eabi/14.3.1/thumb/v6-m/nofp/crtbegin.o

.tdata          0x2000005c        0x0 load address 0x080056f4
 *(.tdata .tdata.* .gnu.linkonce.td.*)
                0x2000005c                        . = ALIGN (0x4)
                0x2000005c                        _edata = .
                [!provide]                        PROVIDE (__data_end = .)
                [!provide]                        PROVIDE (__tdata_end = .)
                [!provide]                        PROVIDE (__tdata_start = ADDR (.tdata))
                [!provide]                        PROVIDE (__tdata_size = (__tdata_end - __tdata_start))
                [!provide]                        PROVIDE (__data_start = ADDR (.data))
                [!provide]                        PROVIDE (__data_size = (__data_end - __data_start))
                [!provide]                        PROVIDE (__tdata_source = LOADADDR (.tdata))
                [!provide]                        PROVIDE (__tdata_source_end = (LOADADDR (.tdata) + SIZEOF (.tdata)))
                [!provide]                        PROVIDE (__tdata_source_size = (__tdata_source_end - __tdata_source))
                [!provide]                        PROVIDE (__data_source = LOADADDR (.data))
                [!provide]                        PROVIDE (__data_source_end = __tdata_source_end)
                [!provide]                        PROVIDE (__data_source_size = (__data_source_end - __data_source))

.tbss           0x2000005c        0x0 load address 0x080056f4
                0x2000005c                        _sbss = .
                0x2000005c                        __bss_start__ = _sbss
 *(.tbss .tbss.*)
                0x2000005c                        . = ALIGN (0x4)
                [!provide]                        PROVIDE (__tbss_end = .)
                [!provide]                        PROVIDE (__tbss_start = ADDR (.tbss))
                [!provide]                        PROVIDE (__tbss_size = (__tbss_end - __tbss_start))
                [!provide]                        PROVIDE (__tbss_offset = (ADDR (.tbss) - ADDR (.tdata)))
                [!provide]                        PROVIDE (__tls_base = __tdata_start)
                [!provide]                        PROVIDE (__tls_end = __tbss_end)
                [!provide]                        PROVIDE (__tls_size = (__tls_end - __tls_base))
                [!provide]                        PROVIDE (__tls_align = MAX (ALIGNOF (.tdata), ALIGNOF (.tbss)))
                [!provide]                        PROVIDE (__tls_size_align = (((__tls_size + __tls_align) - 0x1) & ~ ((__tls_align - 0x1))))
                [!provide]                        PROVIDE (__arm32_tls_tcb_offset = MAX (0x8, __tls_align))
                [!provide]                        PROVIDE (__arm64_tls_tcb_offset = MAX (0x10, __tls_align))

.bss            0x2000005c      0x528 load address 0x080056f4
 *(.bss)
 *(.bss*)
 .bss.completed.1
                0x2000005c        0x1 D:/stm32/config/arm-gnu-toolchain-14.3/bin/../lib/gcc/arm-none-eabi/14.3.1/thumb/v6-m/nofp/crtbegin.o
 *fill*         0x2000005d        0x3 
 .bss.object.0  0x20000060       0x18 D:/stm32/config/arm-gnu-toolchain-14.3/bin/../lib/gcc/arm-none-eabi/14.3.1/thumb/v6-m/nofp/crtbegin.o
 .bss.uwTick    0x20000078        0x4 cmake/stm32cubemx/CMakeFiles/STM32_Drivers.dir/__/__/Drivers/STM32G0xx_HAL_Driver/Src/stm32g0xx_hal.c.obj
                0x20000078                uwTick
 .bss.hdma_adc1
                0x2000007c       0x5c CMakeFiles/Butterfly_v3.dir/Core/Src/adc.c.obj
                0x2000007c                hdma_adc1
 .bss.hadc1     0x200000d8       0x64 CMakeFiles/Butterfly_v3.dir/Core/Src/adc.c.obj
                0x200000d8                hadc1
 .bss.htim3     0x2000013c       0x4c CMakeFiles/Butterfly_v3.dir/Core/Src/tim.c.obj
                0x2000013c                htim3
 .bss.htim2     0x20000188       0x4c CMakeFiles/Butterfly_v3.dir/Core/Src/tim.c.obj
                0x20000188                htim2
 .bss.hdma_usart1_rx
                0x200001d4       0x5c CMakeFiles/Butterfly_v3.dir/Core/Src/usart.c.obj
                0x200001d4                hdma_usart1_rx
 .bss.huart1    0x20000230       0x94 CMakeFiles/Butterfly_v3.dir/Core/Src/usart.c.obj
                0x20000230                huart1
 .bss.htim17    0x200002c4       0x4c CMakeFiles/Butterfly_v3.dir/Core/Src/stm32g0xx_hal_timebase_tim.c.obj
                0x200002c4                htim17
 .bss.__sbrk_heap_end
                0x20000310        0x4 CMakeFiles/Butterfly_v3.dir/Core/Src/sysmem.c.obj
 .bss.a         0x20000314        0x2 CMakeFiles/Butterfly_v3.dir/application/butterfly.c.obj
 *fill*         0x20000316        0x2 
 .bss.angle_r   0x20000318        0x4 CMakeFiles/Butterfly_v3.dir/application/butterfly.c.obj
 .bss.angle_l   0x2000031c        0x4 CMakeFiles/Butterfly_v3.dir/application/butterfly.c.obj
 .bss.ptr_adc_value
                0x20000320        0x4 CMakeFiles/Butterfly_v3.dir/application/butterfly.c.obj
 .bss.rc_elrs   0x20000324        0x4 CMakeFiles/Butterfly_v3.dir/application/butterfly.c.obj
 .bss.feedforward_r
                0x20000328        0x4 CMakeFiles/Butterfly_v3.dir/application/butterfly.c.obj
                0x20000328                feedforward_r
 .bss.feedforward_l
                0x2000032c        0x4 CMakeFiles/Butterfly_v3.dir/application/butterfly.c.obj
                0x2000032c                feedforward_l
 .bss.motor_r   0x20000330        0x4 CMakeFiles/Butterfly_v3.dir/application/butterfly.c.obj
 .bss.motor_l   0x20000334        0x4 CMakeFiles/Butterfly_v3.dir/application/butterfly.c.obj
 .bss.butterfly_mode
                0x20000338        0x1 CMakeFiles/Butterfly_v3.dir/application/butterfly.c.obj
 *fill*         0x20000339        0x3 
 .bss.motor_instance
                0x2000033c       0x10 CMakeFiles/Butterfly_v3.dir/moudules/motor.c.obj
 .bss.idx       0x2000034c        0x1 CMakeFiles/Butterfly_v3.dir/moudules/motor.c.obj
 .bss.elrs_data_temp
                0x2000034d       0x24 CMakeFiles/Butterfly_v3.dir/moudules/elrs.c.obj
 *fill*         0x20000371        0x3 
 .bss.rc_uart_instance
                0x20000374        0x4 CMakeFiles/Butterfly_v3.dir/moudules/elrs.c.obj
 .bss.elrs_data
                0x20000378       0x4c CMakeFiles/Butterfly_v3.dir/moudules/elrs.c.obj
 .bss.freq      0x200003c4        0x2 CMakeFiles/Butterfly_v3.dir/moudules/daemon.c.obj
 .bss.idx       0x200003c6        0x1 CMakeFiles/Butterfly_v3.dir/moudules/daemon.c.obj
 *fill*         0x200003c7        0x1 
 .bss.daemon_instances
                0x200003c8       0x3c CMakeFiles/Butterfly_v3.dir/moudules/daemon.c.obj
 .bss.uart_rx_cnt
                0x20000404        0x4 CMakeFiles/Butterfly_v3.dir/bsp/bsp_uart.c.obj
                0x20000404                uart_rx_cnt
 .bss.idx       0x20000408        0x1 CMakeFiles/Butterfly_v3.dir/bsp/bsp_uart.c.obj
 *fill*         0x20000409        0x3 
 .bss.uart_instance
                0x2000040c        0x8 CMakeFiles/Butterfly_v3.dir/bsp/bsp_uart.c.obj
 .bss.adc_value
                0x20000414        0xc CMakeFiles/Butterfly_v3.dir/bsp/bsp_adc.c.obj
 .bss.locker.0  0x20000420        0x1 CMakeFiles/Butterfly_v3.dir/bsp/bsp_timer.c.obj
 *fill*         0x20000421        0x3 
 .bss.CNT_Overflow
                0x20000424        0x4 CMakeFiles/Butterfly_v3.dir/bsp/bsp_timer.c.obj
 .bss.CNT_TIM_Last
                0x20000428        0x4 CMakeFiles/Butterfly_v3.dir/bsp/bsp_timer.c.obj
 .bss.CPU_Freq_ms
                0x2000042c        0x4 CMakeFiles/Butterfly_v3.dir/bsp/bsp_timer.c.obj
 .bss.CPU_Freq_us
                0x20000430        0x4 CMakeFiles/Butterfly_v3.dir/bsp/bsp_timer.c.obj
 .bss.CPU_Freq_Hz
                0x20000434        0x4 CMakeFiles/Butterfly_v3.dir/bsp/bsp_timer.c.obj
 .bss.htim      0x20000438        0x4 CMakeFiles/Butterfly_v3.dir/bsp/bsp_timer.c.obj
 .bss.__malloc_sbrk_start
                0x2000043c        0x4 D:/stm32/config/arm-gnu-toolchain-14.3/bin/../lib/gcc/arm-none-eabi/14.3.1/../../../../arm-none-eabi/lib/thumb/v6-m/nofp\libg_nano.a(libc_a-mallocr.o)
                0x2000043c                __malloc_sbrk_start
 .bss.__malloc_free_list
                0x20000440        0x4 D:/stm32/config/arm-gnu-toolchain-14.3/bin/../lib/gcc/arm-none-eabi/14.3.1/../../../../arm-none-eabi/lib/thumb/v6-m/nofp\libg_nano.a(libc_a-mallocr.o)
                0x20000440                __malloc_free_list
 .bss.__sf      0x20000444      0x138 D:/stm32/config/arm-gnu-toolchain-14.3/bin/../lib/gcc/arm-none-eabi/14.3.1/../../../../arm-none-eabi/lib/thumb/v6-m/nofp\libg_nano.a(libc_a-findfp.o)
                0x20000444                __sf
 .bss.errno     0x2000057c        0x4 D:/stm32/config/arm-gnu-toolchain-14.3/bin/../lib/gcc/arm-none-eabi/14.3.1/../../../../arm-none-eabi/lib/thumb/v6-m/nofp\libg_nano.a(libc_a-reent.o)
                0x2000057c                errno
 .bss.__lock___malloc_recursive_mutex
                0x20000580        0x1 D:/stm32/config/arm-gnu-toolchain-14.3/bin/../lib/gcc/arm-none-eabi/14.3.1/../../../../arm-none-eabi/lib/thumb/v6-m/nofp\libg_nano.a(libc_a-lock.o)
                0x20000580                __lock___malloc_recursive_mutex
 *(COMMON)
                0x20000584                        . = ALIGN (0x4)
 *fill*         0x20000581        0x3 
                0x20000584                        _ebss = .
                0x20000584                        __bss_end__ = _ebss
                [!provide]                        PROVIDE (__bss_end = .)
                [!provide]                        PROVIDE (__non_tls_bss_start = ADDR (.bss))
                [!provide]                        PROVIDE (__bss_start = __tbss_start)
                [!provide]                        PROVIDE (__bss_size = (__bss_end - __bss_start))

._user_heap_stack
                0x20000584      0x604 load address 0x080056f4
                0x20000588                        . = ALIGN (0x8)
 *fill*         0x20000584        0x4 
                [!provide]                        PROVIDE (end = .)
                0x20000588                        PROVIDE (_end = .)
                0x20000788                        . = (. + _Min_Heap_Size)
 *fill*         0x20000588      0x200 
                0x20000b88                        . = (. + _Min_Stack_Size)
 *fill*         0x20000788      0x400 
                0x20000b88                        . = ALIGN (0x8)

/DISCARD/
 libc.a:*(*)
 libm.a:*(*)
 libgcc.a:*(*)
OUTPUT(Butterfly_v3.elf elf32-littlearm)
LOAD linker stubs

.ARM.attributes
                0x00000000       0x28
 .ARM.attributes
                0x00000000       0x1e D:/stm32/config/arm-gnu-toolchain-14.3/bin/../lib/gcc/arm-none-eabi/14.3.1/thumb/v6-m/nofp/crti.o
 .ARM.attributes
                0x0000001e       0x2c D:/stm32/config/arm-gnu-toolchain-14.3/bin/../lib/gcc/arm-none-eabi/14.3.1/thumb/v6-m/nofp/crtbegin.o
 .ARM.attributes
                0x0000004a       0x2c cmake/stm32cubemx/CMakeFiles/STM32_Drivers.dir/__/__/Core/Src/system_stm32g0xx.c.obj
 .ARM.attributes
                0x00000076       0x2c cmake/stm32cubemx/CMakeFiles/STM32_Drivers.dir/__/__/Drivers/STM32G0xx_HAL_Driver/Src/stm32g0xx_hal_tim.c.obj
 .ARM.attributes
                0x000000a2       0x2c cmake/stm32cubemx/CMakeFiles/STM32_Drivers.dir/__/__/Drivers/STM32G0xx_HAL_Driver/Src/stm32g0xx_hal_tim_ex.c.obj
 .ARM.attributes
                0x000000ce       0x2c cmake/stm32cubemx/CMakeFiles/STM32_Drivers.dir/__/__/Drivers/STM32G0xx_HAL_Driver/Src/stm32g0xx_hal_adc.c.obj
 .ARM.attributes
                0x000000fa       0x2c cmake/stm32cubemx/CMakeFiles/STM32_Drivers.dir/__/__/Drivers/STM32G0xx_HAL_Driver/Src/stm32g0xx_hal_adc_ex.c.obj
 .ARM.attributes
                0x00000126       0x2c cmake/stm32cubemx/CMakeFiles/STM32_Drivers.dir/__/__/Drivers/STM32G0xx_HAL_Driver/Src/stm32g0xx_hal_rcc.c.obj
 .ARM.attributes
                0x00000152       0x2c cmake/stm32cubemx/CMakeFiles/STM32_Drivers.dir/__/__/Drivers/STM32G0xx_HAL_Driver/Src/stm32g0xx_hal_rcc_ex.c.obj
 .ARM.attributes
                0x0000017e       0x2c cmake/stm32cubemx/CMakeFiles/STM32_Drivers.dir/__/__/Drivers/STM32G0xx_HAL_Driver/Src/stm32g0xx_hal_gpio.c.obj
 .ARM.attributes
                0x000001aa       0x2c cmake/stm32cubemx/CMakeFiles/STM32_Drivers.dir/__/__/Drivers/STM32G0xx_HAL_Driver/Src/stm32g0xx_hal_dma.c.obj
 .ARM.attributes
                0x000001d6       0x2c cmake/stm32cubemx/CMakeFiles/STM32_Drivers.dir/__/__/Drivers/STM32G0xx_HAL_Driver/Src/stm32g0xx_hal_pwr_ex.c.obj
 .ARM.attributes
                0x00000202       0x2c cmake/stm32cubemx/CMakeFiles/STM32_Drivers.dir/__/__/Drivers/STM32G0xx_HAL_Driver/Src/stm32g0xx_hal_cortex.c.obj
 .ARM.attributes
                0x0000022e       0x2c cmake/stm32cubemx/CMakeFiles/STM32_Drivers.dir/__/__/Drivers/STM32G0xx_HAL_Driver/Src/stm32g0xx_hal.c.obj
 .ARM.attributes
                0x0000025a       0x2c cmake/stm32cubemx/CMakeFiles/STM32_Drivers.dir/__/__/Drivers/STM32G0xx_HAL_Driver/Src/stm32g0xx_hal_uart.c.obj
 .ARM.attributes
                0x00000286       0x2c cmake/stm32cubemx/CMakeFiles/STM32_Drivers.dir/__/__/Drivers/STM32G0xx_HAL_Driver/Src/stm32g0xx_hal_uart_ex.c.obj
 .ARM.attributes
                0x000002b2       0x2c CMakeFiles/Butterfly_v3.dir/Core/Src/main.c.obj
 .ARM.attributes
                0x000002de       0x2c CMakeFiles/Butterfly_v3.dir/Core/Src/gpio.c.obj
 .ARM.attributes
                0x0000030a       0x2c CMakeFiles/Butterfly_v3.dir/Core/Src/adc.c.obj
 .ARM.attributes
                0x00000336       0x2c CMakeFiles/Butterfly_v3.dir/Core/Src/dma.c.obj
 .ARM.attributes
                0x00000362       0x2c CMakeFiles/Butterfly_v3.dir/Core/Src/tim.c.obj
 .ARM.attributes
                0x0000038e       0x2c CMakeFiles/Butterfly_v3.dir/Core/Src/usart.c.obj
 .ARM.attributes
                0x000003ba       0x2c CMakeFiles/Butterfly_v3.dir/Core/Src/stm32g0xx_it.c.obj
 .ARM.attributes
                0x000003e6       0x2c CMakeFiles/Butterfly_v3.dir/Core/Src/stm32g0xx_hal_msp.c.obj
 .ARM.attributes
                0x00000412       0x2c CMakeFiles/Butterfly_v3.dir/Core/Src/stm32g0xx_hal_timebase_tim.c.obj
 .ARM.attributes
                0x0000043e       0x2c CMakeFiles/Butterfly_v3.dir/Core/Src/sysmem.c.obj
 .ARM.attributes
                0x0000046a       0x22 CMakeFiles/Butterfly_v3.dir/startup_stm32g031xx.s.obj
 .ARM.attributes
                0x0000048c       0x2c CMakeFiles/Butterfly_v3.dir/application/butterfly.c.obj
 .ARM.attributes
                0x000004b8       0x2c CMakeFiles/Butterfly_v3.dir/moudules/motor.c.obj
 .ARM.attributes
                0x000004e4       0x2c CMakeFiles/Butterfly_v3.dir/moudules/pid.c.obj
 .ARM.attributes
                0x00000510       0x2c CMakeFiles/Butterfly_v3.dir/moudules/elrs.c.obj
 .ARM.attributes
                0x0000053c       0x2c CMakeFiles/Butterfly_v3.dir/moudules/daemon.c.obj
 .ARM.attributes
                0x00000568       0x2c CMakeFiles/Butterfly_v3.dir/bsp/bsp_uart.c.obj
 .ARM.attributes
                0x00000594       0x2c CMakeFiles/Butterfly_v3.dir/bsp/bsp_adc.c.obj
 .ARM.attributes
                0x000005c0       0x2c CMakeFiles/Butterfly_v3.dir/bsp/bsp_timer.c.obj
 .ARM.attributes
                0x000005ec       0x1e D:/stm32/config/arm-gnu-toolchain-14.3/bin/../lib/gcc/arm-none-eabi/14.3.1/thumb/v6-m/nofp\libgcc.a(_thumb1_case_uqi.o)
 .ARM.attributes
                0x0000060a       0x1e D:/stm32/config/arm-gnu-toolchain-14.3/bin/../lib/gcc/arm-none-eabi/14.3.1/thumb/v6-m/nofp\libgcc.a(_udivsi3.o)
 .ARM.attributes
                0x00000628       0x1e D:/stm32/config/arm-gnu-toolchain-14.3/bin/../lib/gcc/arm-none-eabi/14.3.1/thumb/v6-m/nofp\libgcc.a(_divsi3.o)
 .ARM.attributes
                0x00000646       0x1e D:/stm32/config/arm-gnu-toolchain-14.3/bin/../lib/gcc/arm-none-eabi/14.3.1/thumb/v6-m/nofp\libgcc.a(_dvmd_tls.o)
 .ARM.attributes
                0x00000664       0x1e D:/stm32/config/arm-gnu-toolchain-14.3/bin/../lib/gcc/arm-none-eabi/14.3.1/thumb/v6-m/nofp\libgcc.a(_arm_cmpsf2.o)
 .ARM.attributes
                0x00000682       0x1e D:/stm32/config/arm-gnu-toolchain-14.3/bin/../lib/gcc/arm-none-eabi/14.3.1/thumb/v6-m/nofp\libgcc.a(_aeabi_uldivmod.o)
 .ARM.attributes
                0x000006a0       0x2c D:/stm32/config/arm-gnu-toolchain-14.3/bin/../lib/gcc/arm-none-eabi/14.3.1/thumb/v6-m/nofp\libgcc.a(_udivmoddi4.o)
 .ARM.attributes
                0x000006cc       0x2c D:/stm32/config/arm-gnu-toolchain-14.3/bin/../lib/gcc/arm-none-eabi/14.3.1/thumb/v6-m/nofp\libgcc.a(addsf3.o)
 .ARM.attributes
                0x000006f8       0x2c D:/stm32/config/arm-gnu-toolchain-14.3/bin/../lib/gcc/arm-none-eabi/14.3.1/thumb/v6-m/nofp\libgcc.a(divsf3.o)
 .ARM.attributes
                0x00000724       0x2c D:/stm32/config/arm-gnu-toolchain-14.3/bin/../lib/gcc/arm-none-eabi/14.3.1/thumb/v6-m/nofp\libgcc.a(eqsf2.o)
 .ARM.attributes
                0x00000750       0x2c D:/stm32/config/arm-gnu-toolchain-14.3/bin/../lib/gcc/arm-none-eabi/14.3.1/thumb/v6-m/nofp\libgcc.a(gesf2.o)
 .ARM.attributes
                0x0000077c       0x2c D:/stm32/config/arm-gnu-toolchain-14.3/bin/../lib/gcc/arm-none-eabi/14.3.1/thumb/v6-m/nofp\libgcc.a(lesf2.o)
 .ARM.attributes
                0x000007a8       0x2c D:/stm32/config/arm-gnu-toolchain-14.3/bin/../lib/gcc/arm-none-eabi/14.3.1/thumb/v6-m/nofp\libgcc.a(mulsf3.o)
 .ARM.attributes
                0x000007d4       0x2c D:/stm32/config/arm-gnu-toolchain-14.3/bin/../lib/gcc/arm-none-eabi/14.3.1/thumb/v6-m/nofp\libgcc.a(subsf3.o)
 .ARM.attributes
                0x00000800       0x2c D:/stm32/config/arm-gnu-toolchain-14.3/bin/../lib/gcc/arm-none-eabi/14.3.1/thumb/v6-m/nofp\libgcc.a(fixsfsi.o)
 .ARM.attributes
                0x0000082c       0x2c D:/stm32/config/arm-gnu-toolchain-14.3/bin/../lib/gcc/arm-none-eabi/14.3.1/thumb/v6-m/nofp\libgcc.a(floatunsisf.o)
 .ARM.attributes
                0x00000858       0x1e D:/stm32/config/arm-gnu-toolchain-14.3/bin/../lib/gcc/arm-none-eabi/14.3.1/thumb/v6-m/nofp\libgcc.a(_clzsi2.o)
 .ARM.attributes
                0x00000876       0x1e D:/stm32/config/arm-gnu-toolchain-14.3/bin/../lib/gcc/arm-none-eabi/14.3.1/thumb/v6-m/nofp\libgcc.a(_clzdi2.o)
 .ARM.attributes
                0x00000894       0x2c D:/stm32/config/arm-gnu-toolchain-14.3/bin/../lib/gcc/arm-none-eabi/14.3.1/../../../../arm-none-eabi/lib/thumb/v6-m/nofp\libg_nano.a(libc_a-malloc.o)
 .ARM.attributes
                0x000008c0       0x2c D:/stm32/config/arm-gnu-toolchain-14.3/bin/../lib/gcc/arm-none-eabi/14.3.1/../../../../arm-none-eabi/lib/thumb/v6-m/nofp\libg_nano.a(libc_a-mallocr.o)
 .ARM.attributes
                0x000008ec       0x2c D:/stm32/config/arm-gnu-toolchain-14.3/bin/../lib/gcc/arm-none-eabi/14.3.1/../../../../arm-none-eabi/lib/thumb/v6-m/nofp\libg_nano.a(libc_a-mlock.o)
 .ARM.attributes
                0x00000918       0x2c D:/stm32/config/arm-gnu-toolchain-14.3/bin/../lib/gcc/arm-none-eabi/14.3.1/../../../../arm-none-eabi/lib/thumb/v6-m/nofp\libg_nano.a(libc_a-findfp.o)
 .ARM.attributes
                0x00000944       0x2c D:/stm32/config/arm-gnu-toolchain-14.3/bin/../lib/gcc/arm-none-eabi/14.3.1/../../../../arm-none-eabi/lib/thumb/v6-m/nofp\libg_nano.a(libc_a-memset.o)
 .ARM.attributes
                0x00000970       0x2c D:/stm32/config/arm-gnu-toolchain-14.3/bin/../lib/gcc/arm-none-eabi/14.3.1/../../../../arm-none-eabi/lib/thumb/v6-m/nofp\libg_nano.a(libc_a-reent.o)
 .ARM.attributes
                0x0000099c       0x2c D:/stm32/config/arm-gnu-toolchain-14.3/bin/../lib/gcc/arm-none-eabi/14.3.1/../../../../arm-none-eabi/lib/thumb/v6-m/nofp\libg_nano.a(libc_a-impure.o)
 .ARM.attributes
                0x000009c8       0x2c D:/stm32/config/arm-gnu-toolchain-14.3/bin/../lib/gcc/arm-none-eabi/14.3.1/../../../../arm-none-eabi/lib/thumb/v6-m/nofp\libg_nano.a(libc_a-sbrkr.o)
 .ARM.attributes
                0x000009f4       0x2c D:/stm32/config/arm-gnu-toolchain-14.3/bin/../lib/gcc/arm-none-eabi/14.3.1/../../../../arm-none-eabi/lib/thumb/v6-m/nofp\libg_nano.a(libc_a-errno.o)
 .ARM.attributes
                0x00000a20       0x2c D:/stm32/config/arm-gnu-toolchain-14.3/bin/../lib/gcc/arm-none-eabi/14.3.1/../../../../arm-none-eabi/lib/thumb/v6-m/nofp\libg_nano.a(libc_a-init.o)
 .ARM.attributes
                0x00000a4c       0x2c D:/stm32/config/arm-gnu-toolchain-14.3/bin/../lib/gcc/arm-none-eabi/14.3.1/../../../../arm-none-eabi/lib/thumb/v6-m/nofp\libg_nano.a(libc_a-lock.o)
 .ARM.attributes
                0x00000a78       0x2c D:/stm32/config/arm-gnu-toolchain-14.3/bin/../lib/gcc/arm-none-eabi/14.3.1/../../../../arm-none-eabi/lib/thumb/v6-m/nofp\libg_nano.a(libc_a-memcpy-stub.o)
 .ARM.attributes
                0x00000aa4       0x2c D:/stm32/config/arm-gnu-toolchain-14.3/bin/../lib/gcc/arm-none-eabi/14.3.1/thumb/v6-m/nofp/crtend.o
 .ARM.attributes
                0x00000ad0       0x1e D:/stm32/config/arm-gnu-toolchain-14.3/bin/../lib/gcc/arm-none-eabi/14.3.1/thumb/v6-m/nofp/crtn.o

.comment        0x00000000       0x46
 .comment       0x00000000       0x46 cmake/stm32cubemx/CMakeFiles/STM32_Drivers.dir/__/__/Core/Src/system_stm32g0xx.c.obj
                                 0x47 (size before relaxing)
 .comment       0x00000046       0x47 cmake/stm32cubemx/CMakeFiles/STM32_Drivers.dir/__/__/Drivers/STM32G0xx_HAL_Driver/Src/stm32g0xx_hal_tim.c.obj
 .comment       0x00000046       0x47 cmake/stm32cubemx/CMakeFiles/STM32_Drivers.dir/__/__/Drivers/STM32G0xx_HAL_Driver/Src/stm32g0xx_hal_tim_ex.c.obj
 .comment       0x00000046       0x47 cmake/stm32cubemx/CMakeFiles/STM32_Drivers.dir/__/__/Drivers/STM32G0xx_HAL_Driver/Src/stm32g0xx_hal_adc.c.obj
 .comment       0x00000046       0x47 cmake/stm32cubemx/CMakeFiles/STM32_Drivers.dir/__/__/Drivers/STM32G0xx_HAL_Driver/Src/stm32g0xx_hal_adc_ex.c.obj
 .comment       0x00000046       0x47 cmake/stm32cubemx/CMakeFiles/STM32_Drivers.dir/__/__/Drivers/STM32G0xx_HAL_Driver/Src/stm32g0xx_hal_rcc.c.obj
 .comment       0x00000046       0x47 cmake/stm32cubemx/CMakeFiles/STM32_Drivers.dir/__/__/Drivers/STM32G0xx_HAL_Driver/Src/stm32g0xx_hal_rcc_ex.c.obj
 .comment       0x00000046       0x47 cmake/stm32cubemx/CMakeFiles/STM32_Drivers.dir/__/__/Drivers/STM32G0xx_HAL_Driver/Src/stm32g0xx_hal_gpio.c.obj
 .comment       0x00000046       0x47 cmake/stm32cubemx/CMakeFiles/STM32_Drivers.dir/__/__/Drivers/STM32G0xx_HAL_Driver/Src/stm32g0xx_hal_dma.c.obj
 .comment       0x00000046       0x47 cmake/stm32cubemx/CMakeFiles/STM32_Drivers.dir/__/__/Drivers/STM32G0xx_HAL_Driver/Src/stm32g0xx_hal_pwr_ex.c.obj
 .comment       0x00000046       0x47 cmake/stm32cubemx/CMakeFiles/STM32_Drivers.dir/__/__/Drivers/STM32G0xx_HAL_Driver/Src/stm32g0xx_hal_cortex.c.obj
 .comment       0x00000046       0x47 cmake/stm32cubemx/CMakeFiles/STM32_Drivers.dir/__/__/Drivers/STM32G0xx_HAL_Driver/Src/stm32g0xx_hal.c.obj
 .comment       0x00000046       0x47 cmake/stm32cubemx/CMakeFiles/STM32_Drivers.dir/__/__/Drivers/STM32G0xx_HAL_Driver/Src/stm32g0xx_hal_uart.c.obj
 .comment       0x00000046       0x47 cmake/stm32cubemx/CMakeFiles/STM32_Drivers.dir/__/__/Drivers/STM32G0xx_HAL_Driver/Src/stm32g0xx_hal_uart_ex.c.obj
 .comment       0x00000046       0x47 CMakeFiles/Butterfly_v3.dir/Core/Src/main.c.obj
 .comment       0x00000046       0x47 CMakeFiles/Butterfly_v3.dir/Core/Src/gpio.c.obj
 .comment       0x00000046       0x47 CMakeFiles/Butterfly_v3.dir/Core/Src/adc.c.obj
 .comment       0x00000046       0x47 CMakeFiles/Butterfly_v3.dir/Core/Src/dma.c.obj
 .comment       0x00000046       0x47 CMakeFiles/Butterfly_v3.dir/Core/Src/tim.c.obj
 .comment       0x00000046       0x47 CMakeFiles/Butterfly_v3.dir/Core/Src/usart.c.obj
 .comment       0x00000046       0x47 CMakeFiles/Butterfly_v3.dir/Core/Src/stm32g0xx_it.c.obj
 .comment       0x00000046       0x47 CMakeFiles/Butterfly_v3.dir/Core/Src/stm32g0xx_hal_msp.c.obj
 .comment       0x00000046       0x47 CMakeFiles/Butterfly_v3.dir/Core/Src/stm32g0xx_hal_timebase_tim.c.obj
 .comment       0x00000046       0x47 CMakeFiles/Butterfly_v3.dir/Core/Src/sysmem.c.obj
 .comment       0x00000046       0x47 CMakeFiles/Butterfly_v3.dir/application/butterfly.c.obj
 .comment       0x00000046       0x47 CMakeFiles/Butterfly_v3.dir/moudules/motor.c.obj
 .comment       0x00000046       0x47 CMakeFiles/Butterfly_v3.dir/moudules/pid.c.obj
 .comment       0x00000046       0x47 CMakeFiles/Butterfly_v3.dir/moudules/elrs.c.obj
 .comment       0x00000046       0x47 CMakeFiles/Butterfly_v3.dir/moudules/daemon.c.obj
 .comment       0x00000046       0x47 CMakeFiles/Butterfly_v3.dir/bsp/bsp_uart.c.obj
 .comment       0x00000046       0x47 CMakeFiles/Butterfly_v3.dir/bsp/bsp_adc.c.obj
 .comment       0x00000046       0x47 CMakeFiles/Butterfly_v3.dir/bsp/bsp_timer.c.obj

.debug_line_str
                0x00000000       0xd5
 .debug_line_str
                0x00000000       0xd5 D:/stm32/config/arm-gnu-toolchain-14.3/bin/../lib/gcc/arm-none-eabi/14.3.1/thumb/v6-m/nofp\libgcc.a(_thumb1_case_uqi.o)
                                 0xc9 (size before relaxing)
 .debug_line_str
                0x000000d5       0xc9 D:/stm32/config/arm-gnu-toolchain-14.3/bin/../lib/gcc/arm-none-eabi/14.3.1/thumb/v6-m/nofp\libgcc.a(_udivsi3.o)
 .debug_line_str
                0x000000d5       0xc9 D:/stm32/config/arm-gnu-toolchain-14.3/bin/../lib/gcc/arm-none-eabi/14.3.1/thumb/v6-m/nofp\libgcc.a(_divsi3.o)
 .debug_line_str
                0x000000d5       0xc9 D:/stm32/config/arm-gnu-toolchain-14.3/bin/../lib/gcc/arm-none-eabi/14.3.1/thumb/v6-m/nofp\libgcc.a(_dvmd_tls.o)
 .debug_line_str
                0x000000d5       0xc9 D:/stm32/config/arm-gnu-toolchain-14.3/bin/../lib/gcc/arm-none-eabi/14.3.1/thumb/v6-m/nofp\libgcc.a(_arm_cmpsf2.o)
 .debug_line_str
                0x000000d5       0xc9 D:/stm32/config/arm-gnu-toolchain-14.3/bin/../lib/gcc/arm-none-eabi/14.3.1/thumb/v6-m/nofp\libgcc.a(_aeabi_uldivmod.o)
 .debug_line_str
                0x000000d5       0xc9 D:/stm32/config/arm-gnu-toolchain-14.3/bin/../lib/gcc/arm-none-eabi/14.3.1/thumb/v6-m/nofp\libgcc.a(_clzsi2.o)
 .debug_line_str
                0x000000d5       0xc9 D:/stm32/config/arm-gnu-toolchain-14.3/bin/../lib/gcc/arm-none-eabi/14.3.1/thumb/v6-m/nofp\libgcc.a(_clzdi2.o)

.debug_frame    0x00000000      0x5cc
 .debug_frame   0x00000000       0x20 D:/stm32/config/arm-gnu-toolchain-14.3/bin/../lib/gcc/arm-none-eabi/14.3.1/thumb/v6-m/nofp\libgcc.a(_udivsi3.o)
 .debug_frame   0x00000020       0x20 D:/stm32/config/arm-gnu-toolchain-14.3/bin/../lib/gcc/arm-none-eabi/14.3.1/thumb/v6-m/nofp\libgcc.a(_divsi3.o)
 .debug_frame   0x00000040       0x3c D:/stm32/config/arm-gnu-toolchain-14.3/bin/../lib/gcc/arm-none-eabi/14.3.1/thumb/v6-m/nofp\libgcc.a(_udivmoddi4.o)
 .debug_frame   0x0000007c       0x38 D:/stm32/config/arm-gnu-toolchain-14.3/bin/../lib/gcc/arm-none-eabi/14.3.1/thumb/v6-m/nofp\libgcc.a(addsf3.o)
 .debug_frame   0x000000b4       0x38 D:/stm32/config/arm-gnu-toolchain-14.3/bin/../lib/gcc/arm-none-eabi/14.3.1/thumb/v6-m/nofp\libgcc.a(divsf3.o)
 .debug_frame   0x000000ec       0x2c D:/stm32/config/arm-gnu-toolchain-14.3/bin/../lib/gcc/arm-none-eabi/14.3.1/thumb/v6-m/nofp\libgcc.a(eqsf2.o)
 .debug_frame   0x00000118       0x2c D:/stm32/config/arm-gnu-toolchain-14.3/bin/../lib/gcc/arm-none-eabi/14.3.1/thumb/v6-m/nofp\libgcc.a(gesf2.o)
 .debug_frame   0x00000144       0x2c D:/stm32/config/arm-gnu-toolchain-14.3/bin/../lib/gcc/arm-none-eabi/14.3.1/thumb/v6-m/nofp\libgcc.a(lesf2.o)
 .debug_frame   0x00000170       0x38 D:/stm32/config/arm-gnu-toolchain-14.3/bin/../lib/gcc/arm-none-eabi/14.3.1/thumb/v6-m/nofp\libgcc.a(mulsf3.o)
 .debug_frame   0x000001a8       0x38 D:/stm32/config/arm-gnu-toolchain-14.3/bin/../lib/gcc/arm-none-eabi/14.3.1/thumb/v6-m/nofp\libgcc.a(subsf3.o)
 .debug_frame   0x000001e0       0x20 D:/stm32/config/arm-gnu-toolchain-14.3/bin/../lib/gcc/arm-none-eabi/14.3.1/thumb/v6-m/nofp\libgcc.a(fixsfsi.o)
 .debug_frame   0x00000200       0x28 D:/stm32/config/arm-gnu-toolchain-14.3/bin/../lib/gcc/arm-none-eabi/14.3.1/thumb/v6-m/nofp\libgcc.a(floatunsisf.o)
 .debug_frame   0x00000228       0x40 D:/stm32/config/arm-gnu-toolchain-14.3/bin/../lib/gcc/arm-none-eabi/14.3.1/../../../../arm-none-eabi/lib/thumb/v6-m/nofp\libg_nano.a(libc_a-malloc.o)
 .debug_frame   0x00000268       0x50 D:/stm32/config/arm-gnu-toolchain-14.3/bin/../lib/gcc/arm-none-eabi/14.3.1/../../../../arm-none-eabi/lib/thumb/v6-m/nofp\libg_nano.a(libc_a-mallocr.o)
 .debug_frame   0x000002b8       0x40 D:/stm32/config/arm-gnu-toolchain-14.3/bin/../lib/gcc/arm-none-eabi/14.3.1/../../../../arm-none-eabi/lib/thumb/v6-m/nofp\libg_nano.a(libc_a-mlock.o)
 .debug_frame   0x000002f8      0x138 D:/stm32/config/arm-gnu-toolchain-14.3/bin/../lib/gcc/arm-none-eabi/14.3.1/../../../../arm-none-eabi/lib/thumb/v6-m/nofp\libg_nano.a(libc_a-findfp.o)
 .debug_frame   0x00000430       0x20 D:/stm32/config/arm-gnu-toolchain-14.3/bin/../lib/gcc/arm-none-eabi/14.3.1/../../../../arm-none-eabi/lib/thumb/v6-m/nofp\libg_nano.a(libc_a-memset.o)
 .debug_frame   0x00000450       0x2c D:/stm32/config/arm-gnu-toolchain-14.3/bin/../lib/gcc/arm-none-eabi/14.3.1/../../../../arm-none-eabi/lib/thumb/v6-m/nofp\libg_nano.a(libc_a-reent.o)
 .debug_frame   0x0000047c       0x2c D:/stm32/config/arm-gnu-toolchain-14.3/bin/../lib/gcc/arm-none-eabi/14.3.1/../../../../arm-none-eabi/lib/thumb/v6-m/nofp\libg_nano.a(libc_a-sbrkr.o)
 .debug_frame   0x000004a8       0x20 D:/stm32/config/arm-gnu-toolchain-14.3/bin/../lib/gcc/arm-none-eabi/14.3.1/../../../../arm-none-eabi/lib/thumb/v6-m/nofp\libg_nano.a(libc_a-errno.o)
 .debug_frame   0x000004c8       0x2c D:/stm32/config/arm-gnu-toolchain-14.3/bin/../lib/gcc/arm-none-eabi/14.3.1/../../../../arm-none-eabi/lib/thumb/v6-m/nofp\libg_nano.a(libc_a-init.o)
 .debug_frame   0x000004f4       0xb0 D:/stm32/config/arm-gnu-toolchain-14.3/bin/../lib/gcc/arm-none-eabi/14.3.1/../../../../arm-none-eabi/lib/thumb/v6-m/nofp\libg_nano.a(libc_a-lock.o)
 .debug_frame   0x000005a4       0x28 D:/stm32/config/arm-gnu-toolchain-14.3/bin/../lib/gcc/arm-none-eabi/14.3.1/../../../../arm-none-eabi/lib/thumb/v6-m/nofp\libg_nano.a(libc_a-memcpy-stub.o)
